Archive member included to satisfy reference by file (symbol)

/usr/lib/gcc/arm-none-eabi/10.3.1/../../../arm-none-eabi/lib/thumb/v7e-m+fp/hard/libc_nano.a(lib_a-atexit.o)
                              /usr/lib/gcc/arm-none-eabi/10.3.1/../../../arm-none-eabi/lib/thumb/v7e-m+fp/hard/crt0.o (atexit)
/usr/lib/gcc/arm-none-eabi/10.3.1/../../../arm-none-eabi/lib/thumb/v7e-m+fp/hard/libc_nano.a(lib_a-exit.o)
                              /usr/lib/gcc/arm-none-eabi/10.3.1/../../../arm-none-eabi/lib/thumb/v7e-m+fp/hard/crt0.o (exit)
/usr/lib/gcc/arm-none-eabi/10.3.1/../../../arm-none-eabi/lib/thumb/v7e-m+fp/hard/libc_nano.a(lib_a-fini.o)
                              /usr/lib/gcc/arm-none-eabi/10.3.1/../../../arm-none-eabi/lib/thumb/v7e-m+fp/hard/crt0.o (__libc_fini_array)
/usr/lib/gcc/arm-none-eabi/10.3.1/../../../arm-none-eabi/lib/thumb/v7e-m+fp/hard/libc_nano.a(lib_a-impure.o)
                              /usr/lib/gcc/arm-none-eabi/10.3.1/../../../arm-none-eabi/lib/thumb/v7e-m+fp/hard/libc_nano.a(lib_a-exit.o) (_global_impure_ptr)
/usr/lib/gcc/arm-none-eabi/10.3.1/../../../arm-none-eabi/lib/thumb/v7e-m+fp/hard/libc_nano.a(lib_a-init.o)
                              /usr/lib/gcc/arm-none-eabi/10.3.1/../../../arm-none-eabi/lib/thumb/v7e-m+fp/hard/crt0.o (__libc_init_array)
/usr/lib/gcc/arm-none-eabi/10.3.1/../../../arm-none-eabi/lib/thumb/v7e-m+fp/hard/libc_nano.a(lib_a-memset.o)
                              /usr/lib/gcc/arm-none-eabi/10.3.1/../../../arm-none-eabi/lib/thumb/v7e-m+fp/hard/crt0.o (memset)
/usr/lib/gcc/arm-none-eabi/10.3.1/../../../arm-none-eabi/lib/thumb/v7e-m+fp/hard/libc_nano.a(lib_a-__atexit.o)
                              /usr/lib/gcc/arm-none-eabi/10.3.1/../../../arm-none-eabi/lib/thumb/v7e-m+fp/hard/libc_nano.a(lib_a-atexit.o) (__register_exitproc)
/usr/lib/gcc/arm-none-eabi/10.3.1/../../../arm-none-eabi/lib/thumb/v7e-m+fp/hard/libc_nano.a(lib_a-__call_atexit.o)
                              /usr/lib/gcc/arm-none-eabi/10.3.1/../../../arm-none-eabi/lib/thumb/v7e-m+fp/hard/libc_nano.a(lib_a-__atexit.o) (__call_exitprocs)
/usr/lib/gcc/arm-none-eabi/10.3.1/thumb/v7e-m+fp/hard/libgcc.a(_aeabi_uldivmod.o)
                              CMakeFiles/blackpill_v5.dir/Drivers/STM32F4xx_HAL_Driver/Src/stm32f4xx_hal_rcc.c.obj (__aeabi_uldivmod)
/usr/lib/gcc/arm-none-eabi/10.3.1/thumb/v7e-m+fp/hard/libgcc.a(_udivmoddi4.o)
                              /usr/lib/gcc/arm-none-eabi/10.3.1/thumb/v7e-m+fp/hard/libgcc.a(_aeabi_uldivmod.o) (__udivmoddi4)
/usr/lib/gcc/arm-none-eabi/10.3.1/thumb/v7e-m+fp/hard/libgcc.a(_dvmd_tls.o)
                              /usr/lib/gcc/arm-none-eabi/10.3.1/thumb/v7e-m+fp/hard/libgcc.a(_aeabi_uldivmod.o) (__aeabi_ldiv0)
/usr/lib/gcc/arm-none-eabi/10.3.1/../../../arm-none-eabi/lib/thumb/v7e-m+fp/hard/libg_nano.a(lib_a-errno.o)
                              CMakeFiles/blackpill_v5.dir/Core/Src/sysmem.c.obj (__errno)
/usr/lib/gcc/arm-none-eabi/10.3.1/../../../arm-none-eabi/lib/thumb/v7e-m+fp/hard/libg_nano.a(lib_a-sprintf.o)
                              CMakeFiles/blackpill_v5.dir/Core/Src/main.c.obj (sprintf)
/usr/lib/gcc/arm-none-eabi/10.3.1/../../../arm-none-eabi/lib/thumb/v7e-m+fp/hard/libg_nano.a(lib_a-strlen.o)
                              CMakeFiles/blackpill_v5.dir/Core/Src/main.c.obj (strlen)
/usr/lib/gcc/arm-none-eabi/10.3.1/../../../arm-none-eabi/lib/thumb/v7e-m+fp/hard/libg_nano.a(lib_a-nano-svfprintf.o)
                              /usr/lib/gcc/arm-none-eabi/10.3.1/../../../arm-none-eabi/lib/thumb/v7e-m+fp/hard/libg_nano.a(lib_a-sprintf.o) (_svfprintf_r)
/usr/lib/gcc/arm-none-eabi/10.3.1/../../../arm-none-eabi/lib/thumb/v7e-m+fp/hard/libg_nano.a(lib_a-nano-vfprintf_i.o)
                              /usr/lib/gcc/arm-none-eabi/10.3.1/../../../arm-none-eabi/lib/thumb/v7e-m+fp/hard/libg_nano.a(lib_a-nano-svfprintf.o) (_printf_i)
/usr/lib/gcc/arm-none-eabi/10.3.1/../../../arm-none-eabi/lib/thumb/v7e-m+fp/hard/libg_nano.a(lib_a-memchr.o)
                              /usr/lib/gcc/arm-none-eabi/10.3.1/../../../arm-none-eabi/lib/thumb/v7e-m+fp/hard/libg_nano.a(lib_a-nano-svfprintf.o) (memchr)
/usr/lib/gcc/arm-none-eabi/10.3.1/../../../arm-none-eabi/lib/thumb/v7e-m+fp/hard/libg_nano.a(lib_a-memcpy.o)
                              /usr/lib/gcc/arm-none-eabi/10.3.1/../../../arm-none-eabi/lib/thumb/v7e-m+fp/hard/libg_nano.a(lib_a-nano-svfprintf.o) (memcpy)
/usr/lib/gcc/arm-none-eabi/10.3.1/../../../arm-none-eabi/lib/thumb/v7e-m+fp/hard/libg_nano.a(lib_a-memmove.o)
                              /usr/lib/gcc/arm-none-eabi/10.3.1/../../../arm-none-eabi/lib/thumb/v7e-m+fp/hard/libg_nano.a(lib_a-nano-svfprintf.o) (memmove)
/usr/lib/gcc/arm-none-eabi/10.3.1/../../../arm-none-eabi/lib/thumb/v7e-m+fp/hard/libg_nano.a(lib_a-nano-freer.o)
                              /usr/lib/gcc/arm-none-eabi/10.3.1/../../../arm-none-eabi/lib/thumb/v7e-m+fp/hard/libg_nano.a(lib_a-nano-svfprintf.o) (_free_r)
[...]
Memory Configuration

Name             Origin             Length             Attributes
RAM              0x0000000020000000 0x0000000000020000 xrw
FLASH            0x0000000008000000 0x0000000000080000 xr
*default*        0x0000000000000000 0xffffffffffffffff

Linker script and memory map

LOAD /usr/lib/gcc/arm-none-eabi/10.3.1/thumb/v7e-m+fp/hard/crti.o
LOAD /usr/lib/gcc/arm-none-eabi/10.3.1/thumb/v7e-m+fp/hard/crtbegin.o
LOAD /usr/lib/gcc/arm-none-eabi/10.3.1/../../../arm-none-eabi/lib/thumb/v7e-m+fp/hard/crt0.o
START GROUP
LOAD /usr/lib/gcc/arm-none-eabi/10.3.1/../../../arm-none-eabi/lib/thumb/v7e-m+fp/hard/libc_nano.a
LOAD /usr/lib/gcc/arm-none-eabi/10.3.1/../../../arm-none-eabi/lib/thumb/v7e-m+fp/hard/libm.a
END GROUP
LOAD CMakeFiles/blackpill_v5.dir/Core/Src/main.c.obj
LOAD CMakeFiles/blackpill_v5.dir/Core/Src/gpio.c.obj
LOAD CMakeFiles/blackpill_v5.dir/Core/Src/i2c.c.obj
LOAD CMakeFiles/blackpill_v5.dir/Core/Src/stm32f4xx_it.c.obj
LOAD CMakeFiles/blackpill_v5.dir/Core/Src/stm32f4xx_hal_msp.c.obj
LOAD CMakeFiles/blackpill_v5.dir/USB_DEVICE/App/usb_device.c.obj
LOAD CMakeFiles/blackpill_v5.dir/USB_DEVICE/App/usbd_desc.c.obj
LOAD CMakeFiles/blackpill_v5.dir/USB_DEVICE/App/usbd_cdc_if.c.obj
LOAD CMakeFiles/blackpill_v5.dir/USB_DEVICE/Target/usbd_conf.c.obj
LOAD CMakeFiles/blackpill_v5.dir/Drivers/STM32F4xx_HAL_Driver/Src/stm32f4xx_hal_pcd.c.obj
LOAD CMakeFiles/blackpill_v5.dir/Drivers/STM32F4xx_HAL_Driver/Src/stm32f4xx_hal_pcd_ex.c.obj
LOAD CMakeFiles/blackpill_v5.dir/Drivers/STM32F4xx_HAL_Driver/Src/stm32f4xx_ll_usb.c.obj
LOAD CMakeFiles/blackpill_v5.dir/Drivers/STM32F4xx_HAL_Driver/Src/stm32f4xx_hal_rcc.c.obj
LOAD CMakeFiles/blackpill_v5.dir/Drivers/STM32F4xx_HAL_Driver/Src/stm32f4xx_hal_rcc_ex.c.obj
LOAD CMakeFiles/blackpill_v5.dir/Drivers/STM32F4xx_HAL_Driver/Src/stm32f4xx_hal_flash.c.obj
LOAD CMakeFiles/blackpill_v5.dir/Drivers/STM32F4xx_HAL_Driver/Src/stm32f4xx_hal_flash_ex.c.obj
LOAD CMakeFiles/blackpill_v5.dir/Drivers/STM32F4xx_HAL_Driver/Src/stm32f4xx_hal_flash_ramfunc.c.obj
LOAD CMakeFiles/blackpill_v5.dir/Drivers/STM32F4xx_HAL_Driver/Src/stm32f4xx_hal_gpio.c.obj
LOAD CMakeFiles/blackpill_v5.dir/Drivers/STM32F4xx_HAL_Driver/Src/stm32f4xx_hal_dma_ex.c.obj
LOAD CMakeFiles/blackpill_v5.dir/Drivers/STM32F4xx_HAL_Driver/Src/stm32f4xx_hal_dma.c.obj
LOAD CMakeFiles/blackpill_v5.dir/Drivers/STM32F4xx_HAL_Driver/Src/stm32f4xx_hal_pwr.c.obj
LOAD CMakeFiles/blackpill_v5.dir/Drivers/STM32F4xx_HAL_Driver/Src/stm32f4xx_hal_pwr_ex.c.obj
LOAD CMakeFiles/blackpill_v5.dir/Drivers/STM32F4xx_HAL_Driver/Src/stm32f4xx_hal_cortex.c.obj
LOAD CMakeFiles/blackpill_v5.dir/Drivers/STM32F4xx_HAL_Driver/Src/stm32f4xx_hal.c.obj
LOAD CMakeFiles/blackpill_v5.dir/Drivers/STM32F4xx_HAL_Driver/Src/stm32f4xx_hal_exti.c.obj
LOAD CMakeFiles/blackpill_v5.dir/Drivers/STM32F4xx_HAL_Driver/Src/stm32f4xx_hal_i2c.c.obj
LOAD CMakeFiles/blackpill_v5.dir/Drivers/STM32F4xx_HAL_Driver/Src/stm32f4xx_hal_i2c_ex.c.obj
LOAD CMakeFiles/blackpill_v5.dir/Drivers/STM32F4xx_HAL_Driver/Src/stm32f4xx_hal_tim.c.obj
LOAD CMakeFiles/blackpill_v5.dir/Drivers/STM32F4xx_HAL_Driver/Src/stm32f4xx_hal_tim_ex.c.obj
LOAD CMakeFiles/blackpill_v5.dir/Core/Src/system_stm32f4xx.c.obj
LOAD CMakeFiles/blackpill_v5.dir/Middlewares/ST/STM32_USB_Device_Library/Core/Src/usbd_core.c.obj
LOAD CMakeFiles/blackpill_v5.dir/Middlewares/ST/STM32_USB_Device_Library/Core/Src/usbd_ctlreq.c.obj
LOAD CMakeFiles/blackpill_v5.dir/Middlewares/ST/STM32_USB_Device_Library/Core/Src/usbd_ioreq.c.obj
LOAD CMakeFiles/blackpill_v5.dir/Middlewares/ST/STM32_USB_Device_Library/Class/CDC/Src/usbd_cdc.c.obj
LOAD CMakeFiles/blackpill_v5.dir/Core/Src/sysmem.c.obj
LOAD CMakeFiles/blackpill_v5.dir/Core/Src/syscalls.c.obj
LOAD CMakeFiles/blackpill_v5.dir/startup_stm32f411xe.s.obj
START GROUP
LOAD /usr/lib/gcc/arm-none-eabi/10.3.1/thumb/v7e-m+fp/hard/libgcc.a
LOAD /usr/lib/gcc/arm-none-eabi/10.3.1/../../../arm-none-eabi/lib/thumb/v7e-m+fp/hard/libg_nano.a
LOAD /usr/lib/gcc/arm-none-eabi/10.3.1/../../../arm-none-eabi/lib/thumb/v7e-m+fp/hard/libc_nano.a
END GROUP
START GROUP
LOAD /usr/lib/gcc/arm-none-eabi/10.3.1/thumb/v7e-m+fp/hard/libgcc.a
LOAD /usr/lib/gcc/arm-none-eabi/10.3.1/../../../arm-none-eabi/lib/thumb/v7e-m+fp/hard/libc_nano.a
END GROUP
LOAD /usr/lib/gcc/arm-none-eabi/10.3.1/thumb/v7e-m+fp/hard/crtend.o
LOAD /usr/lib/gcc/arm-none-eabi/10.3.1/thumb/v7e-m+fp/hard/crtn.o
                0x0000000020020000                _estack = (ORIGIN (RAM) + LENGTH (RAM))
                0x0000000000000200                _Min_Heap_Size = 0x200
                0x0000000000000400                _Min_Stack_Size = 0x400

.isr_vector     0x0000000008000000      0x198
                0x0000000008000000                . = ALIGN (0x4)
 *(.isr_vector)
 .isr_vector    0x0000000008000000      0x198 CMakeFiles/blackpill_v5.dir/startup_stm32f411xe.s.obj
                0x0000000008000000                g_pfnVectors
                0x0000000008000198                . = ALIGN (0x4)

.text           0x00000000080001c0     0x7d38
                0x00000000080001c0                . = ALIGN (0x4)
 *(.text)
 .text          0x00000000080001c0       0x88 /usr/lib/gcc/arm-none-eabi/10.3.1/thumb/v7e-m+fp/hard/crtbegin.o
 .text          0x0000000008000248       0x48 /usr/lib/gcc/arm-none-eabi/10.3.1/../../../arm-none-eabi/lib/thumb/v7e-m+fp/hard/libc_nano.a(lib_a-init.o)
                0x0000000008000248                __libc_init_array
 .text          0x0000000008000290       0xa4 /usr/lib/gcc/arm-none-eabi/10.3.1/../../../arm-none-eabi/lib/thumb/v7e-m+fp/hard/libc_nano.a(lib_a-memset.o)
                0x0000000008000290                memset
 .text          0x0000000008000334       0x30 /usr/lib/gcc/arm-none-eabi/10.3.1/thumb/v7e-m+fp/hard/libgcc.a(_aeabi_uldivmod.o)
                0x0000000008000334                __aeabi_uldivmod
 .text          0x0000000008000364      0x2d0 /usr/lib/gcc/arm-none-eabi/10.3.1/thumb/v7e-m+fp/hard/libgcc.a(_udivmoddi4.o)
                0x0000000008000364                __udivmoddi4
 .text          0x0000000008000634        0x4 /usr/lib/gcc/arm-none-eabi/10.3.1/thumb/v7e-m+fp/hard/libgcc.a(_dvmd_tls.o)
                0x0000000008000634                __aeabi_ldiv0
                0x0000000008000634                __aeabi_idiv0
 .text          0x0000000008000638        0xc /usr/lib/gcc/arm-none-eabi/10.3.1/../../../arm-none-eabi/lib/thumb/v7e-m+fp/hard/libg_nano.a(lib_a-errno.o)
                0x0000000008000638                __errno
 .text          0x0000000008000644       0x78 /usr/lib/gcc/arm-none-eabi/10.3.1/../../../arm-none-eabi/lib/thumb/v7e-m+fp/hard/libg_nano.a(lib_a-sprintf.o)
                0x0000000008000644                _siprintf_r
                0x0000000008000644                _sprintf_r
                0x000000000800067c                sprintf
                0x000000000800067c                siprintf
 *fill*         0x00000000080006bc        0x4 
 .text          0x00000000080006c0       0xdc /usr/lib/gcc/arm-none-eabi/10.3.1/../../../arm-none-eabi/lib/thumb/v7e-m+fp/hard/libg_nano.a(lib_a-strlen.o)
                0x00000000080006c0                strlen
 .text          0x000000000800079c      0x3f0 /usr/lib/gcc/arm-none-eabi/10.3.1/../../../arm-none-eabi/lib/thumb/v7e-m+fp/hard/libg_nano.a(lib_a-nano-svfprintf.o)
                0x000000000800079c                __ssputs_r
                0x0000000008000860                __ssprint_r
                0x0000000008000958                _svfprintf_r
                0x0000000008000958                _svfiprintf_r
 .text          0x0000000008000b8c      0x3dc /usr/lib/gcc/arm-none-eabi/10.3.1/../../../arm-none-eabi/lib/thumb/v7e-m+fp/hard/libg_nano.a(lib_a-nano-vfprintf_i.o)
                0x0000000008000b8c                _printf_common
                0x0000000008000cb8                _printf_i
 *fill*         0x0000000008000f68        0x8 
 .text          0x0000000008000f70       0xa0 /usr/lib/gcc/arm-none-eabi/10.3.1/../../../arm-none-eabi/lib/thumb/v7e-m+fp/hard/libg_nano.a(lib_a-memchr.o)
                0x0000000008000f70                memchr
 .text          0x0000000008001010      0x134 /usr/lib/gcc/arm-none-eabi/10.3.1/../../../arm-none-eabi/lib/thumb/v7e-m+fp/hard/libg_nano.a(lib_a-memcpy.o)
                0x0000000008001010                memcpy
 .text          0x0000000008001144       0xf8 /usr/lib/gcc/arm-none-eabi/10.3.1/../../../arm-none-eabi/lib/thumb/v7e-m+fp/hard/libg_nano.a(lib_a-memmove.o)
                0x0000000008001144                memmove
 .text          0x000000000800123c       0xc4 /usr/lib/gcc/arm-none-eabi/10.3.1/../../../arm-none-eabi/lib/thumb/v7e-m+fp/hard/libg_nano.a(lib_a-nano-freer.o)
                0x000000000800123c                _free_r
 .text          0x0000000008001300       0xb4 /usr/lib/gcc/arm-none-eabi/10.3.1/../../../arm-none-eabi/lib/thumb/v7e-m+fp/hard/libg_nano.a(lib_a-nano-mallocr.o)
                0x0000000008001300                _malloc_r
 .text          0x00000000080013b4       0x50 /usr/lib/gcc/arm-none-eabi/10.3.1/../../../arm-none-eabi/lib/thumb/v7e-m+fp/hard/libg_nano.a(lib_a-nano-reallocr.o)
                0x00000000080013b4                _realloc_r
 .text          0x0000000008001404       0x24 /usr/lib/gcc/arm-none-eabi/10.3.1/../../../arm-none-eabi/lib/thumb/v7e-m+fp/hard/libg_nano.a(lib_a-sbrkr.o)
                0x0000000008001404                _sbrk_r
 .text          0x0000000008001428        0x8 /usr/lib/gcc/arm-none-eabi/10.3.1/../../../arm-none-eabi/lib/thumb/v7e-m+fp/hard/libg_nano.a(lib_a-mlock.o)
                0x0000000008001428                __malloc_lock
                0x000000000800142c                __malloc_unlock
 .text          0x0000000008001430       0x14 /usr/lib/gcc/arm-none-eabi/10.3.1/../../../arm-none-eabi/lib/thumb/v7e-m+fp/hard/libg_nano.a(lib_a-nano-msizer.o)
                0x0000000008001430                _malloc_usable_size_r
 *(.text*)
 .text.main     0x0000000008001444       0x60 CMakeFiles/blackpill_v5.dir/Core/Src/main.c.obj
                0x0000000008001444                main
 .text.SystemClock_Config
                0x00000000080014a4       0xd8 CMakeFiles/blackpill_v5.dir/Core/Src/main.c.obj
                0x00000000080014a4                SystemClock_Config
 .text.Error_Handler
                0x000000000800157c        0xa CMakeFiles/blackpill_v5.dir/Core/Src/main.c.obj
                0x000000000800157c                Error_Handler
 *fill*         0x0000000008001586        0x2 
 .text.MX_GPIO_Init
                0x0000000008001588       0x6c CMakeFiles/blackpill_v5.dir/Core/Src/gpio.c.obj
                0x0000000008001588                MX_GPIO_Init
 .text.MX_I2C1_Init
                0x00000000080015f4       0x5c CMakeFiles/blackpill_v5.dir/Core/Src/i2c.c.obj
                0x00000000080015f4                MX_I2C1_Init
 .text.HAL_I2C_MspInit
                0x0000000008001650       0x90 CMakeFiles/blackpill_v5.dir/Core/Src/i2c.c.obj
                0x0000000008001650                HAL_I2C_MspInit
 .text.NMI_Handler
                0x00000000080016e0        0x6 CMakeFiles/blackpill_v5.dir/Core/Src/stm32f4xx_it.c.obj
                0x00000000080016e0                NMI_Handler
 .text.HardFault_Handler
                0x00000000080016e6        0x6 CMakeFiles/blackpill_v5.dir/Core/Src/stm32f4xx_it.c.obj
                0x00000000080016e6                HardFault_Handler
 .text.MemManage_Handler
                0x00000000080016ec        0x6 CMakeFiles/blackpill_v5.dir/Core/Src/stm32f4xx_it.c.obj
                0x00000000080016ec                MemManage_Handler
 .text.BusFault_Handler
                0x00000000080016f2        0x6 CMakeFiles/blackpill_v5.dir/Core/Src/stm32f4xx_it.c.obj
                0x00000000080016f2                BusFault_Handler
 .text.UsageFault_Handler
                0x00000000080016f8        0x6 CMakeFiles/blackpill_v5.dir/Core/Src/stm32f4xx_it.c.obj
                0x00000000080016f8                UsageFault_Handler
 .text.SVC_Handler
                0x00000000080016fe        0xe CMakeFiles/blackpill_v5.dir/Core/Src/stm32f4xx_it.c.obj
                0x00000000080016fe                SVC_Handler
 .text.DebugMon_Handler
                0x000000000800170c        0xe CMakeFiles/blackpill_v5.dir/Core/Src/stm32f4xx_it.c.obj
                0x000000000800170c                DebugMon_Handler
 .text.PendSV_Handler
                0x000000000800171a        0xe CMakeFiles/blackpill_v5.dir/Core/Src/stm32f4xx_it.c.obj
                0x000000000800171a                PendSV_Handler
 .text.SysTick_Handler
                0x0000000008001728        0xc CMakeFiles/blackpill_v5.dir/Core/Src/stm32f4xx_it.c.obj
                0x0000000008001728                SysTick_Handler
 .text.OTG_FS_IRQHandler
                0x0000000008001734       0x14 CMakeFiles/blackpill_v5.dir/Core/Src/stm32f4xx_it.c.obj
                0x0000000008001734                OTG_FS_IRQHandler
 .text.HAL_MspInit
                0x0000000008001748       0x50 CMakeFiles/blackpill_v5.dir/Core/Src/stm32f4xx_hal_msp.c.obj
                0x0000000008001748                HAL_MspInit
 .text.MX_USB_DEVICE_Init
                0x0000000008001798       0x60 CMakeFiles/blackpill_v5.dir/USB_DEVICE/App/usb_device.c.obj
                0x0000000008001798                MX_USB_DEVICE_Init
 .text.USBD_FS_DeviceDescriptor
                0x00000000080017f8       0x24 CMakeFiles/blackpill_v5.dir/USB_DEVICE/App/usbd_desc.c.obj
                0x00000000080017f8                USBD_FS_DeviceDescriptor
 .text.USBD_FS_LangIDStrDescriptor
                0x000000000800181c       0x24 CMakeFiles/blackpill_v5.dir/USB_DEVICE/App/usbd_desc.c.obj
                0x000000000800181c                USBD_FS_LangIDStrDescriptor
 .text.USBD_FS_ProductStrDescriptor
                0x0000000008001840       0x3c CMakeFiles/blackpill_v5.dir/USB_DEVICE/App/usbd_desc.c.obj
                0x0000000008001840                USBD_FS_ProductStrDescriptor
 .text.USBD_FS_ManufacturerStrDescriptor
                0x000000000800187c       0x28 CMakeFiles/blackpill_v5.dir/USB_DEVICE/App/usbd_desc.c.obj
                0x000000000800187c                USBD_FS_ManufacturerStrDescriptor
 .text.USBD_FS_SerialStrDescriptor
                0x00000000080018a4       0x24 CMakeFiles/blackpill_v5.dir/USB_DEVICE/App/usbd_desc.c.obj
                0x00000000080018a4                USBD_FS_SerialStrDescriptor
 .text.USBD_FS_ConfigStrDescriptor
                0x00000000080018c8       0x3c CMakeFiles/blackpill_v5.dir/USB_DEVICE/App/usbd_desc.c.obj
                0x00000000080018c8                USBD_FS_ConfigStrDescriptor
 .text.USBD_FS_InterfaceStrDescriptor
                0x0000000008001904       0x3c CMakeFiles/blackpill_v5.dir/USB_DEVICE/App/usbd_desc.c.obj
                0x0000000008001904                USBD_FS_InterfaceStrDescriptor
 .text.Get_SerialNum
                0x0000000008001940       0x58 CMakeFiles/blackpill_v5.dir/USB_DEVICE/App/usbd_desc.c.obj
 .text.IntToUnicode
                0x0000000008001998       0x7e CMakeFiles/blackpill_v5.dir/USB_DEVICE/App/usbd_desc.c.obj
 *fill*         0x0000000008001a16        0x2 
 .text.CDC_Init_FS
                0x0000000008001a18       0x28 CMakeFiles/blackpill_v5.dir/USB_DEVICE/App/usbd_cdc_if.c.obj
 .text.CDC_DeInit_FS
                0x0000000008001a40       0x10 CMakeFiles/blackpill_v5.dir/USB_DEVICE/App/usbd_cdc_if.c.obj
 .text.CDC_Control_FS
                0x0000000008001a50       0xbc CMakeFiles/blackpill_v5.dir/USB_DEVICE/App/usbd_cdc_if.c.obj
 .text.CDC_Receive_FS
                0x0000000008001b0c       0x28 CMakeFiles/blackpill_v5.dir/USB_DEVICE/App/usbd_cdc_if.c.obj
 .text.CDC_Transmit_FS
                0x0000000008001b34       0x4c CMakeFiles/blackpill_v5.dir/USB_DEVICE/App/usbd_cdc_if.c.obj
                0x0000000008001b34                CDC_Transmit_FS
 .text.CDC_TransmitCplt_FS
                0x0000000008001b80       0x22 CMakeFiles/blackpill_v5.dir/USB_DEVICE/App/usbd_cdc_if.c.obj
 *fill*         0x0000000008001ba2        0x2 
 .text.HAL_PCD_MspInit
                0x0000000008001ba4       0xa8 CMakeFiles/blackpill_v5.dir/USB_DEVICE/Target/usbd_conf.c.obj
                0x0000000008001ba4                HAL_PCD_MspInit
 .text.HAL_PCD_SetupStageCallback
                0x0000000008001c4c       0x24 CMakeFiles/blackpill_v5.dir/USB_DEVICE/Target/usbd_conf.c.obj
                0x0000000008001c4c                HAL_PCD_SetupStageCallback
 .text.HAL_PCD_DataOutStageCallback
                0x0000000008001c70       0x36 CMakeFiles/blackpill_v5.dir/USB_DEVICE/Target/usbd_conf.c.obj
                0x0000000008001c70                HAL_PCD_DataOutStageCallback
 .text.HAL_PCD_DataInStageCallback
                0x0000000008001ca6       0x34 CMakeFiles/blackpill_v5.dir/USB_DEVICE/Target/usbd_conf.c.obj
                0x0000000008001ca6                HAL_PCD_DataInStageCallback
 .text.HAL_PCD_SOFCallback
                0x0000000008001cda       0x1c CMakeFiles/blackpill_v5.dir/USB_DEVICE/Target/usbd_conf.c.obj
                0x0000000008001cda                HAL_PCD_SOFCallback
 .text.HAL_PCD_ResetCallback
                0x0000000008001cf6       0x3c CMakeFiles/blackpill_v5.dir/USB_DEVICE/Target/usbd_conf.c.obj
                0x0000000008001cf6                HAL_PCD_ResetCallback
 *fill*         0x0000000008001d32        0x2 
 .text.HAL_PCD_SuspendCallback
                0x0000000008001d34       0x4c CMakeFiles/blackpill_v5.dir/USB_DEVICE/Target/usbd_conf.c.obj
                0x0000000008001d34                HAL_PCD_SuspendCallback
 .text.HAL_PCD_ResumeCallback
                0x0000000008001d80       0x1c CMakeFiles/blackpill_v5.dir/USB_DEVICE/Target/usbd_conf.c.obj
                0x0000000008001d80                HAL_PCD_ResumeCallback
 .text.HAL_PCD_ISOOUTIncompleteCallback
                0x0000000008001d9c       0x24 CMakeFiles/blackpill_v5.dir/USB_DEVICE/Target/usbd_conf.c.obj
                0x0000000008001d9c                HAL_PCD_ISOOUTIncompleteCallback
 .text.HAL_PCD_ISOINIncompleteCallback
                0x0000000008001dc0       0x24 CMakeFiles/blackpill_v5.dir/USB_DEVICE/Target/usbd_conf.c.obj
                0x0000000008001dc0                HAL_PCD_ISOINIncompleteCallback
 .text.HAL_PCD_ConnectCallback
                0x0000000008001de4       0x1c CMakeFiles/blackpill_v5.dir/USB_DEVICE/Target/usbd_conf.c.obj
                0x0000000008001de4                HAL_PCD_ConnectCallback
 .text.HAL_PCD_DisconnectCallback
                0x0000000008001e00       0x1c CMakeFiles/blackpill_v5.dir/USB_DEVICE/Target/usbd_conf.c.obj
                0x0000000008001e00                HAL_PCD_DisconnectCallback
 .text.USBD_LL_Init
                0x0000000008001e1c       0x98 CMakeFiles/blackpill_v5.dir/USB_DEVICE/Target/usbd_conf.c.obj
                0x0000000008001e1c                USBD_LL_Init
 .text.USBD_LL_Start
                0x0000000008001eb4       0x36 CMakeFiles/blackpill_v5.dir/USB_DEVICE/Target/usbd_conf.c.obj
                0x0000000008001eb4                USBD_LL_Start
 .text.USBD_LL_OpenEP
                0x0000000008001eea       0x4c CMakeFiles/blackpill_v5.dir/USB_DEVICE/Target/usbd_conf.c.obj
                0x0000000008001eea                USBD_LL_OpenEP
 .text.USBD_LL_CloseEP
                0x0000000008001f36       0x3e CMakeFiles/blackpill_v5.dir/USB_DEVICE/Target/usbd_conf.c.obj
                0x0000000008001f36                USBD_LL_CloseEP
 .text.USBD_LL_StallEP
                0x0000000008001f74       0x3e CMakeFiles/blackpill_v5.dir/USB_DEVICE/Target/usbd_conf.c.obj
                0x0000000008001f74                USBD_LL_StallEP
 .text.USBD_LL_ClearStallEP
                0x0000000008001fb2       0x3e CMakeFiles/blackpill_v5.dir/USB_DEVICE/Target/usbd_conf.c.obj
                0x0000000008001fb2                USBD_LL_ClearStallEP
 .text.USBD_LL_IsStallEP
                0x0000000008001ff0       0x58 CMakeFiles/blackpill_v5.dir/USB_DEVICE/Target/usbd_conf.c.obj
                0x0000000008001ff0                USBD_LL_IsStallEP
 .text.USBD_LL_SetUSBAddress
                0x0000000008002048       0x3e CMakeFiles/blackpill_v5.dir/USB_DEVICE/Target/usbd_conf.c.obj
                0x0000000008002048                USBD_LL_SetUSBAddress
 .text.USBD_LL_Transmit
                0x0000000008002086       0x42 CMakeFiles/blackpill_v5.dir/USB_DEVICE/Target/usbd_conf.c.obj
                0x0000000008002086                USBD_LL_Transmit
 .text.USBD_LL_PrepareReceive
                0x00000000080020c8       0x42 CMakeFiles/blackpill_v5.dir/USB_DEVICE/Target/usbd_conf.c.obj
                0x00000000080020c8                USBD_LL_PrepareReceive
 .text.USBD_LL_GetRxDataSize
                0x000000000800210a       0x26 CMakeFiles/blackpill_v5.dir/USB_DEVICE/Target/usbd_conf.c.obj
                0x000000000800210a                USBD_LL_GetRxDataSize
 .text.USBD_static_malloc
                0x0000000008002130       0x1c CMakeFiles/blackpill_v5.dir/USB_DEVICE/Target/usbd_conf.c.obj
                0x0000000008002130                USBD_static_malloc
 .text.USBD_static_free
                0x000000000800214c       0x14 CMakeFiles/blackpill_v5.dir/USB_DEVICE/Target/usbd_conf.c.obj
                0x000000000800214c                USBD_static_free
 .text.USBD_Get_USB_Status
                0x0000000008002160       0x58 CMakeFiles/blackpill_v5.dir/USB_DEVICE/Target/usbd_conf.c.obj
                0x0000000008002160                USBD_Get_USB_Status
 .text.HAL_PCD_Init
                0x00000000080021b8      0x21e CMakeFiles/blackpill_v5.dir/Drivers/STM32F4xx_HAL_Driver/Src/stm32f4xx_hal_pcd.c.obj
                0x00000000080021b8                HAL_PCD_Init
 .text.HAL_PCD_Start
                0x00000000080023d6       0x6a CMakeFiles/blackpill_v5.dir/Drivers/STM32F4xx_HAL_Driver/Src/stm32f4xx_hal_pcd.c.obj
                0x00000000080023d6                HAL_PCD_Start
 .text.HAL_PCD_IRQHandler
                0x0000000008002440      0x942 CMakeFiles/blackpill_v5.dir/Drivers/STM32F4xx_HAL_Driver/Src/stm32f4xx_hal_pcd.c.obj
                0x0000000008002440                HAL_PCD_IRQHandler
 .text.HAL_PCD_SetAddress
                0x0000000008002d82       0x48 CMakeFiles/blackpill_v5.dir/Drivers/STM32F4xx_HAL_Driver/Src/stm32f4xx_hal_pcd.c.obj
                0x0000000008002d82                HAL_PCD_SetAddress
 .text.HAL_PCD_EP_Open
                0x0000000008002dca       0xd4 CMakeFiles/blackpill_v5.dir/Drivers/STM32F4xx_HAL_Driver/Src/stm32f4xx_hal_pcd.c.obj
                0x0000000008002dca                HAL_PCD_EP_Open
 .text.HAL_PCD_EP_Close
                0x0000000008002e9e       0x94 CMakeFiles/blackpill_v5.dir/Drivers/STM32F4xx_HAL_Driver/Src/stm32f4xx_hal_pcd.c.obj
                0x0000000008002e9e                HAL_PCD_EP_Close
 .text.HAL_PCD_EP_Receive
                0x0000000008002f32       0x76 CMakeFiles/blackpill_v5.dir/Drivers/STM32F4xx_HAL_Driver/Src/stm32f4xx_hal_pcd.c.obj
                0x0000000008002f32                HAL_PCD_EP_Receive
 .text.HAL_PCD_EP_GetRxCount
                0x0000000008002fa8       0x30 CMakeFiles/blackpill_v5.dir/Drivers/STM32F4xx_HAL_Driver/Src/stm32f4xx_hal_pcd.c.obj
                0x0000000008002fa8                HAL_PCD_EP_GetRxCount
 .text.HAL_PCD_EP_Transmit
                0x0000000008002fd8       0x74 CMakeFiles/blackpill_v5.dir/Drivers/STM32F4xx_HAL_Driver/Src/stm32f4xx_hal_pcd.c.obj
                0x0000000008002fd8                HAL_PCD_EP_Transmit
 .text.HAL_PCD_EP_SetStall
                0x000000000800304c       0xc6 CMakeFiles/blackpill_v5.dir/Drivers/STM32F4xx_HAL_Driver/Src/stm32f4xx_hal_pcd.c.obj
                0x000000000800304c                HAL_PCD_EP_SetStall
 .text.HAL_PCD_EP_ClrStall
                0x0000000008003112       0xac CMakeFiles/blackpill_v5.dir/Drivers/STM32F4xx_HAL_Driver/Src/stm32f4xx_hal_pcd.c.obj
                0x0000000008003112                HAL_PCD_EP_ClrStall
 .text.HAL_PCD_EP_Abort
                0x00000000080031be       0x62 CMakeFiles/blackpill_v5.dir/Drivers/STM32F4xx_HAL_Driver/Src/stm32f4xx_hal_pcd.c.obj
                0x00000000080031be                HAL_PCD_EP_Abort
 .text.PCD_WriteEmptyTxFifo
                0x0000000008003220      0x118 CMakeFiles/blackpill_v5.dir/Drivers/STM32F4xx_HAL_Driver/Src/stm32f4xx_hal_pcd.c.obj
 .text.PCD_EP_OutXfrComplete_int
                0x0000000008003338      0x1d0 CMakeFiles/blackpill_v5.dir/Drivers/STM32F4xx_HAL_Driver/Src/stm32f4xx_hal_pcd.c.obj
 .text.PCD_EP_OutSetupPacket_int
                0x0000000008003508       0x8c CMakeFiles/blackpill_v5.dir/Drivers/STM32F4xx_HAL_Driver/Src/stm32f4xx_hal_pcd.c.obj
 .text.HAL_PCDEx_SetTxFiFo
                0x0000000008003594       0x8e CMakeFiles/blackpill_v5.dir/Drivers/STM32F4xx_HAL_Driver/Src/stm32f4xx_hal_pcd_ex.c.obj
                0x0000000008003594                HAL_PCDEx_SetTxFiFo
 .text.HAL_PCDEx_SetRxFiFo
                0x0000000008003622       0x22 CMakeFiles/blackpill_v5.dir/Drivers/STM32F4xx_HAL_Driver/Src/stm32f4xx_hal_pcd_ex.c.obj
                0x0000000008003622                HAL_PCDEx_SetRxFiFo
 .text.HAL_PCDEx_LPM_Callback
                0x0000000008003644       0x18 CMakeFiles/blackpill_v5.dir/Drivers/STM32F4xx_HAL_Driver/Src/stm32f4xx_hal_pcd_ex.c.obj
                0x0000000008003644                HAL_PCDEx_LPM_Callback
 .text.USB_CoreInit
                0x000000000800365c       0xc8 CMakeFiles/blackpill_v5.dir/Drivers/STM32F4xx_HAL_Driver/Src/stm32f4xx_ll_usb.c.obj
                0x000000000800365c                USB_CoreInit
 .text.USB_SetTurnaroundTime
                0x0000000008003724      0x144 CMakeFiles/blackpill_v5.dir/Drivers/STM32F4xx_HAL_Driver/Src/stm32f4xx_ll_usb.c.obj
                0x0000000008003724                USB_SetTurnaroundTime
 .text.USB_EnableGlobalInt
                0x0000000008003868       0x22 CMakeFiles/blackpill_v5.dir/Drivers/STM32F4xx_HAL_Driver/Src/stm32f4xx_ll_usb.c.obj
                0x0000000008003868                USB_EnableGlobalInt
 .text.USB_DisableGlobalInt
                0x000000000800388a       0x22 CMakeFiles/blackpill_v5.dir/Drivers/STM32F4xx_HAL_Driver/Src/stm32f4xx_ll_usb.c.obj
                0x000000000800388a                USB_DisableGlobalInt
 .text.USB_SetCurrentMode
                0x00000000080038ac       0x98 CMakeFiles/blackpill_v5.dir/Drivers/STM32F4xx_HAL_Driver/Src/stm32f4xx_ll_usb.c.obj
                0x00000000080038ac                USB_SetCurrentMode
 .text.USB_DevInit
                0x0000000008003944      0x2c8 CMakeFiles/blackpill_v5.dir/Drivers/STM32F4xx_HAL_Driver/Src/stm32f4xx_ll_usb.c.obj
                0x0000000008003944                USB_DevInit
 .text.USB_FlushTxFifo
                0x0000000008003c0c       0x64 CMakeFiles/blackpill_v5.dir/Drivers/STM32F4xx_HAL_Driver/Src/stm32f4xx_ll_usb.c.obj
                0x0000000008003c0c                USB_FlushTxFifo
 .text.USB_FlushRxFifo
                0x0000000008003c70       0x5c CMakeFiles/blackpill_v5.dir/Drivers/STM32F4xx_HAL_Driver/Src/stm32f4xx_ll_usb.c.obj
                0x0000000008003c70                USB_FlushRxFifo
 .text.USB_SetDevSpeed
                0x0000000008003ccc       0x32 CMakeFiles/blackpill_v5.dir/Drivers/STM32F4xx_HAL_Driver/Src/stm32f4xx_ll_usb.c.obj
                0x0000000008003ccc                USB_SetDevSpeed
 .text.USB_GetDevSpeed
                0x0000000008003cfe       0x4a CMakeFiles/blackpill_v5.dir/Drivers/STM32F4xx_HAL_Driver/Src/stm32f4xx_ll_usb.c.obj
                0x0000000008003cfe                USB_GetDevSpeed
 .text.USB_ActivateEndpoint
                0x0000000008003d48      0x10e CMakeFiles/blackpill_v5.dir/Drivers/STM32F4xx_HAL_Driver/Src/stm32f4xx_ll_usb.c.obj
                0x0000000008003d48                USB_ActivateEndpoint
 *fill*         0x0000000008003e56        0x2 
 .text.USB_DeactivateEndpoint
                0x0000000008003e58      0x1b8 CMakeFiles/blackpill_v5.dir/Drivers/STM32F4xx_HAL_Driver/Src/stm32f4xx_ll_usb.c.obj
                0x0000000008003e58                USB_DeactivateEndpoint
 .text.USB_EPStartXfer
                0x0000000008004010      0x53c CMakeFiles/blackpill_v5.dir/Drivers/STM32F4xx_HAL_Driver/Src/stm32f4xx_ll_usb.c.obj
                0x0000000008004010                USB_EPStartXfer
 .text.USB_EPStopXfer
                0x000000000800454c      0x154 CMakeFiles/blackpill_v5.dir/Drivers/STM32F4xx_HAL_Driver/Src/stm32f4xx_ll_usb.c.obj
                0x000000000800454c                USB_EPStopXfer
 .text.USB_WritePacket
                0x00000000080046a0       0x7c CMakeFiles/blackpill_v5.dir/Drivers/STM32F4xx_HAL_Driver/Src/stm32f4xx_ll_usb.c.obj
                0x00000000080046a0                USB_WritePacket
 .text.USB_ReadPacket
                0x000000000800471c       0xb0 CMakeFiles/blackpill_v5.dir/Drivers/STM32F4xx_HAL_Driver/Src/stm32f4xx_ll_usb.c.obj
                0x000000000800471c                USB_ReadPacket
 .text.USB_EPSetStall
                0x00000000080047cc       0xdc CMakeFiles/blackpill_v5.dir/Drivers/STM32F4xx_HAL_Driver/Src/stm32f4xx_ll_usb.c.obj
                0x00000000080047cc                USB_EPSetStall
 .text.USB_EPClearStall
                0x00000000080048a8       0xcc CMakeFiles/blackpill_v5.dir/Drivers/STM32F4xx_HAL_Driver/Src/stm32f4xx_ll_usb.c.obj
                0x00000000080048a8                USB_EPClearStall
 .text.USB_SetDevAddress
                0x0000000008004974       0x4c CMakeFiles/blackpill_v5.dir/Drivers/STM32F4xx_HAL_Driver/Src/stm32f4xx_ll_usb.c.obj
                0x0000000008004974                USB_SetDevAddress
 .text.USB_DevConnect
                0x00000000080049c0       0x42 CMakeFiles/blackpill_v5.dir/Drivers/STM32F4xx_HAL_Driver/Src/stm32f4xx_ll_usb.c.obj
                0x00000000080049c0                USB_DevConnect
 .text.USB_DevDisconnect
                0x0000000008004a02       0x42 CMakeFiles/blackpill_v5.dir/Drivers/STM32F4xx_HAL_Driver/Src/stm32f4xx_ll_usb.c.obj
                0x0000000008004a02                USB_DevDisconnect
 .text.USB_ReadInterrupts
                0x0000000008004a44       0x26 CMakeFiles/blackpill_v5.dir/Drivers/STM32F4xx_HAL_Driver/Src/stm32f4xx_ll_usb.c.obj
                0x0000000008004a44                USB_ReadInterrupts
 .text.USB_ReadDevAllOutEpInterrupt
                0x0000000008004a6a       0x34 CMakeFiles/blackpill_v5.dir/Drivers/STM32F4xx_HAL_Driver/Src/stm32f4xx_ll_usb.c.obj
                0x0000000008004a6a                USB_ReadDevAllOutEpInterrupt
 .text.USB_ReadDevAllInEpInterrupt
                0x0000000008004a9e       0x34 CMakeFiles/blackpill_v5.dir/Drivers/STM32F4xx_HAL_Driver/Src/stm32f4xx_ll_usb.c.obj
                0x0000000008004a9e                USB_ReadDevAllInEpInterrupt
 .text.USB_ReadDevOutEPInterrupt
                0x0000000008004ad2       0x3c CMakeFiles/blackpill_v5.dir/Drivers/STM32F4xx_HAL_Driver/Src/stm32f4xx_ll_usb.c.obj
                0x0000000008004ad2                USB_ReadDevOutEPInterrupt
 .text.USB_ReadDevInEPInterrupt
                0x0000000008004b0e       0x5c CMakeFiles/blackpill_v5.dir/Drivers/STM32F4xx_HAL_Driver/Src/stm32f4xx_ll_usb.c.obj
                0x0000000008004b0e                USB_ReadDevInEPInterrupt
 .text.USB_GetMode
                0x0000000008004b6a       0x1c CMakeFiles/blackpill_v5.dir/Drivers/STM32F4xx_HAL_Driver/Src/stm32f4xx_ll_usb.c.obj
                0x0000000008004b6a                USB_GetMode
 .text.USB_ActivateSetup
                0x0000000008004b86       0x46 CMakeFiles/blackpill_v5.dir/Drivers/STM32F4xx_HAL_Driver/Src/stm32f4xx_ll_usb.c.obj
                0x0000000008004b86                USB_ActivateSetup
 .text.USB_EP0_OutStart
                0x0000000008004bcc       0xbc CMakeFiles/blackpill_v5.dir/Drivers/STM32F4xx_HAL_Driver/Src/stm32f4xx_ll_usb.c.obj
                0x0000000008004bcc                USB_EP0_OutStart
 .text.USB_CoreReset
                0x0000000008004c88       0x62 CMakeFiles/blackpill_v5.dir/Drivers/STM32F4xx_HAL_Driver/Src/stm32f4xx_ll_usb.c.obj
 *fill*         0x0000000008004cea        0x2 
 .text.HAL_RCC_OscConfig
                0x0000000008004cec      0x4f0 CMakeFiles/blackpill_v5.dir/Drivers/STM32F4xx_HAL_Driver/Src/stm32f4xx_hal_rcc.c.obj
                0x0000000008004cec                HAL_RCC_OscConfig
 .text.HAL_RCC_ClockConfig
                0x00000000080051dc      0x1cc CMakeFiles/blackpill_v5.dir/Drivers/STM32F4xx_HAL_Driver/Src/stm32f4xx_hal_rcc.c.obj
                0x00000000080051dc                HAL_RCC_ClockConfig
 .text.HAL_RCC_GetSysClockFreq
                0x00000000080053a8      0x18c CMakeFiles/blackpill_v5.dir/Drivers/STM32F4xx_HAL_Driver/Src/stm32f4xx_hal_rcc.c.obj
                0x00000000080053a8                HAL_RCC_GetSysClockFreq
 .text.HAL_RCC_GetHCLKFreq
                0x0000000008005534       0x18 CMakeFiles/blackpill_v5.dir/Drivers/STM32F4xx_HAL_Driver/Src/stm32f4xx_hal_rcc.c.obj
                0x0000000008005534                HAL_RCC_GetHCLKFreq
 .text.HAL_RCC_GetPCLK1Freq
                0x000000000800554c       0x28 CMakeFiles/blackpill_v5.dir/Drivers/STM32F4xx_HAL_Driver/Src/stm32f4xx_hal_rcc.c.obj
                0x000000000800554c                HAL_RCC_GetPCLK1Freq
 .text.HAL_GPIO_Init
                0x0000000008005574      0x308 CMakeFiles/blackpill_v5.dir/Drivers/STM32F4xx_HAL_Driver/Src/stm32f4xx_hal_gpio.c.obj
                0x0000000008005574                HAL_GPIO_Init
 .text.__NVIC_SetPriorityGrouping
                0x000000000800587c       0x48 CMakeFiles/blackpill_v5.dir/Drivers/STM32F4xx_HAL_Driver/Src/stm32f4xx_hal_cortex.c.obj
 .text.__NVIC_GetPriorityGrouping
                0x00000000080058c4       0x1c CMakeFiles/blackpill_v5.dir/Drivers/STM32F4xx_HAL_Driver/Src/stm32f4xx_hal_cortex.c.obj
 .text.__NVIC_EnableIRQ
                0x00000000080058e0       0x3c CMakeFiles/blackpill_v5.dir/Drivers/STM32F4xx_HAL_Driver/Src/stm32f4xx_hal_cortex.c.obj
 .text.__NVIC_SetPriority
                0x000000000800591c       0x54 CMakeFiles/blackpill_v5.dir/Drivers/STM32F4xx_HAL_Driver/Src/stm32f4xx_hal_cortex.c.obj
 .text.NVIC_EncodePriority
                0x0000000008005970       0x66 CMakeFiles/blackpill_v5.dir/Drivers/STM32F4xx_HAL_Driver/Src/stm32f4xx_hal_cortex.c.obj
 *fill*         0x00000000080059d6        0x2 
 .text.SysTick_Config
                0x00000000080059d8       0x44 CMakeFiles/blackpill_v5.dir/Drivers/STM32F4xx_HAL_Driver/Src/stm32f4xx_hal_cortex.c.obj
 .text.HAL_NVIC_SetPriorityGrouping
                0x0000000008005a1c       0x16 CMakeFiles/blackpill_v5.dir/Drivers/STM32F4xx_HAL_Driver/Src/stm32f4xx_hal_cortex.c.obj
                0x0000000008005a1c                HAL_NVIC_SetPriorityGrouping
 .text.HAL_NVIC_SetPriority
                0x0000000008005a32       0x38 CMakeFiles/blackpill_v5.dir/Drivers/STM32F4xx_HAL_Driver/Src/stm32f4xx_hal_cortex.c.obj
                0x0000000008005a32                HAL_NVIC_SetPriority
 .text.HAL_NVIC_EnableIRQ
                0x0000000008005a6a       0x1c CMakeFiles/blackpill_v5.dir/Drivers/STM32F4xx_HAL_Driver/Src/stm32f4xx_hal_cortex.c.obj
                0x0000000008005a6a                HAL_NVIC_EnableIRQ
 .text.HAL_SYSTICK_Config
                0x0000000008005a86       0x18 CMakeFiles/blackpill_v5.dir/Drivers/STM32F4xx_HAL_Driver/Src/stm32f4xx_hal_cortex.c.obj
                0x0000000008005a86                HAL_SYSTICK_Config
 *fill*         0x0000000008005a9e        0x2 
 .text.HAL_Init
                0x0000000008005aa0       0x44 CMakeFiles/blackpill_v5.dir/Drivers/STM32F4xx_HAL_Driver/Src/stm32f4xx_hal.c.obj
                0x0000000008005aa0                HAL_Init
 .text.HAL_InitTick
                0x0000000008005ae4       0x60 CMakeFiles/blackpill_v5.dir/Drivers/STM32F4xx_HAL_Driver/Src/stm32f4xx_hal.c.obj
                0x0000000008005ae4                HAL_InitTick
 .text.HAL_IncTick
                0x0000000008005b44       0x28 CMakeFiles/blackpill_v5.dir/Drivers/STM32F4xx_HAL_Driver/Src/stm32f4xx_hal.c.obj
                0x0000000008005b44                HAL_IncTick
 .text.HAL_GetTick
                0x0000000008005b6c       0x18 CMakeFiles/blackpill_v5.dir/Drivers/STM32F4xx_HAL_Driver/Src/stm32f4xx_hal.c.obj
                0x0000000008005b6c                HAL_GetTick
 .text.HAL_Delay
                0x0000000008005b84       0x48 CMakeFiles/blackpill_v5.dir/Drivers/STM32F4xx_HAL_Driver/Src/stm32f4xx_hal.c.obj
                0x0000000008005b84                HAL_Delay
 .text.HAL_I2C_Init
                0x0000000008005bcc      0x288 CMakeFiles/blackpill_v5.dir/Drivers/STM32F4xx_HAL_Driver/Src/stm32f4xx_hal_i2c.c.obj
                0x0000000008005bcc                HAL_I2C_Init
 .text.SystemInit
                0x0000000008005e54       0x24 CMakeFiles/blackpill_v5.dir/Core/Src/system_stm32f4xx.c.obj
                0x0000000008005e54                SystemInit
 .text.USBD_Init
                0x0000000008005e78       0x60 CMakeFiles/blackpill_v5.dir/Middlewares/ST/STM32_USB_Device_Library/Core/Src/usbd_core.c.obj
                0x0000000008005e78                USBD_Init
 .text.USBD_RegisterClass
                0x0000000008005ed8       0x6c CMakeFiles/blackpill_v5.dir/Middlewares/ST/STM32_USB_Device_Library/Core/Src/usbd_core.c.obj
                0x0000000008005ed8                USBD_RegisterClass
 .text.USBD_Start
                0x0000000008005f44       0x18 CMakeFiles/blackpill_v5.dir/Middlewares/ST/STM32_USB_Device_Library/Core/Src/usbd_core.c.obj
                0x0000000008005f44                USBD_Start
 .text.USBD_RunTestMode
                0x0000000008005f5c       0x16 CMakeFiles/blackpill_v5.dir/Middlewares/ST/STM32_USB_Device_Library/Core/Src/usbd_core.c.obj
                0x0000000008005f5c                USBD_RunTestMode
 .text.USBD_SetClassConfig
                0x0000000008005f72       0x38 CMakeFiles/blackpill_v5.dir/Middlewares/ST/STM32_USB_Device_Library/Core/Src/usbd_core.c.obj
                0x0000000008005f72                USBD_SetClassConfig
 .text.USBD_ClrClassConfig
                0x0000000008005faa       0x34 CMakeFiles/blackpill_v5.dir/Middlewares/ST/STM32_USB_Device_Library/Core/Src/usbd_core.c.obj
                0x0000000008005faa                USBD_ClrClassConfig
 .text.USBD_LL_SetupStage
                0x0000000008005fde       0xaa CMakeFiles/blackpill_v5.dir/Middlewares/ST/STM32_USB_Device_Library/Core/Src/usbd_core.c.obj
                0x0000000008005fde                USBD_LL_SetupStage
 .text.USBD_LL_DataOutStage
                0x0000000008006088      0x166 CMakeFiles/blackpill_v5.dir/Middlewares/ST/STM32_USB_Device_Library/Core/Src/usbd_core.c.obj
                0x0000000008006088                USBD_LL_DataOutStage
 .text.USBD_LL_DataInStage
                0x00000000080061ee      0x164 CMakeFiles/blackpill_v5.dir/Middlewares/ST/STM32_USB_Device_Library/Core/Src/usbd_core.c.obj
                0x00000000080061ee                USBD_LL_DataInStage
 .text.USBD_LL_Reset
                0x0000000008006352       0xa4 CMakeFiles/blackpill_v5.dir/Middlewares/ST/STM32_USB_Device_Library/Core/Src/usbd_core.c.obj
                0x0000000008006352                USBD_LL_Reset
 .text.USBD_LL_SetSpeed
                0x00000000080063f6       0x20 CMakeFiles/blackpill_v5.dir/Middlewares/ST/STM32_USB_Device_Library/Core/Src/usbd_core.c.obj
                0x00000000080063f6                USBD_LL_SetSpeed
 .text.USBD_LL_Suspend
                0x0000000008006416       0x38 CMakeFiles/blackpill_v5.dir/Middlewares/ST/STM32_USB_Device_Library/Core/Src/usbd_core.c.obj
                0x0000000008006416                USBD_LL_Suspend
 .text.USBD_LL_Resume
                0x000000000800644e       0x30 CMakeFiles/blackpill_v5.dir/Middlewares/ST/STM32_USB_Device_Library/Core/Src/usbd_core.c.obj
                0x000000000800644e                USBD_LL_Resume
 .text.USBD_LL_SOF
                0x000000000800647e       0x40 CMakeFiles/blackpill_v5.dir/Middlewares/ST/STM32_USB_Device_Library/Core/Src/usbd_core.c.obj
                0x000000000800647e                USBD_LL_SOF
 .text.USBD_LL_IsoINIncomplete
                0x00000000080064be       0x64 CMakeFiles/blackpill_v5.dir/Middlewares/ST/STM32_USB_Device_Library/Core/Src/usbd_core.c.obj
                0x00000000080064be                USBD_LL_IsoINIncomplete
 .text.USBD_LL_IsoOUTIncomplete
                0x0000000008006522       0x64 CMakeFiles/blackpill_v5.dir/Middlewares/ST/STM32_USB_Device_Library/Core/Src/usbd_core.c.obj
                0x0000000008006522                USBD_LL_IsoOUTIncomplete
 .text.USBD_LL_DevConnected
                0x0000000008006586       0x16 CMakeFiles/blackpill_v5.dir/Middlewares/ST/STM32_USB_Device_Library/Core/Src/usbd_core.c.obj
                0x0000000008006586                USBD_LL_DevConnected
 .text.USBD_LL_DevDisconnected
                0x000000000800659c       0x46 CMakeFiles/blackpill_v5.dir/Middlewares/ST/STM32_USB_Device_Library/Core/Src/usbd_core.c.obj
                0x000000000800659c                USBD_LL_DevDisconnected
 .text.USBD_CoreFindIF
                0x00000000080065e2       0x1a CMakeFiles/blackpill_v5.dir/Middlewares/ST/STM32_USB_Device_Library/Core/Src/usbd_core.c.obj
                0x00000000080065e2                USBD_CoreFindIF
 .text.USBD_CoreFindEP
                0x00000000080065fc       0x1a CMakeFiles/blackpill_v5.dir/Middlewares/ST/STM32_USB_Device_Library/Core/Src/usbd_core.c.obj
                0x00000000080065fc                USBD_CoreFindEP
 .text.USBD_GetEpDesc
                0x0000000008006616       0x74 CMakeFiles/blackpill_v5.dir/Middlewares/ST/STM32_USB_Device_Library/Core/Src/usbd_core.c.obj
                0x0000000008006616                USBD_GetEpDesc
 .text.USBD_GetNextDesc
                0x000000000800668a       0x3a CMakeFiles/blackpill_v5.dir/Middlewares/ST/STM32_USB_Device_Library/Core/Src/usbd_core.c.obj
                0x000000000800668a                USBD_GetNextDesc
 .text.SWAPBYTE
                0x00000000080066c4       0x3c CMakeFiles/blackpill_v5.dir/Middlewares/ST/STM32_USB_Device_Library/Core/Src/usbd_ctlreq.c.obj
 .text.USBD_StdDevReq
                0x0000000008006700       0xe4 CMakeFiles/blackpill_v5.dir/Middlewares/ST/STM32_USB_Device_Library/Core/Src/usbd_ctlreq.c.obj
                0x0000000008006700                USBD_StdDevReq
 .text.USBD_StdItfReq
                0x00000000080067e4       0xd8 CMakeFiles/blackpill_v5.dir/Middlewares/ST/STM32_USB_Device_Library/Core/Src/usbd_ctlreq.c.obj
                0x00000000080067e4                USBD_StdItfReq
 .text.USBD_StdEPReq
                0x00000000080068bc      0x33a CMakeFiles/blackpill_v5.dir/Middlewares/ST/STM32_USB_Device_Library/Core/Src/usbd_ctlreq.c.obj
                0x00000000080068bc                USBD_StdEPReq
 *fill*         0x0000000008006bf6        0x2 
 .text.USBD_GetDescriptor
                0x0000000008006bf8      0x2d4 CMakeFiles/blackpill_v5.dir/Middlewares/ST/STM32_USB_Device_Library/Core/Src/usbd_ctlreq.c.obj
 .text.USBD_SetAddress
                0x0000000008006ecc       0x88 CMakeFiles/blackpill_v5.dir/Middlewares/ST/STM32_USB_Device_Library/Core/Src/usbd_ctlreq.c.obj
 .text.USBD_SetConfig
                0x0000000008006f54      0x154 CMakeFiles/blackpill_v5.dir/Middlewares/ST/STM32_USB_Device_Library/Core/Src/usbd_ctlreq.c.obj
 .text.USBD_GetConfig
                0x00000000080070a8       0x6c CMakeFiles/blackpill_v5.dir/Middlewares/ST/STM32_USB_Device_Library/Core/Src/usbd_ctlreq.c.obj
 .text.USBD_GetStatus
                0x0000000008007114       0x68 CMakeFiles/blackpill_v5.dir/Middlewares/ST/STM32_USB_Device_Library/Core/Src/usbd_ctlreq.c.obj
 .text.USBD_SetFeature
                0x000000000800717c       0x52 CMakeFiles/blackpill_v5.dir/Middlewares/ST/STM32_USB_Device_Library/Core/Src/usbd_ctlreq.c.obj
 .text.USBD_ClrFeature
                0x00000000080071ce       0x44 CMakeFiles/blackpill_v5.dir/Middlewares/ST/STM32_USB_Device_Library/Core/Src/usbd_ctlreq.c.obj
 .text.USBD_ParseSetupRequest
                0x0000000008007212       0x74 CMakeFiles/blackpill_v5.dir/Middlewares/ST/STM32_USB_Device_Library/Core/Src/usbd_ctlreq.c.obj
                0x0000000008007212                USBD_ParseSetupRequest
 .text.USBD_CtlError
                0x0000000008007286       0x22 CMakeFiles/blackpill_v5.dir/Middlewares/ST/STM32_USB_Device_Library/Core/Src/usbd_ctlreq.c.obj
                0x0000000008007286                USBD_CtlError
 .text.USBD_GetString
                0x00000000080072a8       0xa4 CMakeFiles/blackpill_v5.dir/Middlewares/ST/STM32_USB_Device_Library/Core/Src/usbd_ctlreq.c.obj
                0x00000000080072a8                USBD_GetString
 .text.USBD_GetLen
                0x000000000800734c       0x34 CMakeFiles/blackpill_v5.dir/Middlewares/ST/STM32_USB_Device_Library/Core/Src/usbd_ctlreq.c.obj
 .text.USBD_CtlSendData
                0x0000000008007380       0x36 CMakeFiles/blackpill_v5.dir/Middlewares/ST/STM32_USB_Device_Library/Core/Src/usbd_ioreq.c.obj
                0x0000000008007380                USBD_CtlSendData
 .text.USBD_CtlContinueSendData
                0x00000000080073b6       0x22 CMakeFiles/blackpill_v5.dir/Middlewares/ST/STM32_USB_Device_Library/Core/Src/usbd_ioreq.c.obj
                0x00000000080073b6                USBD_CtlContinueSendData
 .text.USBD_CtlPrepareRx
                0x00000000080073d8       0x3a CMakeFiles/blackpill_v5.dir/Middlewares/ST/STM32_USB_Device_Library/Core/Src/usbd_ioreq.c.obj
                0x00000000080073d8                USBD_CtlPrepareRx
 .text.USBD_CtlContinueRx
                0x0000000008007412       0x22 CMakeFiles/blackpill_v5.dir/Middlewares/ST/STM32_USB_Device_Library/Core/Src/usbd_ioreq.c.obj
                0x0000000008007412                USBD_CtlContinueRx
 .text.USBD_CtlSendStatus
                0x0000000008007434       0x26 CMakeFiles/blackpill_v5.dir/Middlewares/ST/STM32_USB_Device_Library/Core/Src/usbd_ioreq.c.obj
                0x0000000008007434                USBD_CtlSendStatus
 .text.USBD_CtlReceiveStatus
                0x000000000800745a       0x26 CMakeFiles/blackpill_v5.dir/Middlewares/ST/STM32_USB_Device_Library/Core/Src/usbd_ioreq.c.obj
                0x000000000800745a                USBD_CtlReceiveStatus
 .text.USBD_CDC_Init
                0x0000000008007480      0x1f0 CMakeFiles/blackpill_v5.dir/Middlewares/ST/STM32_USB_Device_Library/Class/CDC/Src/usbd_cdc.c.obj
 .text.USBD_CDC_DeInit
                0x0000000008007670      0x104 CMakeFiles/blackpill_v5.dir/Middlewares/ST/STM32_USB_Device_Library/Class/CDC/Src/usbd_cdc.c.obj
 .text.USBD_CDC_Setup
                0x0000000008007774      0x1b8 CMakeFiles/blackpill_v5.dir/Middlewares/ST/STM32_USB_Device_Library/Class/CDC/Src/usbd_cdc.c.obj
 .text.USBD_CDC_DataIn
                0x000000000800792c       0xfe CMakeFiles/blackpill_v5.dir/Middlewares/ST/STM32_USB_Device_Library/Class/CDC/Src/usbd_cdc.c.obj
 .text.USBD_CDC_DataOut
                0x0000000008007a2a       0x70 CMakeFiles/blackpill_v5.dir/Middlewares/ST/STM32_USB_Device_Library/Class/CDC/Src/usbd_cdc.c.obj
 .text.USBD_CDC_EP0_RxReady
                0x0000000008007a9a       0x76 CMakeFiles/blackpill_v5.dir/Middlewares/ST/STM32_USB_Device_Library/Class/CDC/Src/usbd_cdc.c.obj
 .text.USBD_CDC_GetFSCfgDesc
                0x0000000008007b10       0x70 CMakeFiles/blackpill_v5.dir/Middlewares/ST/STM32_USB_Device_Library/Class/CDC/Src/usbd_cdc.c.obj
 .text.USBD_CDC_GetHSCfgDesc
                0x0000000008007b80       0x70 CMakeFiles/blackpill_v5.dir/Middlewares/ST/STM32_USB_Device_Library/Class/CDC/Src/usbd_cdc.c.obj
 .text.USBD_CDC_GetOtherSpeedCfgDesc
                0x0000000008007bf0       0x70 CMakeFiles/blackpill_v5.dir/Middlewares/ST/STM32_USB_Device_Library/Class/CDC/Src/usbd_cdc.c.obj
 .text.USBD_CDC_GetDeviceQualifierDescriptor
                0x0000000008007c60       0x20 CMakeFiles/blackpill_v5.dir/Middlewares/ST/STM32_USB_Device_Library/Class/CDC/Src/usbd_cdc.c.obj
                0x0000000008007c60                USBD_CDC_GetDeviceQualifierDescriptor
 .text.USBD_CDC_RegisterInterface
                0x0000000008007c80       0x34 CMakeFiles/blackpill_v5.dir/Middlewares/ST/STM32_USB_Device_Library/Class/CDC/Src/usbd_cdc.c.obj
                0x0000000008007c80                USBD_CDC_RegisterInterface
 .text.USBD_CDC_SetTxBuffer
                0x0000000008007cb4       0x44 CMakeFiles/blackpill_v5.dir/Middlewares/ST/STM32_USB_Device_Library/Class/CDC/Src/usbd_cdc.c.obj
                0x0000000008007cb4                USBD_CDC_SetTxBuffer
 .text.USBD_CDC_SetRxBuffer
                0x0000000008007cf8       0x3a CMakeFiles/blackpill_v5.dir/Middlewares/ST/STM32_USB_Device_Library/Class/CDC/Src/usbd_cdc.c.obj
                0x0000000008007cf8                USBD_CDC_SetRxBuffer
 *fill*         0x0000000008007d32        0x2 
 .text.USBD_CDC_TransmitPacket
                0x0000000008007d34       0x80 CMakeFiles/blackpill_v5.dir/Middlewares/ST/STM32_USB_Device_Library/Class/CDC/Src/usbd_cdc.c.obj
                0x0000000008007d34                USBD_CDC_TransmitPacket
 .text.USBD_CDC_ReceivePacket
                0x0000000008007db4       0x6c CMakeFiles/blackpill_v5.dir/Middlewares/ST/STM32_USB_Device_Library/Class/CDC/Src/usbd_cdc.c.obj
                0x0000000008007db4                USBD_CDC_ReceivePacket
 .text._sbrk    0x0000000008007e20       0x6c CMakeFiles/blackpill_v5.dir/Core/Src/sysmem.c.obj
                0x0000000008007e20                _sbrk
 .text.Reset_Handler
                0x0000000008007e8c       0x50 CMakeFiles/blackpill_v5.dir/startup_stm32f411xe.s.obj
                0x0000000008007e8c                Reset_Handler
 .text.Default_Handler
                0x0000000008007edc        0x2 CMakeFiles/blackpill_v5.dir/startup_stm32f411xe.s.obj
                0x0000000008007edc                RTC_Alarm_IRQHandler
                0x0000000008007edc                EXTI2_IRQHandler
                0x0000000008007edc                SPI4_IRQHandler
                0x0000000008007edc                TIM1_CC_IRQHandler
                0x0000000008007edc                DMA2_Stream5_IRQHandler
                0x0000000008007edc                DMA1_Stream5_IRQHandler
                0x0000000008007edc                PVD_IRQHandler
                0x0000000008007edc                SDIO_IRQHandler
                0x0000000008007edc                TAMP_STAMP_IRQHandler
                0x0000000008007edc                EXTI3_IRQHandler
                0x0000000008007edc                TIM1_UP_TIM10_IRQHandler
                0x0000000008007edc                I2C3_ER_IRQHandler
                0x0000000008007edc                EXTI0_IRQHandler
                0x0000000008007edc                I2C2_EV_IRQHandler
                0x0000000008007edc                DMA1_Stream2_IRQHandler
                0x0000000008007edc                FPU_IRQHandler
                0x0000000008007edc                DMA2_Stream2_IRQHandler
                0x0000000008007edc                SPI1_IRQHandler
                0x0000000008007edc                TIM1_BRK_TIM9_IRQHandler
                0x0000000008007edc                DMA2_Stream3_IRQHandler
                0x0000000008007edc                USART6_IRQHandler
                0x0000000008007edc                DMA2_Stream0_IRQHandler
                0x0000000008007edc                TIM4_IRQHandler
                0x0000000008007edc                I2C1_EV_IRQHandler
                0x0000000008007edc                DMA1_Stream6_IRQHandler
                0x0000000008007edc                DMA1_Stream1_IRQHandler
                0x0000000008007edc                TIM3_IRQHandler
                0x0000000008007edc                RCC_IRQHandler
                0x0000000008007edc                Default_Handler
                0x0000000008007edc                EXTI15_10_IRQHandler
                0x0000000008007edc                ADC_IRQHandler
                0x0000000008007edc                DMA1_Stream7_IRQHandler
                0x0000000008007edc                SPI5_IRQHandler
                0x0000000008007edc                TIM5_IRQHandler
                0x0000000008007edc                DMA2_Stream7_IRQHandler
                0x0000000008007edc                I2C3_EV_IRQHandler
                0x0000000008007edc                EXTI9_5_IRQHandler
                0x0000000008007edc                RTC_WKUP_IRQHandler
                0x0000000008007edc                SPI2_IRQHandler
                0x0000000008007edc                DMA1_Stream0_IRQHandler
                0x0000000008007edc                EXTI4_IRQHandler
                0x0000000008007edc                WWDG_IRQHandler
                0x0000000008007edc                TIM2_IRQHandler
                0x0000000008007edc                OTG_FS_WKUP_IRQHandler
                0x0000000008007edc                TIM1_TRG_COM_TIM11_IRQHandler
                0x0000000008007edc                EXTI1_IRQHandler
                0x0000000008007edc                USART2_IRQHandler
                0x0000000008007edc                I2C2_ER_IRQHandler
                0x0000000008007edc                DMA2_Stream1_IRQHandler
                0x0000000008007edc                FLASH_IRQHandler
                0x0000000008007edc                DMA2_Stream4_IRQHandler
                0x0000000008007edc                USART1_IRQHandler
                0x0000000008007edc                SPI3_IRQHandler
                0x0000000008007edc                DMA1_Stream4_IRQHandler
                0x0000000008007edc                I2C1_ER_IRQHandler
                0x0000000008007edc                DMA2_Stream6_IRQHandler
                0x0000000008007edc                DMA1_Stream3_IRQHandler
 *(.glue_7)
 .glue_7        0x0000000008007ede        0x0 linker stubs
 *(.glue_7t)
 .glue_7t       0x0000000008007ede        0x0 linker stubs
 *(.eh_frame)
 *fill*         0x0000000008007ede        0x2 
 .eh_frame      0x0000000008007ee0        0x0 /usr/lib/gcc/arm-none-eabi/10.3.1/thumb/v7e-m+fp/hard/crtbegin.o
 *(.init)
 .init          0x0000000008007ee0        0x4 /usr/lib/gcc/arm-none-eabi/10.3.1/thumb/v7e-m+fp/hard/crti.o
                0x0000000008007ee0                _init
 .init          0x0000000008007ee4        0x8 /usr/lib/gcc/arm-none-eabi/10.3.1/thumb/v7e-m+fp/hard/crtn.o
 *(.fini)
 .fini          0x0000000008007eec        0x4 /usr/lib/gcc/arm-none-eabi/10.3.1/thumb/v7e-m+fp/hard/crti.o
                0x0000000008007eec                _fini
 .fini          0x0000000008007ef0        0x8 /usr/lib/gcc/arm-none-eabi/10.3.1/thumb/v7e-m+fp/hard/crtn.o
                0x0000000008007ef8                . = ALIGN (0x4)
                0x0000000008007ef8                _etext = .

.vfp11_veneer   0x0000000008007ef8        0x0
 .vfp11_veneer  0x0000000008007ef8        0x0 linker stubs

.v4_bx          0x0000000008007ef8        0x0
 .v4_bx         0x0000000008007ef8        0x0 linker stubs

.iplt           0x0000000008007ef8        0x0
 .iplt          0x0000000008007ef8        0x0 /usr/lib/gcc/arm-none-eabi/10.3.1/thumb/v7e-m+fp/hard/crtbegin.o

.rodata         0x0000000008007ef8       0xa8
                0x0000000008007ef8                . = ALIGN (0x4)
 *(.rodata)
 .rodata        0x0000000008007ef8        0xb CMakeFiles/blackpill_v5.dir/Core/Src/main.c.obj
 *fill*         0x0000000008007f03        0x1 
 .rodata        0x0000000008007f04       0x46 CMakeFiles/blackpill_v5.dir/USB_DEVICE/App/usbd_desc.c.obj
 *(.rodata*)
 *fill*         0x0000000008007f4a        0x2 
 .rodata.AHBPrescTable
                0x0000000008007f4c       0x10 CMakeFiles/blackpill_v5.dir/Core/Src/system_stm32f4xx.c.obj
                0x0000000008007f4c                AHBPrescTable
 .rodata.APBPrescTable
                0x0000000008007f5c        0x8 CMakeFiles/blackpill_v5.dir/Core/Src/system_stm32f4xx.c.obj
                0x0000000008007f5c                APBPrescTable
 .rodata.str1.4
                0x0000000008007f64       0x13 /usr/lib/gcc/arm-none-eabi/10.3.1/../../../arm-none-eabi/lib/thumb/v7e-m+fp/hard/libg_nano.a(lib_a-nano-svfprintf.o)
 *fill*         0x0000000008007f77        0x1 
 .rodata.str1.4
                0x0000000008007f78       0x25 /usr/lib/gcc/arm-none-eabi/10.3.1/../../../arm-none-eabi/lib/thumb/v7e-m+fp/hard/libg_nano.a(lib_a-nano-vfprintf_i.o)
                0x0000000008007fa0                . = ALIGN (0x4)
 *fill*         0x0000000008007f9d        0x3 

.ARM.extab
 *(.ARM.extab* .gnu.linkonce.armextab.*)

.ARM            0x0000000008007fa0        0x8
                0x0000000008007fa0                __exidx_start = .
 *(.ARM.exidx*)
 .ARM.exidx     0x0000000008007fa0        0x8 /usr/lib/gcc/arm-none-eabi/10.3.1/thumb/v7e-m+fp/hard/libgcc.a(_udivmoddi4.o)
                0x0000000008007fa8                __exidx_end = .

.rel.dyn        0x0000000008007fa8        0x0
 .rel.iplt      0x0000000008007fa8        0x0 /usr/lib/gcc/arm-none-eabi/10.3.1/thumb/v7e-m+fp/hard/crtbegin.o

.preinit_array  0x0000000008007fa8        0x0
                0x0000000008007fa8                PROVIDE (__preinit_array_start = .)
 *(.preinit_array*)
                0x0000000008007fa8                PROVIDE (__preinit_array_end = .)

.init_array     0x0000000008007fa8        0x4
                0x0000000008007fa8                PROVIDE (__init_array_start = .)
 *(SORT_BY_NAME(.init_array.*))
 *(.init_array*)
 .init_array    0x0000000008007fa8        0x4 /usr/lib/gcc/arm-none-eabi/10.3.1/thumb/v7e-m+fp/hard/crtbegin.o
                0x0000000008007fac                PROVIDE (__init_array_end = .)

.fini_array     0x0000000008007fac        0x4
                0x0000000008007fac                PROVIDE (__fini_array_start = .)
 *(SORT_BY_NAME(.fini_array.*))
 *(.fini_array*)
 .fini_array    0x0000000008007fac        0x4 /usr/lib/gcc/arm-none-eabi/10.3.1/thumb/v7e-m+fp/hard/crtbegin.o
                0x0000000008007fb0                PROVIDE (__fini_array_end = .)
                0x0000000008007fb0                _sidata = LOADADDR (.data)

.data           0x0000000020000000      0x160 load address 0x0000000008007fb0
                0x0000000020000000                . = ALIGN (0x4)
                0x0000000020000000                _sdata = .
 *(.data)
 .data          0x0000000020000000       0x64 /usr/lib/gcc/arm-none-eabi/10.3.1/../../../arm-none-eabi/lib/thumb/v7e-m+fp/hard/libc_nano.a(lib_a-impure.o)
                0x0000000020000000                _impure_ptr
 *(.data*)
 .data.FS_Desc  0x0000000020000064       0x1c CMakeFiles/blackpill_v5.dir/USB_DEVICE/App/usbd_desc.c.obj
                0x0000000020000064                FS_Desc
 .data.USBD_FS_DeviceDesc
                0x0000000020000080       0x12 CMakeFiles/blackpill_v5.dir/USB_DEVICE/App/usbd_desc.c.obj
                0x0000000020000080                USBD_FS_DeviceDesc
 *fill*         0x0000000020000092        0x2 
 .data.USBD_LangIDDesc
                0x0000000020000094        0x4 CMakeFiles/blackpill_v5.dir/USB_DEVICE/App/usbd_desc.c.obj
                0x0000000020000094                USBD_LangIDDesc
 .data.USBD_StringSerial
                0x0000000020000098       0x1a CMakeFiles/blackpill_v5.dir/USB_DEVICE/App/usbd_desc.c.obj
                0x0000000020000098                USBD_StringSerial
 *fill*         0x00000000200000b2        0x2 
 .data.USBD_Interface_fops_FS
                0x00000000200000b4       0x14 CMakeFiles/blackpill_v5.dir/USB_DEVICE/App/usbd_cdc_if.c.obj
                0x00000000200000b4                USBD_Interface_fops_FS
 .data.uwTickPrio
                0x00000000200000c8        0x4 CMakeFiles/blackpill_v5.dir/Drivers/STM32F4xx_HAL_Driver/Src/stm32f4xx_hal.c.obj
                0x00000000200000c8                uwTickPrio
 .data.uwTickFreq
                0x00000000200000cc        0x1 CMakeFiles/blackpill_v5.dir/Drivers/STM32F4xx_HAL_Driver/Src/stm32f4xx_hal.c.obj
                0x00000000200000cc                uwTickFreq
 *fill*         0x00000000200000cd        0x3 
 .data.SystemCoreClock
                0x00000000200000d0        0x4 CMakeFiles/blackpill_v5.dir/Core/Src/system_stm32f4xx.c.obj
                0x00000000200000d0                SystemCoreClock
 .data.USBD_CDC_DeviceQualifierDesc
                0x00000000200000d4        0xa CMakeFiles/blackpill_v5.dir/Middlewares/ST/STM32_USB_Device_Library/Class/CDC/Src/usbd_cdc.c.obj
 *fill*         0x00000000200000de        0x2 
 .data.USBD_CDC
                0x00000000200000e0       0x38 CMakeFiles/blackpill_v5.dir/Middlewares/ST/STM32_USB_Device_Library/Class/CDC/Src/usbd_cdc.c.obj
                0x00000000200000e0                USBD_CDC
 .data.USBD_CDC_CfgDesc
                0x0000000020000118       0x43 CMakeFiles/blackpill_v5.dir/Middlewares/ST/STM32_USB_Device_Library/Class/CDC/Src/usbd_cdc.c.obj
 .data.CDCInEpAdd
                0x000000002000015b        0x1 CMakeFiles/blackpill_v5.dir/Middlewares/ST/STM32_USB_Device_Library/Class/CDC/Src/usbd_cdc.c.obj
 .data.CDCOutEpAdd
                0x000000002000015c        0x1 CMakeFiles/blackpill_v5.dir/Middlewares/ST/STM32_USB_Device_Library/Class/CDC/Src/usbd_cdc.c.obj
 .data.CDCCmdEpAdd
                0x000000002000015d        0x1 CMakeFiles/blackpill_v5.dir/Middlewares/ST/STM32_USB_Device_Library/Class/CDC/Src/usbd_cdc.c.obj
                0x0000000020000160                . = ALIGN (0x4)
 *fill*         0x000000002000015e        0x2 
                0x0000000020000160                _edata = .

.tm_clone_table
                0x0000000020000160        0x0 load address 0x0000000008008110
 .tm_clone_table
                0x0000000020000160        0x0 /usr/lib/gcc/arm-none-eabi/10.3.1/thumb/v7e-m+fp/hard/crtbegin.o
 .tm_clone_table
                0x0000000020000160        0x0 /usr/lib/gcc/arm-none-eabi/10.3.1/thumb/v7e-m+fp/hard/crtend.o

.igot.plt       0x0000000020000160        0x0 load address 0x0000000008008110
 .igot.plt      0x0000000020000160        0x0 /usr/lib/gcc/arm-none-eabi/10.3.1/thumb/v7e-m+fp/hard/crtbegin.o
                0x0000000020000160                . = ALIGN (0x4)

.bss            0x0000000020000160     0x1c68 load address 0x0000000008008110
                0x0000000020000160                _sbss = .
                0x0000000020000160                __bss_start__ = _sbss
 *(.bss)
 .bss           0x0000000020000160       0x1c /usr/lib/gcc/arm-none-eabi/10.3.1/thumb/v7e-m+fp/hard/crtbegin.o
 .bss           0x000000002000017c        0x8 /usr/lib/gcc/arm-none-eabi/10.3.1/../../../arm-none-eabi/lib/thumb/v7e-m+fp/hard/libg_nano.a(lib_a-nano-mallocr.o)
                0x000000002000017c                __malloc_free_list
                0x0000000020000180                __malloc_sbrk_start
 .bss           0x0000000020000184        0x4 /usr/lib/gcc/arm-none-eabi/10.3.1/../../../arm-none-eabi/lib/thumb/v7e-m+fp/hard/libg_nano.a(lib_a-reent.o)
                0x0000000020000184                errno
 *(.bss*)
 .bss.hi2c1     0x0000000020000188       0x54 CMakeFiles/blackpill_v5.dir/Core/Src/i2c.c.obj
                0x0000000020000188                hi2c1
 .bss.hUsbDeviceFS
                0x00000000200001dc      0x2dc CMakeFiles/blackpill_v5.dir/USB_DEVICE/App/usb_device.c.obj
                0x00000000200001dc                hUsbDeviceFS
 .bss.USBD_StrDesc
                0x00000000200004b8      0x200 CMakeFiles/blackpill_v5.dir/USB_DEVICE/App/usbd_desc.c.obj
                0x00000000200004b8                USBD_StrDesc
 .bss.UserRxBufferFS
                0x00000000200006b8      0x800 CMakeFiles/blackpill_v5.dir/USB_DEVICE/App/usbd_cdc_if.c.obj
                0x00000000200006b8                UserRxBufferFS
 .bss.UserTxBufferFS
                0x0000000020000eb8      0x800 CMakeFiles/blackpill_v5.dir/USB_DEVICE/App/usbd_cdc_if.c.obj
                0x0000000020000eb8                UserTxBufferFS
 .bss.hpcd_USB_OTG_FS
                0x00000000200016b8      0x4e4 CMakeFiles/blackpill_v5.dir/USB_DEVICE/Target/usbd_conf.c.obj
                0x00000000200016b8                hpcd_USB_OTG_FS
 .bss.mem.0     0x0000000020001b9c      0x220 CMakeFiles/blackpill_v5.dir/USB_DEVICE/Target/usbd_conf.c.obj
 .bss.uwTick    0x0000000020001dbc        0x4 CMakeFiles/blackpill_v5.dir/Drivers/STM32F4xx_HAL_Driver/Src/stm32f4xx_hal.c.obj
                0x0000000020001dbc                uwTick
 .bss.cfgidx.0  0x0000000020001dc0        0x1 CMakeFiles/blackpill_v5.dir/Middlewares/ST/STM32_USB_Device_Library/Core/Src/usbd_ctlreq.c.obj
 *fill*         0x0000000020001dc1        0x3 
 .bss.__sbrk_heap_end
                0x0000000020001dc4        0x4 CMakeFiles/blackpill_v5.dir/Core/Src/sysmem.c.obj
 *(COMMON)
                0x0000000020001dc8                . = ALIGN (0x4)
                0x0000000020001dc8                _ebss = .
                0x0000000020001dc8                __bss_end__ = _ebss

._user_heap_stack
                0x0000000020001dc8      0x600 load address 0x0000000008008110
                0x0000000020001dc8                . = ALIGN (0x8)
                [!provide]                        PROVIDE (end = .)
                0x0000000020001dc8                PROVIDE (_end = .)
                0x0000000020001fc8                . = (. + _Min_Heap_Size)
 *fill*         0x0000000020001dc8      0x200 
                0x00000000200023c8                . = (. + _Min_Stack_Size)
 *fill*         0x0000000020001fc8      0x400 
                0x00000000200023c8                . = ALIGN (0x8)

/DISCARD/
 libc.a(*)
 libm.a(*)
 libgcc.a(*)

.ARM.attributes
                0x0000000000000000       0x30
 *(.ARM.attributes)
 .ARM.attributes
                0x0000000000000000       0x1e /usr/lib/gcc/arm-none-eabi/10.3.1/thumb/v7e-m+fp/hard/crti.o
 .ARM.attributes
                0x000000000000001e       0x34 /usr/lib/gcc/arm-none-eabi/10.3.1/thumb/v7e-m+fp/hard/crtbegin.o
 .ARM.attributes
                0x0000000000000052       0x32 /usr/lib/gcc/arm-none-eabi/10.3.1/../../../arm-none-eabi/lib/thumb/v7e-m+fp/hard/libc_nano.a(lib_a-impure.o)
 .ARM.attributes
                0x0000000000000084       0x34 /usr/lib/gcc/arm-none-eabi/10.3.1/../../../arm-none-eabi/lib/thumb/v7e-m+fp/hard/libc_nano.a(lib_a-init.o)
 .ARM.attributes
                0x00000000000000b8       0x34 /usr/lib/gcc/arm-none-eabi/10.3.1/../../../arm-none-eabi/lib/thumb/v7e-m+fp/hard/libc_nano.a(lib_a-memset.o)
 .ARM.attributes
                0x00000000000000ec       0x34 CMakeFiles/blackpill_v5.dir/Core/Src/main.c.obj
 .ARM.attributes
                0x0000000000000120       0x34 CMakeFiles/blackpill_v5.dir/Core/Src/gpio.c.obj
 .ARM.attributes
                0x0000000000000154       0x34 CMakeFiles/blackpill_v5.dir/Core/Src/i2c.c.obj
 .ARM.attributes
                0x0000000000000188       0x34 CMakeFiles/blackpill_v5.dir/Core/Src/stm32f4xx_it.c.obj
 .ARM.attributes
                0x00000000000001bc       0x34 CMakeFiles/blackpill_v5.dir/Core/Src/stm32f4xx_hal_msp.c.obj
 .ARM.attributes
                0x00000000000001f0       0x34 CMakeFiles/blackpill_v5.dir/USB_DEVICE/App/usb_device.c.obj
 .ARM.attributes
                0x0000000000000224       0x34 CMakeFiles/blackpill_v5.dir/USB_DEVICE/App/usbd_desc.c.obj
 .ARM.attributes
                0x0000000000000258       0x34 CMakeFiles/blackpill_v5.dir/USB_DEVICE/App/usbd_cdc_if.c.obj
 .ARM.attributes
                0x000000000000028c       0x34 CMakeFiles/blackpill_v5.dir/USB_DEVICE/Target/usbd_conf.c.obj
 .ARM.attributes
                0x00000000000002c0       0x34 CMakeFiles/blackpill_v5.dir/Drivers/STM32F4xx_HAL_Driver/Src/stm32f4xx_hal_pcd.c.obj
 .ARM.attributes
                0x00000000000002f4       0x34 CMakeFiles/blackpill_v5.dir/Drivers/STM32F4xx_HAL_Driver/Src/stm32f4xx_hal_pcd_ex.c.obj
 .ARM.attributes
                0x0000000000000328       0x34 CMakeFiles/blackpill_v5.dir/Drivers/STM32F4xx_HAL_Driver/Src/stm32f4xx_ll_usb.c.obj
 .ARM.attributes
                0x000000000000035c       0x34 CMakeFiles/blackpill_v5.dir/Drivers/STM32F4xx_HAL_Driver/Src/stm32f4xx_hal_rcc.c.obj
 .ARM.attributes
                0x0000000000000390       0x34 CMakeFiles/blackpill_v5.dir/Drivers/STM32F4xx_HAL_Driver/Src/stm32f4xx_hal_gpio.c.obj
 .ARM.attributes
                0x00000000000003c4       0x34 CMakeFiles/blackpill_v5.dir/Drivers/STM32F4xx_HAL_Driver/Src/stm32f4xx_hal_cortex.c.obj
 .ARM.attributes
                0x00000000000003f8       0x34 CMakeFiles/blackpill_v5.dir/Drivers/STM32F4xx_HAL_Driver/Src/stm32f4xx_hal.c.obj
 .ARM.attributes
                0x000000000000042c       0x34 CMakeFiles/blackpill_v5.dir/Drivers/STM32F4xx_HAL_Driver/Src/stm32f4xx_hal_i2c.c.obj
 .ARM.attributes
                0x0000000000000460       0x34 CMakeFiles/blackpill_v5.dir/Core/Src/system_stm32f4xx.c.obj
 .ARM.attributes
                0x0000000000000494       0x34 CMakeFiles/blackpill_v5.dir/Middlewares/ST/STM32_USB_Device_Library/Core/Src/usbd_core.c.obj
 .ARM.attributes
                0x00000000000004c8       0x34 CMakeFiles/blackpill_v5.dir/Middlewares/ST/STM32_USB_Device_Library/Core/Src/usbd_ctlreq.c.obj
 .ARM.attributes
                0x00000000000004fc       0x34 CMakeFiles/blackpill_v5.dir/Middlewares/ST/STM32_USB_Device_Library/Core/Src/usbd_ioreq.c.obj
 .ARM.attributes
                0x0000000000000530       0x34 CMakeFiles/blackpill_v5.dir/Middlewares/ST/STM32_USB_Device_Library/Class/CDC/Src/usbd_cdc.c.obj
 .ARM.attributes
                0x0000000000000564       0x34 CMakeFiles/blackpill_v5.dir/Core/Src/sysmem.c.obj
 .ARM.attributes
                0x0000000000000598       0x21 CMakeFiles/blackpill_v5.dir/startup_stm32f411xe.s.obj
 .ARM.attributes
                0x00000000000005b9       0x1e /usr/lib/gcc/arm-none-eabi/10.3.1/thumb/v7e-m+fp/hard/libgcc.a(_aeabi_uldivmod.o)
 .ARM.attributes
                0x00000000000005d7       0x34 /usr/lib/gcc/arm-none-eabi/10.3.1/thumb/v7e-m+fp/hard/libgcc.a(_udivmoddi4.o)
 .ARM.attributes
                0x000000000000060b       0x1e /usr/lib/gcc/arm-none-eabi/10.3.1/thumb/v7e-m+fp/hard/libgcc.a(_dvmd_tls.o)
 .ARM.attributes
                0x0000000000000629       0x34 /usr/lib/gcc/arm-none-eabi/10.3.1/../../../arm-none-eabi/lib/thumb/v7e-m+fp/hard/libg_nano.a(lib_a-errno.o)
 .ARM.attributes
                0x000000000000065d       0x34 /usr/lib/gcc/arm-none-eabi/10.3.1/../../../arm-none-eabi/lib/thumb/v7e-m+fp/hard/libg_nano.a(lib_a-sprintf.o)
 .ARM.attributes
                0x0000000000000691       0x1c /usr/lib/gcc/arm-none-eabi/10.3.1/../../../arm-none-eabi/lib/thumb/v7e-m+fp/hard/libg_nano.a(lib_a-strlen.o)
 .ARM.attributes
                0x00000000000006ad       0x34 /usr/lib/gcc/arm-none-eabi/10.3.1/../../../arm-none-eabi/lib/thumb/v7e-m+fp/hard/libg_nano.a(lib_a-nano-svfprintf.o)
 .ARM.attributes
                0x00000000000006e1       0x34 /usr/lib/gcc/arm-none-eabi/10.3.1/../../../arm-none-eabi/lib/thumb/v7e-m+fp/hard/libg_nano.a(lib_a-nano-vfprintf_i.o)
 .ARM.attributes
                0x0000000000000715       0x1c /usr/lib/gcc/arm-none-eabi/10.3.1/../../../arm-none-eabi/lib/thumb/v7e-m+fp/hard/libg_nano.a(lib_a-memchr.o)
 .ARM.attributes
                0x0000000000000731       0x1c /usr/lib/gcc/arm-none-eabi/10.3.1/../../../arm-none-eabi/lib/thumb/v7e-m+fp/hard/libg_nano.a(lib_a-memcpy.o)
 .ARM.attributes
                0x000000000000074d       0x34 /usr/lib/gcc/arm-none-eabi/10.3.1/../../../arm-none-eabi/lib/thumb/v7e-m+fp/hard/libg_nano.a(lib_a-memmove.o)
 .ARM.attributes
                0x0000000000000781       0x34 /usr/lib/gcc/arm-none-eabi/10.3.1/../../../arm-none-eabi/lib/thumb/v7e-m+fp/hard/libg_nano.a(lib_a-nano-freer.o)
 .ARM.attributes
                0x00000000000007b5       0x34 /usr/lib/gcc/arm-none-eabi/10.3.1/../../../arm-none-eabi/lib/thumb/v7e-m+fp/hard/libg_nano.a(lib_a-nano-mallocr.o)
 .ARM.attributes
                0x00000000000007e9       0x34 /usr/lib/gcc/arm-none-eabi/10.3.1/../../../arm-none-eabi/lib/thumb/v7e-m+fp/hard/libg_nano.a(lib_a-nano-reallocr.o)
 .ARM.attributes
                0x000000000000081d       0x34 /usr/lib/gcc/arm-none-eabi/10.3.1/../../../arm-none-eabi/lib/thumb/v7e-m+fp/hard/libg_nano.a(lib_a-sbrkr.o)
 .ARM.attributes
                0x0000000000000851       0x34 /usr/lib/gcc/arm-none-eabi/10.3.1/../../../arm-none-eabi/lib/thumb/v7e-m+fp/hard/libg_nano.a(lib_a-mlock.o)
 .ARM.attributes
                0x0000000000000885       0x34 /usr/lib/gcc/arm-none-eabi/10.3.1/../../../arm-none-eabi/lib/thumb/v7e-m+fp/hard/libg_nano.a(lib_a-nano-msizer.o)
 .ARM.attributes
                0x00000000000008b9       0x34 /usr/lib/gcc/arm-none-eabi/10.3.1/../../../arm-none-eabi/lib/thumb/v7e-m+fp/hard/libg_nano.a(lib_a-reent.o)
 .ARM.attributes
                0x00000000000008ed       0x32 /usr/lib/gcc/arm-none-eabi/10.3.1/thumb/v7e-m+fp/hard/crtend.o
 .ARM.attributes
                0x000000000000091f       0x1e /usr/lib/gcc/arm-none-eabi/10.3.1/thumb/v7e-m+fp/hard/crtn.o
OUTPUT(blackpill_v5.elf elf32-littlearm)
LOAD linker stubs
LOAD /usr/lib/gcc/arm-none-eabi/10.3.1/../../../arm-none-eabi/lib/thumb/v7e-m+fp/hard/libc.a
LOAD /usr/lib/gcc/arm-none-eabi/10.3.1/../../../arm-none-eabi/lib/thumb/v7e-m+fp/hard/libm.a
LOAD /usr/lib/gcc/arm-none-eabi/10.3.1/thumb/v7e-m+fp/hard/libgcc.a

.comment        0x0000000000000000       0x33
 .comment       0x0000000000000000       0x33 /usr/lib/gcc/arm-none-eabi/10.3.1/thumb/v7e-m+fp/hard/crtbegin.o
                                         0x34 (size before relaxing)
 .comment       0x0000000000000033       0x34 /usr/lib/gcc/arm-none-eabi/10.3.1/../../../arm-none-eabi/lib/thumb/v7e-m+fp/hard/libc_nano.a(lib_a-impure.o)
 .comment       0x0000000000000033       0x34 /usr/lib/gcc/arm-none-eabi/10.3.1/../../../arm-none-eabi/lib/thumb/v7e-m+fp/hard/libc_nano.a(lib_a-init.o)
 .comment       0x0000000000000033       0x34 /usr/lib/gcc/arm-none-eabi/10.3.1/../../../arm-none-eabi/lib/thumb/v7e-m+fp/hard/libc_nano.a(lib_a-memset.o)
 .comment       0x0000000000000033       0x34 CMakeFiles/blackpill_v5.dir/Core/Src/main.c.obj
 .comment       0x0000000000000033       0x34 CMakeFiles/blackpill_v5.dir/Core/Src/gpio.c.obj
 .comment       0x0000000000000033       0x34 CMakeFiles/blackpill_v5.dir/Core/Src/i2c.c.obj
 .comment       0x0000000000000033       0x34 CMakeFiles/blackpill_v5.dir/Core/Src/stm32f4xx_it.c.obj
 .comment       0x0000000000000033       0x34 CMakeFiles/blackpill_v5.dir/Core/Src/stm32f4xx_hal_msp.c.obj
 .comment       0x0000000000000033       0x34 CMakeFiles/blackpill_v5.dir/USB_DEVICE/App/usb_device.c.obj
 .comment       0x0000000000000033       0x34 CMakeFiles/blackpill_v5.dir/USB_DEVICE/App/usbd_desc.c.obj
 .comment       0x0000000000000033       0x34 CMakeFiles/blackpill_v5.dir/USB_DEVICE/App/usbd_cdc_if.c.obj
 .comment       0x0000000000000033       0x34 CMakeFiles/blackpill_v5.dir/USB_DEVICE/Target/usbd_conf.c.obj
 .comment       0x0000000000000033       0x34 CMakeFiles/blackpill_v5.dir/Drivers/STM32F4xx_HAL_Driver/Src/stm32f4xx_hal_pcd.c.obj
 .comment       0x0000000000000033       0x34 CMakeFiles/blackpill_v5.dir/Drivers/STM32F4xx_HAL_Driver/Src/stm32f4xx_hal_pcd_ex.c.obj
 .comment       0x0000000000000033       0x34 CMakeFiles/blackpill_v5.dir/Drivers/STM32F4xx_HAL_Driver/Src/stm32f4xx_ll_usb.c.obj
 .comment       0x0000000000000033       0x34 CMakeFiles/blackpill_v5.dir/Drivers/STM32F4xx_HAL_Driver/Src/stm32f4xx_hal_rcc.c.obj
 .comment       0x0000000000000033       0x34 CMakeFiles/blackpill_v5.dir/Drivers/STM32F4xx_HAL_Driver/Src/stm32f4xx_hal_gpio.c.obj
 .comment       0x0000000000000033       0x34 CMakeFiles/blackpill_v5.dir/Drivers/STM32F4xx_HAL_Driver/Src/stm32f4xx_hal_cortex.c.obj
 .comment       0x0000000000000033       0x34 CMakeFiles/blackpill_v5.dir/Drivers/STM32F4xx_HAL_Driver/Src/stm32f4xx_hal.c.obj
 .comment       0x0000000000000033       0x34 CMakeFiles/blackpill_v5.dir/Drivers/STM32F4xx_HAL_Driver/Src/stm32f4xx_hal_i2c.c.obj
 .comment       0x0000000000000033       0x34 CMakeFiles/blackpill_v5.dir/Core/Src/system_stm32f4xx.c.obj
 .comment       0x0000000000000033       0x34 CMakeFiles/blackpill_v5.dir/Middlewares/ST/STM32_USB_Device_Library/Core/Src/usbd_core.c.obj
 .comment       0x0000000000000033       0x34 CMakeFiles/blackpill_v5.dir/Middlewares/ST/STM32_USB_Device_Library/Core/Src/usbd_ctlreq.c.obj
 .comment       0x0000000000000033       0x34 CMakeFiles/blackpill_v5.dir/Middlewares/ST/STM32_USB_Device_Library/Core/Src/usbd_ioreq.c.obj
 .comment       0x0000000000000033       0x34 CMakeFiles/blackpill_v5.dir/Middlewares/ST/STM32_USB_Device_Library/Class/CDC/Src/usbd_cdc.c.obj
 .comment       0x0000000000000033       0x34 CMakeFiles/blackpill_v5.dir/Core/Src/sysmem.c.obj
 .comment       0x0000000000000033       0x34 /usr/lib/gcc/arm-none-eabi/10.3.1/thumb/v7e-m+fp/hard/libgcc.a(_udivmoddi4.o)
 .comment       0x0000000000000033       0x34 /usr/lib/gcc/arm-none-eabi/10.3.1/../../../arm-none-eabi/lib/thumb/v7e-m+fp/hard/libg_nano.a(lib_a-errno.o)
 .comment       0x0000000000000033       0x34 /usr/lib/gcc/arm-none-eabi/10.3.1/../../../arm-none-eabi/lib/thumb/v7e-m+fp/hard/libg_nano.a(lib_a-sprintf.o)
 .comment       0x0000000000000033       0x34 /usr/lib/gcc/arm-none-eabi/10.3.1/../../../arm-none-eabi/lib/thumb/v7e-m+fp/hard/libg_nano.a(lib_a-nano-svfprintf.o)
 .comment       0x0000000000000033       0x34 /usr/lib/gcc/arm-none-eabi/10.3.1/../../../arm-none-eabi/lib/thumb/v7e-m+fp/hard/libg_nano.a(lib_a-nano-vfprintf_i.o)
 .comment       0x0000000000000033       0x34 /usr/lib/gcc/arm-none-eabi/10.3.1/../../../arm-none-eabi/lib/thumb/v7e-m+fp/hard/libg_nano.a(lib_a-memmove.o)
 .comment       0x0000000000000033       0x34 /usr/lib/gcc/arm-none-eabi/10.3.1/../../../arm-none-eabi/lib/thumb/v7e-m+fp/hard/libg_nano.a(lib_a-nano-freer.o)
 .comment       0x0000000000000033       0x34 /usr/lib/gcc/arm-none-eabi/10.3.1/../../../arm-none-eabi/lib/thumb/v7e-m+fp/hard/libg_nano.a(lib_a-nano-mallocr.o)
 .comment       0x0000000000000033       0x34 /usr/lib/gcc/arm-none-eabi/10.3.1/../../../arm-none-eabi/lib/thumb/v7e-m+fp/hard/libg_nano.a(lib_a-nano-reallocr.o)
 .comment       0x0000000000000033       0x34 /usr/lib/gcc/arm-none-eabi/10.3.1/../../../arm-none-eabi/lib/thumb/v7e-m+fp/hard/libg_nano.a(lib_a-sbrkr.o)
 .comment       0x0000000000000033       0x34 /usr/lib/gcc/arm-none-eabi/10.3.1/../../../arm-none-eabi/lib/thumb/v7e-m+fp/hard/libg_nano.a(lib_a-mlock.o)
 .comment       0x0000000000000033       0x34 /usr/lib/gcc/arm-none-eabi/10.3.1/../../../arm-none-eabi/lib/thumb/v7e-m+fp/hard/libg_nano.a(lib_a-nano-msizer.o)
 .comment       0x0000000000000033       0x34 /usr/lib/gcc/arm-none-eabi/10.3.1/../../../arm-none-eabi/lib/thumb/v7e-m+fp/hard/libg_nano.a(lib_a-reent.o)
 .comment       0x0000000000000033       0x34 /usr/lib/gcc/arm-none-eabi/10.3.1/thumb/v7e-m+fp/hard/crtend.o

.debug_info     0x0000000000000000    0x18417
 .debug_info    0x0000000000000000      0x863 /usr/lib/gcc/arm-none-eabi/10.3.1/../../../arm-none-eabi/lib/thumb/v7e-m+fp/hard/libc_nano.a(lib_a-impure.o)
 .debug_info    0x0000000000000863      0x11a /usr/lib/gcc/arm-none-eabi/10.3.1/../../../arm-none-eabi/lib/thumb/v7e-m+fp/hard/libc_nano.a(lib_a-init.o)
 .debug_info    0x000000000000097d      0x137 /usr/lib/gcc/arm-none-eabi/10.3.1/../../../arm-none-eabi/lib/thumb/v7e-m+fp/hard/libc_nano.a(lib_a-memset.o)
 .debug_info    0x0000000000000ab4      0x514 CMakeFiles/blackpill_v5.dir/Core/Src/main.c.obj
 .debug_info    0x0000000000000fc8      0x2e5 CMakeFiles/blackpill_v5.dir/Core/Src/gpio.c.obj
 .debug_info    0x00000000000012ad      0x9b7 CMakeFiles/blackpill_v5.dir/Core/Src/i2c.c.obj
 .debug_info    0x0000000000001c64      0x623 CMakeFiles/blackpill_v5.dir/Core/Src/stm32f4xx_it.c.obj
 .debug_info    0x0000000000002287      0x2c8 CMakeFiles/blackpill_v5.dir/Core/Src/stm32f4xx_hal_msp.c.obj
 .debug_info    0x000000000000254f      0x6ad CMakeFiles/blackpill_v5.dir/USB_DEVICE/App/usb_device.c.obj
 .debug_info    0x0000000000002bfc      0x47c CMakeFiles/blackpill_v5.dir/USB_DEVICE/App/usbd_desc.c.obj
 .debug_info    0x0000000000003078      0x902 CMakeFiles/blackpill_v5.dir/USB_DEVICE/App/usbd_cdc_if.c.obj
 .debug_info    0x000000000000397a     0x192d CMakeFiles/blackpill_v5.dir/USB_DEVICE/Target/usbd_conf.c.obj
 .debug_info    0x00000000000052a7     0x12fb CMakeFiles/blackpill_v5.dir/Drivers/STM32F4xx_HAL_Driver/Src/stm32f4xx_hal_pcd.c.obj
 .debug_info    0x00000000000065a2      0x70b CMakeFiles/blackpill_v5.dir/Drivers/STM32F4xx_HAL_Driver/Src/stm32f4xx_hal_pcd_ex.c.obj
 .debug_info    0x0000000000006cad     0x1b07 CMakeFiles/blackpill_v5.dir/Drivers/STM32F4xx_HAL_Driver/Src/stm32f4xx_ll_usb.c.obj
 .debug_info    0x00000000000087b4      0x918 CMakeFiles/blackpill_v5.dir/Drivers/STM32F4xx_HAL_Driver/Src/stm32f4xx_hal_rcc.c.obj
 .debug_info    0x00000000000090cc      0x76a CMakeFiles/blackpill_v5.dir/Drivers/STM32F4xx_HAL_Driver/Src/stm32f4xx_hal_gpio.c.obj
 .debug_info    0x0000000000009836      0xdaf CMakeFiles/blackpill_v5.dir/Drivers/STM32F4xx_HAL_Driver/Src/stm32f4xx_hal_cortex.c.obj
 .debug_info    0x000000000000a5e5      0x8ae CMakeFiles/blackpill_v5.dir/Drivers/STM32F4xx_HAL_Driver/Src/stm32f4xx_hal.c.obj
 .debug_info    0x000000000000ae93     0x259f CMakeFiles/blackpill_v5.dir/Drivers/STM32F4xx_HAL_Driver/Src/stm32f4xx_hal_i2c.c.obj
 .debug_info    0x000000000000d432      0x537 CMakeFiles/blackpill_v5.dir/Core/Src/system_stm32f4xx.c.obj
 .debug_info    0x000000000000d969      0xd56 CMakeFiles/blackpill_v5.dir/Middlewares/ST/STM32_USB_Device_Library/Core/Src/usbd_core.c.obj
 .debug_info    0x000000000000e6bf      0xa71 CMakeFiles/blackpill_v5.dir/Middlewares/ST/STM32_USB_Device_Library/Core/Src/usbd_ctlreq.c.obj
 .debug_info    0x000000000000f130      0x775 CMakeFiles/blackpill_v5.dir/Middlewares/ST/STM32_USB_Device_Library/Core/Src/usbd_ioreq.c.obj
 .debug_info    0x000000000000f8a5     0x11b9 CMakeFiles/blackpill_v5.dir/Middlewares/ST/STM32_USB_Device_Library/Class/CDC/Src/usbd_cdc.c.obj
 .debug_info    0x0000000000010a5e      0x147 CMakeFiles/blackpill_v5.dir/Core/Src/sysmem.c.obj
 .debug_info    0x0000000000010ba5       0x22 CMakeFiles/blackpill_v5.dir/startup_stm32f411xe.s.obj
 .debug_info    0x0000000000010bc7       0x26 /usr/lib/gcc/arm-none-eabi/10.3.1/thumb/v7e-m+fp/hard/libgcc.a(_aeabi_uldivmod.o)
 .debug_info    0x0000000000010bed      0x717 /usr/lib/gcc/arm-none-eabi/10.3.1/thumb/v7e-m+fp/hard/libgcc.a(_udivmoddi4.o)
 .debug_info    0x0000000000011304       0x26 /usr/lib/gcc/arm-none-eabi/10.3.1/thumb/v7e-m+fp/hard/libgcc.a(_dvmd_tls.o)
 .debug_info    0x000000000001132a      0x7ae /usr/lib/gcc/arm-none-eabi/10.3.1/../../../arm-none-eabi/lib/thumb/v7e-m+fp/hard/libg_nano.a(lib_a-errno.o)
 .debug_info    0x0000000000011ad8      0x926 /usr/lib/gcc/arm-none-eabi/10.3.1/../../../arm-none-eabi/lib/thumb/v7e-m+fp/hard/libg_nano.a(lib_a-sprintf.o)
 .debug_info    0x00000000000123fe       0x26 /usr/lib/gcc/arm-none-eabi/10.3.1/../../../arm-none-eabi/lib/thumb/v7e-m+fp/hard/libg_nano.a(lib_a-strlen.o)
 .debug_info    0x0000000000012424     0x10d5 /usr/lib/gcc/arm-none-eabi/10.3.1/../../../arm-none-eabi/lib/thumb/v7e-m+fp/hard/libg_nano.a(lib_a-nano-svfprintf.o)
 .debug_info    0x00000000000134f9      0xe9e /usr/lib/gcc/arm-none-eabi/10.3.1/../../../arm-none-eabi/lib/thumb/v7e-m+fp/hard/libg_nano.a(lib_a-nano-vfprintf_i.o)
 .debug_info    0x0000000000014397       0x26 /usr/lib/gcc/arm-none-eabi/10.3.1/../../../arm-none-eabi/lib/thumb/v7e-m+fp/hard/libg_nano.a(lib_a-memchr.o)
 .debug_info    0x00000000000143bd       0x26 /usr/lib/gcc/arm-none-eabi/10.3.1/../../../arm-none-eabi/lib/thumb/v7e-m+fp/hard/libg_nano.a(lib_a-memcpy.o)
 .debug_info    0x00000000000143e3      0x152 /usr/lib/gcc/arm-none-eabi/10.3.1/../../../arm-none-eabi/lib/thumb/v7e-m+fp/hard/libg_nano.a(lib_a-memmove.o)
 .debug_info    0x0000000000014535      0x903 /usr/lib/gcc/arm-none-eabi/10.3.1/../../../arm-none-eabi/lib/thumb/v7e-m+fp/hard/libg_nano.a(lib_a-nano-freer.o)
 .debug_info    0x0000000000014e38      0xa0c /usr/lib/gcc/arm-none-eabi/10.3.1/../../../arm-none-eabi/lib/thumb/v7e-m+fp/hard/libg_nano.a(lib_a-nano-mallocr.o)
 .debug_info    0x0000000000015844      0x911 /usr/lib/gcc/arm-none-eabi/10.3.1/../../../arm-none-eabi/lib/thumb/v7e-m+fp/hard/libg_nano.a(lib_a-nano-reallocr.o)
 .debug_info    0x0000000000016155      0x828 /usr/lib/gcc/arm-none-eabi/10.3.1/../../../arm-none-eabi/lib/thumb/v7e-m+fp/hard/libg_nano.a(lib_a-sbrkr.o)
 .debug_info    0x000000000001697d      0x7dc /usr/lib/gcc/arm-none-eabi/10.3.1/../../../arm-none-eabi/lib/thumb/v7e-m+fp/hard/libg_nano.a(lib_a-mlock.o)
 .debug_info    0x0000000000017159      0x840 /usr/lib/gcc/arm-none-eabi/10.3.1/../../../arm-none-eabi/lib/thumb/v7e-m+fp/hard/libg_nano.a(lib_a-nano-msizer.o)
 .debug_info    0x0000000000017999      0xa7e /usr/lib/gcc/arm-none-eabi/10.3.1/../../../arm-none-eabi/lib/thumb/v7e-m+fp/hard/libg_nano.a(lib_a-reent.o)

.debug_abbrev   0x0000000000000000     0x4718
 .debug_abbrev  0x0000000000000000      0x151 /usr/lib/gcc/arm-none-eabi/10.3.1/../../../arm-none-eabi/lib/thumb/v7e-m+fp/hard/libc_nano.a(lib_a-impure.o)
 .debug_abbrev  0x0000000000000151       0xcc /usr/lib/gcc/arm-none-eabi/10.3.1/../../../arm-none-eabi/lib/thumb/v7e-m+fp/hard/libc_nano.a(lib_a-init.o)
 .debug_abbrev  0x000000000000021d       0xb4 /usr/lib/gcc/arm-none-eabi/10.3.1/../../../arm-none-eabi/lib/thumb/v7e-m+fp/hard/libc_nano.a(lib_a-memset.o)
 .debug_abbrev  0x00000000000002d1      0x190 CMakeFiles/blackpill_v5.dir/Core/Src/main.c.obj
 .debug_abbrev  0x0000000000000461       0xd4 CMakeFiles/blackpill_v5.dir/Core/Src/gpio.c.obj
 .debug_abbrev  0x0000000000000535      0x1a1 CMakeFiles/blackpill_v5.dir/Core/Src/i2c.c.obj
 .debug_abbrev  0x00000000000006d6      0x16a CMakeFiles/blackpill_v5.dir/Core/Src/stm32f4xx_it.c.obj
 .debug_abbrev  0x0000000000000840       0xd4 CMakeFiles/blackpill_v5.dir/Core/Src/stm32f4xx_hal_msp.c.obj
 .debug_abbrev  0x0000000000000914      0x160 CMakeFiles/blackpill_v5.dir/USB_DEVICE/App/usb_device.c.obj
 .debug_abbrev  0x0000000000000a74      0x1c5 CMakeFiles/blackpill_v5.dir/USB_DEVICE/App/usbd_desc.c.obj
 .debug_abbrev  0x0000000000000c39      0x279 CMakeFiles/blackpill_v5.dir/USB_DEVICE/App/usbd_cdc_if.c.obj
 .debug_abbrev  0x0000000000000eb2      0x2c0 CMakeFiles/blackpill_v5.dir/USB_DEVICE/Target/usbd_conf.c.obj
 .debug_abbrev  0x0000000000001172      0x25c CMakeFiles/blackpill_v5.dir/Drivers/STM32F4xx_HAL_Driver/Src/stm32f4xx_hal_pcd.c.obj
 .debug_abbrev  0x00000000000013ce      0x1ce CMakeFiles/blackpill_v5.dir/Drivers/STM32F4xx_HAL_Driver/Src/stm32f4xx_hal_pcd_ex.c.obj
 .debug_abbrev  0x000000000000159c      0x281 CMakeFiles/blackpill_v5.dir/Drivers/STM32F4xx_HAL_Driver/Src/stm32f4xx_ll_usb.c.obj
 .debug_abbrev  0x000000000000181d      0x262 CMakeFiles/blackpill_v5.dir/Drivers/STM32F4xx_HAL_Driver/Src/stm32f4xx_hal_rcc.c.obj
 .debug_abbrev  0x0000000000001a7f      0x1c4 CMakeFiles/blackpill_v5.dir/Drivers/STM32F4xx_HAL_Driver/Src/stm32f4xx_hal_gpio.c.obj
 .debug_abbrev  0x0000000000001c43      0x30d CMakeFiles/blackpill_v5.dir/Drivers/STM32F4xx_HAL_Driver/Src/stm32f4xx_hal_cortex.c.obj
 .debug_abbrev  0x0000000000001f50      0x20b CMakeFiles/blackpill_v5.dir/Drivers/STM32F4xx_HAL_Driver/Src/stm32f4xx_hal.c.obj
 .debug_abbrev  0x000000000000215b      0x267 CMakeFiles/blackpill_v5.dir/Drivers/STM32F4xx_HAL_Driver/Src/stm32f4xx_hal_i2c.c.obj
 .debug_abbrev  0x00000000000023c2      0x116 CMakeFiles/blackpill_v5.dir/Core/Src/system_stm32f4xx.c.obj
 .debug_abbrev  0x00000000000024d8      0x237 CMakeFiles/blackpill_v5.dir/Middlewares/ST/STM32_USB_Device_Library/Core/Src/usbd_core.c.obj
 .debug_abbrev  0x000000000000270f      0x245 CMakeFiles/blackpill_v5.dir/Middlewares/ST/STM32_USB_Device_Library/Core/Src/usbd_ctlreq.c.obj
 .debug_abbrev  0x0000000000002954      0x173 CMakeFiles/blackpill_v5.dir/Middlewares/ST/STM32_USB_Device_Library/Core/Src/usbd_ioreq.c.obj
 .debug_abbrev  0x0000000000002ac7      0x292 CMakeFiles/blackpill_v5.dir/Middlewares/ST/STM32_USB_Device_Library/Class/CDC/Src/usbd_cdc.c.obj
 .debug_abbrev  0x0000000000002d59       0xa6 CMakeFiles/blackpill_v5.dir/Core/Src/sysmem.c.obj
 .debug_abbrev  0x0000000000002dff       0x12 CMakeFiles/blackpill_v5.dir/startup_stm32f411xe.s.obj
 .debug_abbrev  0x0000000000002e11       0x14 /usr/lib/gcc/arm-none-eabi/10.3.1/thumb/v7e-m+fp/hard/libgcc.a(_aeabi_uldivmod.o)
 .debug_abbrev  0x0000000000002e25      0x163 /usr/lib/gcc/arm-none-eabi/10.3.1/thumb/v7e-m+fp/hard/libgcc.a(_udivmoddi4.o)
 .debug_abbrev  0x0000000000002f88       0x14 /usr/lib/gcc/arm-none-eabi/10.3.1/thumb/v7e-m+fp/hard/libgcc.a(_dvmd_tls.o)
 .debug_abbrev  0x0000000000002f9c      0x157 /usr/lib/gcc/arm-none-eabi/10.3.1/../../../arm-none-eabi/lib/thumb/v7e-m+fp/hard/libg_nano.a(lib_a-errno.o)
 .debug_abbrev  0x00000000000030f3      0x213 /usr/lib/gcc/arm-none-eabi/10.3.1/../../../arm-none-eabi/lib/thumb/v7e-m+fp/hard/libg_nano.a(lib_a-sprintf.o)
 .debug_abbrev  0x0000000000003306       0x14 /usr/lib/gcc/arm-none-eabi/10.3.1/../../../arm-none-eabi/lib/thumb/v7e-m+fp/hard/libg_nano.a(lib_a-strlen.o)
 .debug_abbrev  0x000000000000331a      0x2ca /usr/lib/gcc/arm-none-eabi/10.3.1/../../../arm-none-eabi/lib/thumb/v7e-m+fp/hard/libg_nano.a(lib_a-nano-svfprintf.o)
 .debug_abbrev  0x00000000000035e4      0x25c /usr/lib/gcc/arm-none-eabi/10.3.1/../../../arm-none-eabi/lib/thumb/v7e-m+fp/hard/libg_nano.a(lib_a-nano-vfprintf_i.o)
 .debug_abbrev  0x0000000000003840       0x14 /usr/lib/gcc/arm-none-eabi/10.3.1/../../../arm-none-eabi/lib/thumb/v7e-m+fp/hard/libg_nano.a(lib_a-memchr.o)
 .debug_abbrev  0x0000000000003854       0x14 /usr/lib/gcc/arm-none-eabi/10.3.1/../../../arm-none-eabi/lib/thumb/v7e-m+fp/hard/libg_nano.a(lib_a-memcpy.o)
 .debug_abbrev  0x0000000000003868       0xc0 /usr/lib/gcc/arm-none-eabi/10.3.1/../../../arm-none-eabi/lib/thumb/v7e-m+fp/hard/libg_nano.a(lib_a-memmove.o)
 .debug_abbrev  0x0000000000003928      0x235 /usr/lib/gcc/arm-none-eabi/10.3.1/../../../arm-none-eabi/lib/thumb/v7e-m+fp/hard/libg_nano.a(lib_a-nano-freer.o)
 .debug_abbrev  0x0000000000003b5d      0x290 /usr/lib/gcc/arm-none-eabi/10.3.1/../../../arm-none-eabi/lib/thumb/v7e-m+fp/hard/libg_nano.a(lib_a-nano-mallocr.o)
 .debug_abbrev  0x0000000000003ded      0x1d6 /usr/lib/gcc/arm-none-eabi/10.3.1/../../../arm-none-eabi/lib/thumb/v7e-m+fp/hard/libg_nano.a(lib_a-nano-reallocr.o)
 .debug_abbrev  0x0000000000003fc3      0x1d6 /usr/lib/gcc/arm-none-eabi/10.3.1/../../../arm-none-eabi/lib/thumb/v7e-m+fp/hard/libg_nano.a(lib_a-sbrkr.o)
 .debug_abbrev  0x0000000000004199      0x189 /usr/lib/gcc/arm-none-eabi/10.3.1/../../../arm-none-eabi/lib/thumb/v7e-m+fp/hard/libg_nano.a(lib_a-mlock.o)
 .debug_abbrev  0x0000000000004322      0x191 /usr/lib/gcc/arm-none-eabi/10.3.1/../../../arm-none-eabi/lib/thumb/v7e-m+fp/hard/libg_nano.a(lib_a-nano-msizer.o)
 .debug_abbrev  0x00000000000044b3      0x265 /usr/lib/gcc/arm-none-eabi/10.3.1/../../../arm-none-eabi/lib/thumb/v7e-m+fp/hard/libg_nano.a(lib_a-reent.o)

.debug_aranges  0x0000000000000000     0x10f8
 .debug_aranges
                0x0000000000000000       0x18 /usr/lib/gcc/arm-none-eabi/10.3.1/../../../arm-none-eabi/lib/thumb/v7e-m+fp/hard/libc_nano.a(lib_a-impure.o)
 .debug_aranges
                0x0000000000000018       0x20 /usr/lib/gcc/arm-none-eabi/10.3.1/../../../arm-none-eabi/lib/thumb/v7e-m+fp/hard/libc_nano.a(lib_a-init.o)
 .debug_aranges
                0x0000000000000038       0x20 /usr/lib/gcc/arm-none-eabi/10.3.1/../../../arm-none-eabi/lib/thumb/v7e-m+fp/hard/libc_nano.a(lib_a-memset.o)
 .debug_aranges
                0x0000000000000058       0x30 CMakeFiles/blackpill_v5.dir/Core/Src/main.c.obj
 .debug_aranges
                0x0000000000000088       0x20 CMakeFiles/blackpill_v5.dir/Core/Src/gpio.c.obj
 .debug_aranges
                0x00000000000000a8       0x30 CMakeFiles/blackpill_v5.dir/Core/Src/i2c.c.obj
 .debug_aranges
                0x00000000000000d8       0x68 CMakeFiles/blackpill_v5.dir/Core/Src/stm32f4xx_it.c.obj
 .debug_aranges
                0x0000000000000140       0x20 CMakeFiles/blackpill_v5.dir/Core/Src/stm32f4xx_hal_msp.c.obj
 .debug_aranges
                0x0000000000000160       0x20 CMakeFiles/blackpill_v5.dir/USB_DEVICE/App/usb_device.c.obj
 .debug_aranges
                0x0000000000000180       0x60 CMakeFiles/blackpill_v5.dir/USB_DEVICE/App/usbd_desc.c.obj
 .debug_aranges
                0x00000000000001e0       0x48 CMakeFiles/blackpill_v5.dir/USB_DEVICE/App/usbd_cdc_if.c.obj
 .debug_aranges
                0x0000000000000228      0x110 CMakeFiles/blackpill_v5.dir/USB_DEVICE/Target/usbd_conf.c.obj
 .debug_aranges
                0x0000000000000338      0x148 CMakeFiles/blackpill_v5.dir/Drivers/STM32F4xx_HAL_Driver/Src/stm32f4xx_hal_pcd.c.obj
 .debug_aranges
                0x0000000000000480       0x38 CMakeFiles/blackpill_v5.dir/Drivers/STM32F4xx_HAL_Driver/Src/stm32f4xx_hal_pcd_ex.c.obj
 .debug_aranges
                0x00000000000004b8      0x1a0 CMakeFiles/blackpill_v5.dir/Drivers/STM32F4xx_HAL_Driver/Src/stm32f4xx_ll_usb.c.obj
 .debug_aranges
                0x0000000000000658       0x88 CMakeFiles/blackpill_v5.dir/Drivers/STM32F4xx_HAL_Driver/Src/stm32f4xx_hal_rcc.c.obj
 .debug_aranges
                0x00000000000006e0       0x58 CMakeFiles/blackpill_v5.dir/Drivers/STM32F4xx_HAL_Driver/Src/stm32f4xx_hal_gpio.c.obj
 .debug_aranges
                0x0000000000000738      0x130 CMakeFiles/blackpill_v5.dir/Drivers/STM32F4xx_HAL_Driver/Src/stm32f4xx_hal_cortex.c.obj
 .debug_aranges
                0x0000000000000868       0xf0 CMakeFiles/blackpill_v5.dir/Drivers/STM32F4xx_HAL_Driver/Src/stm32f4xx_hal.c.obj
 .debug_aranges
                0x0000000000000958      0x2a8 CMakeFiles/blackpill_v5.dir/Drivers/STM32F4xx_HAL_Driver/Src/stm32f4xx_hal_i2c.c.obj
 .debug_aranges
                0x0000000000000c00       0x28 CMakeFiles/blackpill_v5.dir/Core/Src/system_stm32f4xx.c.obj
 .debug_aranges
                0x0000000000000c28       0xd8 CMakeFiles/blackpill_v5.dir/Middlewares/ST/STM32_USB_Device_Library/Core/Src/usbd_core.c.obj
 .debug_aranges
                0x0000000000000d00       0x90 CMakeFiles/blackpill_v5.dir/Middlewares/ST/STM32_USB_Device_Library/Core/Src/usbd_ctlreq.c.obj
 .debug_aranges
                0x0000000000000d90       0x50 CMakeFiles/blackpill_v5.dir/Middlewares/ST/STM32_USB_Device_Library/Core/Src/usbd_ioreq.c.obj
 .debug_aranges
                0x0000000000000de0       0x90 CMakeFiles/blackpill_v5.dir/Middlewares/ST/STM32_USB_Device_Library/Class/CDC/Src/usbd_cdc.c.obj
 .debug_aranges
                0x0000000000000e70       0x20 CMakeFiles/blackpill_v5.dir/Core/Src/sysmem.c.obj
 .debug_aranges
                0x0000000000000e90       0x28 CMakeFiles/blackpill_v5.dir/startup_stm32f411xe.s.obj
 .debug_aranges
                0x0000000000000eb8       0x20 /usr/lib/gcc/arm-none-eabi/10.3.1/thumb/v7e-m+fp/hard/libgcc.a(_aeabi_uldivmod.o)
 .debug_aranges