Archive member included to satisfy reference by file (symbol)

/usr/lib/gcc/arm-none-eabi/10.3.1/../../../arm-none-eabi/lib/thumb/v7e-m+fp/hard/libc_nano.a(lib_a-atexit.o)
                              /usr/lib/gcc/arm-none-eabi/10.3.1/../../../arm-none-eabi/lib/thumb/v7e-m+fp/hard/crt0.o (atexit)
/usr/lib/gcc/arm-none-eabi/10.3.1/../../../arm-none-eabi/lib/thumb/v7e-m+fp/hard/libc_nano.a(lib_a-exit.o)
                              /usr/lib/gcc/arm-none-eabi/10.3.1/../../../arm-none-eabi/lib/thumb/v7e-m+fp/hard/crt0.o (exit)
/usr/lib/gcc/arm-none-eabi/10.3.1/../../../arm-none-eabi/lib/thumb/v7e-m+fp/hard/libc_nano.a(lib_a-fini.o)
                              /usr/lib/gcc/arm-none-eabi/10.3.1/../../../arm-none-eabi/lib/thumb/v7e-m+fp/hard/crt0.o (__libc_fini_array)
/usr/lib/gcc/arm-none-eabi/10.3.1/../../../arm-none-eabi/lib/thumb/v7e-m+fp/hard/libc_nano.a(lib_a-impure.o)
                              /usr/lib/gcc/arm-none-eabi/10.3.1/../../../arm-none-eabi/lib/thumb/v7e-m+fp/hard/libc_nano.a(lib_a-exit.o) (_global_impure_ptr)
/usr/lib/gcc/arm-none-eabi/10.3.1/../../../arm-none-eabi/lib/thumb/v7e-m+fp/hard/libc_nano.a(lib_a-init.o)
                              /usr/lib/gcc/arm-none-eabi/10.3.1/../../../arm-none-eabi/lib/thumb/v7e-m+fp/hard/crt0.o (__libc_init_array)
/usr/lib/gcc/arm-none-eabi/10.3.1/../../../arm-none-eabi/lib/thumb/v7e-m+fp/hard/libc_nano.a(lib_a-memset.o)
                              /usr/lib/gcc/arm-none-eabi/10.3.1/../../../arm-none-eabi/lib/thumb/v7e-m+fp/hard/crt0.o (memset)
/usr/lib/gcc/arm-none-eabi/10.3.1/../../../arm-none-eabi/lib/thumb/v7e-m+fp/hard/libc_nano.a(lib_a-__atexit.o)
                              /usr/lib/gcc/arm-none-eabi/10.3.1/../../../arm-none-eabi/lib/thumb/v7e-m+fp/hard/libc_nano.a(lib_a-atexit.o) (__register_exitproc)
/usr/lib/gcc/arm-none-eabi/10.3.1/../../../arm-none-eabi/lib/thumb/v7e-m+fp/hard/libc_nano.a(lib_a-__call_atexit.o)
                              /usr/lib/gcc/arm-none-eabi/10.3.1/../../../arm-none-eabi/lib/thumb/v7e-m+fp/hard/libc_nano.a(lib_a-__atexit.o) (__call_exitprocs)
/usr/lib/gcc/arm-none-eabi/10.3.1/thumb/v7e-m+fp/hard/libgcc.a(_arm_addsubdf3.o)
                              CMakeFiles/blackpill_v5.dir/Core/Src/ads1115.c.obj (__aeabi_f2d)
/usr/lib/gcc/arm-none-eabi/10.3.1/thumb/v7e-m+fp/hard/libgcc.a(_aeabi_uldivmod.o)
                              CMakeFiles/blackpill_v5.dir/Drivers/STM32F4xx_HAL_Driver/Src/stm32f4xx_hal_rcc.c.obj (__aeabi_uldivmod)
/usr/lib/gcc/arm-none-eabi/10.3.1/thumb/v7e-m+fp/hard/libgcc.a(_udivmoddi4.o)
                              /usr/lib/gcc/arm-none-eabi/10.3.1/thumb/v7e-m+fp/hard/libgcc.a(_aeabi_uldivmod.o) (__udivmoddi4)
/usr/lib/gcc/arm-none-eabi/10.3.1/thumb/v7e-m+fp/hard/libgcc.a(_dvmd_tls.o)
                              /usr/lib/gcc/arm-none-eabi/10.3.1/thumb/v7e-m+fp/hard/libgcc.a(_aeabi_uldivmod.o) (__aeabi_ldiv0)
/usr/lib/gcc/arm-none-eabi/10.3.1/../../../arm-none-eabi/lib/thumb/v7e-m+fp/hard/libg_nano.a(lib_a-errno.o)
                              CMakeFiles/blackpill_v5.dir/Core/Src/sysmem.c.obj (__errno)
/usr/lib/gcc/arm-none-eabi/10.3.1/../../../arm-none-eabi/lib/thumb/v7e-m+fp/hard/libg_nano.a(lib_a-snprintf.o)
                              CMakeFiles/blackpill_v5.dir/Core/Src/ads1115.c.obj (snprintf)
/usr/lib/gcc/arm-none-eabi/10.3.1/../../../arm-none-eabi/lib/thumb/v7e-m+fp/hard/libg_nano.a(lib_a-sprintf.o)
                              CMakeFiles/blackpill_v5.dir/Core/Src/main.c.obj (sprintf)
/usr/lib/gcc/arm-none-eabi/10.3.1/../../../arm-none-eabi/lib/thumb/v7e-m+fp/hard/libg_nano.a(lib_a-strlen.o)
                              CMakeFiles/blackpill_v5.dir/Core/Src/ads1115.c.obj (strlen)
/usr/lib/gcc/arm-none-eabi/10.3.1/../../../arm-none-eabi/lib/thumb/v7e-m+fp/hard/libg_nano.a(lib_a-nano-svfprintf.o)
                              /usr/lib/gcc/arm-none-eabi/10.3.1/../../../arm-none-eabi/lib/thumb/v7e-m+fp/hard/libg_nano.a(lib_a-snprintf.o) (_svfprintf_r)
/usr/lib/gcc/arm-none-eabi/10.3.1/../../../arm-none-eabi/lib/thumb/v7e-m+fp/hard/libg_nano.a(lib_a-nano-vfprintf_i.o)
                              /usr/lib/gcc/arm-none-eabi/10.3.1/../../../arm-none-eabi/lib/thumb/v7e-m+fp/hard/libg_nano.a(lib_a-nano-svfprintf.o) (_printf_i)
/usr/lib/gcc/arm-none-eabi/10.3.1/../../../arm-none-eabi/lib/thumb/v7e-m+fp/hard/libg_nano.a(lib_a-memchr.o)
                              /usr/lib/gcc/arm-none-eabi/10.3.1/../../../arm-none-eabi/lib/thumb/v7e-m+fp/hard/libg_nano.a(lib_a-nano-svfprintf.o) (memchr)
/usr/lib/gcc/arm-none-eabi/10.3.1/../../../arm-none-eabi/lib/thumb/v7e-m+fp/hard/libg_nano.a(lib_a-memcpy.o)
                              /usr/lib/gcc/arm-none-eabi/10.3.1/../../../arm-none-eabi/lib/thumb/v7e-m+fp/hard/libg_nano.a(lib_a-nano-svfprintf.o) (memcpy)
/usr/lib/gcc/arm-none-eabi/10.3.1/../../../arm-none-eabi/lib/thumb/v7e-m+fp/hard/libg_nano.a(lib_a-memmove.o)
[...]
Memory Configuration

Name             Origin             Length             Attributes
RAM              0x0000000020000000 0x0000000000020000 xrw
FLASH            0x0000000008000000 0x0000000000080000 xr
*default*        0x0000000000000000 0xffffffffffffffff

Linker script and memory map

LOAD /usr/lib/gcc/arm-none-eabi/10.3.1/thumb/v7e-m+fp/hard/crti.o
LOAD /usr/lib/gcc/arm-none-eabi/10.3.1/thumb/v7e-m+fp/hard/crtbegin.o
LOAD /usr/lib/gcc/arm-none-eabi/10.3.1/../../../arm-none-eabi/lib/thumb/v7e-m+fp/hard/crt0.o
START GROUP
LOAD /usr/lib/gcc/arm-none-eabi/10.3.1/../../../arm-none-eabi/lib/thumb/v7e-m+fp/hard/libc_nano.a
LOAD /usr/lib/gcc/arm-none-eabi/10.3.1/../../../arm-none-eabi/lib/thumb/v7e-m+fp/hard/libm.a
END GROUP
LOAD CMakeFiles/blackpill_v5.dir/Core/Src/ads1115.c.obj
LOAD CMakeFiles/blackpill_v5.dir/Core/Src/main.c.obj
LOAD CMakeFiles/blackpill_v5.dir/Core/Src/gpio.c.obj
LOAD CMakeFiles/blackpill_v5.dir/Core/Src/i2c.c.obj
LOAD CMakeFiles/blackpill_v5.dir/Core/Src/stm32f4xx_it.c.obj
LOAD CMakeFiles/blackpill_v5.dir/Core/Src/stm32f4xx_hal_msp.c.obj
LOAD CMakeFiles/blackpill_v5.dir/USB_DEVICE/App/usb_device.c.obj
LOAD CMakeFiles/blackpill_v5.dir/USB_DEVICE/App/usbd_desc.c.obj
LOAD CMakeFiles/blackpill_v5.dir/USB_DEVICE/App/usbd_cdc_if.c.obj
LOAD CMakeFiles/blackpill_v5.dir/USB_DEVICE/Target/usbd_conf.c.obj
LOAD CMakeFiles/blackpill_v5.dir/Drivers/STM32F4xx_HAL_Driver/Src/stm32f4xx_hal_pcd.c.obj
LOAD CMakeFiles/blackpill_v5.dir/Drivers/STM32F4xx_HAL_Driver/Src/stm32f4xx_hal_pcd_ex.c.obj
LOAD CMakeFiles/blackpill_v5.dir/Drivers/STM32F4xx_HAL_Driver/Src/stm32f4xx_ll_usb.c.obj
LOAD CMakeFiles/blackpill_v5.dir/Drivers/STM32F4xx_HAL_Driver/Src/stm32f4xx_hal_rcc.c.obj
LOAD CMakeFiles/blackpill_v5.dir/Drivers/STM32F4xx_HAL_Driver/Src/stm32f4xx_hal_rcc_ex.c.obj
LOAD CMakeFiles/blackpill_v5.dir/Drivers/STM32F4xx_HAL_Driver/Src/stm32f4xx_hal_flash.c.obj
LOAD CMakeFiles/blackpill_v5.dir/Drivers/STM32F4xx_HAL_Driver/Src/stm32f4xx_hal_flash_ex.c.obj
LOAD CMakeFiles/blackpill_v5.dir/Drivers/STM32F4xx_HAL_Driver/Src/stm32f4xx_hal_flash_ramfunc.c.obj
LOAD CMakeFiles/blackpill_v5.dir/Drivers/STM32F4xx_HAL_Driver/Src/stm32f4xx_hal_gpio.c.obj
LOAD CMakeFiles/blackpill_v5.dir/Drivers/STM32F4xx_HAL_Driver/Src/stm32f4xx_hal_dma_ex.c.obj
LOAD CMakeFiles/blackpill_v5.dir/Drivers/STM32F4xx_HAL_Driver/Src/stm32f4xx_hal_dma.c.obj
LOAD CMakeFiles/blackpill_v5.dir/Drivers/STM32F4xx_HAL_Driver/Src/stm32f4xx_hal_pwr.c.obj
LOAD CMakeFiles/blackpill_v5.dir/Drivers/STM32F4xx_HAL_Driver/Src/stm32f4xx_hal_pwr_ex.c.obj
LOAD CMakeFiles/blackpill_v5.dir/Drivers/STM32F4xx_HAL_Driver/Src/stm32f4xx_hal_cortex.c.obj
LOAD CMakeFiles/blackpill_v5.dir/Drivers/STM32F4xx_HAL_Driver/Src/stm32f4xx_hal.c.obj
LOAD CMakeFiles/blackpill_v5.dir/Drivers/STM32F4xx_HAL_Driver/Src/stm32f4xx_hal_exti.c.obj
LOAD CMakeFiles/blackpill_v5.dir/Drivers/STM32F4xx_HAL_Driver/Src/stm32f4xx_hal_i2c.c.obj
LOAD CMakeFiles/blackpill_v5.dir/Drivers/STM32F4xx_HAL_Driver/Src/stm32f4xx_hal_i2c_ex.c.obj
LOAD CMakeFiles/blackpill_v5.dir/Drivers/STM32F4xx_HAL_Driver/Src/stm32f4xx_hal_tim.c.obj
LOAD CMakeFiles/blackpill_v5.dir/Drivers/STM32F4xx_HAL_Driver/Src/stm32f4xx_hal_tim_ex.c.obj
LOAD CMakeFiles/blackpill_v5.dir/Core/Src/system_stm32f4xx.c.obj
LOAD CMakeFiles/blackpill_v5.dir/Middlewares/ST/STM32_USB_Device_Library/Core/Src/usbd_core.c.obj
LOAD CMakeFiles/blackpill_v5.dir/Middlewares/ST/STM32_USB_Device_Library/Core/Src/usbd_ctlreq.c.obj
LOAD CMakeFiles/blackpill_v5.dir/Middlewares/ST/STM32_USB_Device_Library/Core/Src/usbd_ioreq.c.obj
LOAD CMakeFiles/blackpill_v5.dir/Middlewares/ST/STM32_USB_Device_Library/Class/CDC/Src/usbd_cdc.c.obj
LOAD CMakeFiles/blackpill_v5.dir/Core/Src/sysmem.c.obj
LOAD CMakeFiles/blackpill_v5.dir/Core/Src/syscalls.c.obj
LOAD CMakeFiles/blackpill_v5.dir/startup_stm32f411xe.s.obj
START GROUP
LOAD /usr/lib/gcc/arm-none-eabi/10.3.1/thumb/v7e-m+fp/hard/libgcc.a
LOAD /usr/lib/gcc/arm-none-eabi/10.3.1/../../../arm-none-eabi/lib/thumb/v7e-m+fp/hard/libg_nano.a
LOAD /usr/lib/gcc/arm-none-eabi/10.3.1/../../../arm-none-eabi/lib/thumb/v7e-m+fp/hard/libc_nano.a
END GROUP
START GROUP
LOAD /usr/lib/gcc/arm-none-eabi/10.3.1/thumb/v7e-m+fp/hard/libgcc.a
LOAD /usr/lib/gcc/arm-none-eabi/10.3.1/../../../arm-none-eabi/lib/thumb/v7e-m+fp/hard/libc_nano.a
END GROUP
LOAD /usr/lib/gcc/arm-none-eabi/10.3.1/thumb/v7e-m+fp/hard/crtend.o
LOAD /usr/lib/gcc/arm-none-eabi/10.3.1/thumb/v7e-m+fp/hard/crtn.o
                0x0000000020020000                _estack = (ORIGIN (RAM) + LENGTH (RAM))
                0x0000000000000200                _Min_Heap_Size = 0x200
                0x0000000000000400                _Min_Stack_Size = 0x400

.isr_vector     0x0000000008000000      0x198
                0x0000000008000000                . = ALIGN (0x4)
 *(.isr_vector)
 .isr_vector    0x0000000008000000      0x198 CMakeFiles/blackpill_v5.dir/startup_stm32f411xe.s.obj
                0x0000000008000000                g_pfnVectors
                0x0000000008000198                . = ALIGN (0x4)

.text           0x00000000080001c0     0x9868
                0x00000000080001c0                . = ALIGN (0x4)
 *(.text)
 .text          0x00000000080001c0       0x88 /usr/lib/gcc/arm-none-eabi/10.3.1/thumb/v7e-m+fp/hard/crtbegin.o
 .text          0x0000000008000248       0x48 /usr/lib/gcc/arm-none-eabi/10.3.1/../../../arm-none-eabi/lib/thumb/v7e-m+fp/hard/libc_nano.a(lib_a-init.o)
                0x0000000008000248                __libc_init_array
 .text          0x0000000008000290       0xa4 /usr/lib/gcc/arm-none-eabi/10.3.1/../../../arm-none-eabi/lib/thumb/v7e-m+fp/hard/libc_nano.a(lib_a-memset.o)
                0x0000000008000290                memset
 .text          0x0000000008000334      0x378 /usr/lib/gcc/arm-none-eabi/10.3.1/thumb/v7e-m+fp/hard/libgcc.a(_arm_addsubdf3.o)
                0x0000000008000334                __aeabi_drsub
                0x000000000800033c                __aeabi_dsub
                0x000000000800033c                __subdf3
                0x0000000008000340                __adddf3
                0x0000000008000340                __aeabi_dadd
                0x00000000080005b8                __aeabi_ui2d
                0x00000000080005b8                __floatunsidf
                0x00000000080005d8                __floatsidf
                0x00000000080005d8                __aeabi_i2d
                0x00000000080005fc                __extendsfdf2
                0x00000000080005fc                __aeabi_f2d
                0x0000000008000640                __aeabi_ul2d
                0x0000000008000640                __floatundidf
                0x0000000008000650                __floatdidf
                0x0000000008000650                __aeabi_l2d
 .text          0x00000000080006ac       0x30 /usr/lib/gcc/arm-none-eabi/10.3.1/thumb/v7e-m+fp/hard/libgcc.a(_aeabi_uldivmod.o)
                0x00000000080006ac                __aeabi_uldivmod
 .text          0x00000000080006dc      0x2d0 /usr/lib/gcc/arm-none-eabi/10.3.1/thumb/v7e-m+fp/hard/libgcc.a(_udivmoddi4.o)
                0x00000000080006dc                __udivmoddi4
 .text          0x00000000080009ac        0x4 /usr/lib/gcc/arm-none-eabi/10.3.1/thumb/v7e-m+fp/hard/libgcc.a(_dvmd_tls.o)
                0x00000000080009ac                __aeabi_ldiv0
                0x00000000080009ac                __aeabi_idiv0
 .text          0x00000000080009b0        0xc /usr/lib/gcc/arm-none-eabi/10.3.1/../../../arm-none-eabi/lib/thumb/v7e-m+fp/hard/libg_nano.a(lib_a-errno.o)
                0x00000000080009b0                __errno
 .text          0x00000000080009bc      0x108 /usr/lib/gcc/arm-none-eabi/10.3.1/../../../arm-none-eabi/lib/thumb/v7e-m+fp/hard/libg_nano.a(lib_a-snprintf.o)
                0x00000000080009bc                _sniprintf_r
                0x00000000080009bc                _snprintf_r
                0x0000000008000a3c                snprintf
                0x0000000008000a3c                sniprintf
 .text          0x0000000008000ac4       0x78 /usr/lib/gcc/arm-none-eabi/10.3.1/../../../arm-none-eabi/lib/thumb/v7e-m+fp/hard/libg_nano.a(lib_a-sprintf.o)
                0x0000000008000ac4                _siprintf_r
                0x0000000008000ac4                _sprintf_r
                0x0000000008000afc                sprintf
                0x0000000008000afc                siprintf
 *fill*         0x0000000008000b3c        0x4 
 .text          0x0000000008000b40       0xdc /usr/lib/gcc/arm-none-eabi/10.3.1/../../../arm-none-eabi/lib/thumb/v7e-m+fp/hard/libg_nano.a(lib_a-strlen.o)
                0x0000000008000b40                strlen
 .text          0x0000000008000c1c      0x3f0 /usr/lib/gcc/arm-none-eabi/10.3.1/../../../arm-none-eabi/lib/thumb/v7e-m+fp/hard/libg_nano.a(lib_a-nano-svfprintf.o)
                0x0000000008000c1c                __ssputs_r
                0x0000000008000ce0                __ssprint_r
                0x0000000008000dd8                _svfprintf_r
                0x0000000008000dd8                _svfiprintf_r
 .text          0x000000000800100c      0x3dc /usr/lib/gcc/arm-none-eabi/10.3.1/../../../arm-none-eabi/lib/thumb/v7e-m+fp/hard/libg_nano.a(lib_a-nano-vfprintf_i.o)
                0x000000000800100c                _printf_common
                0x0000000008001138                _printf_i
 *fill*         0x00000000080013e8        0x8 
 .text          0x00000000080013f0       0xa0 /usr/lib/gcc/arm-none-eabi/10.3.1/../../../arm-none-eabi/lib/thumb/v7e-m+fp/hard/libg_nano.a(lib_a-memchr.o)
                0x00000000080013f0                memchr
 .text          0x0000000008001490      0x134 /usr/lib/gcc/arm-none-eabi/10.3.1/../../../arm-none-eabi/lib/thumb/v7e-m+fp/hard/libg_nano.a(lib_a-memcpy.o)
                0x0000000008001490                memcpy
 .text          0x00000000080015c4       0xf8 /usr/lib/gcc/arm-none-eabi/10.3.1/../../../arm-none-eabi/lib/thumb/v7e-m+fp/hard/libg_nano.a(lib_a-memmove.o)
                0x00000000080015c4                memmove
 .text          0x00000000080016bc       0xc4 /usr/lib/gcc/arm-none-eabi/10.3.1/../../../arm-none-eabi/lib/thumb/v7e-m+fp/hard/libg_nano.a(lib_a-nano-freer.o)
                0x00000000080016bc                _free_r
 .text          0x0000000008001780       0xb4 /usr/lib/gcc/arm-none-eabi/10.3.1/../../../arm-none-eabi/lib/thumb/v7e-m+fp/hard/libg_nano.a(lib_a-nano-mallocr.o)
                0x0000000008001780                _malloc_r
 .text          0x0000000008001834       0x50 /usr/lib/gcc/arm-none-eabi/10.3.1/../../../arm-none-eabi/lib/thumb/v7e-m+fp/hard/libg_nano.a(lib_a-nano-reallocr.o)
                0x0000000008001834                _realloc_r
 .text          0x0000000008001884       0x24 /usr/lib/gcc/arm-none-eabi/10.3.1/../../../arm-none-eabi/lib/thumb/v7e-m+fp/hard/libg_nano.a(lib_a-sbrkr.o)
                0x0000000008001884                _sbrk_r
 .text          0x00000000080018a8        0x8 /usr/lib/gcc/arm-none-eabi/10.3.1/../../../arm-none-eabi/lib/thumb/v7e-m+fp/hard/libg_nano.a(lib_a-mlock.o)
                0x00000000080018a8                __malloc_lock
                0x00000000080018ac                __malloc_unlock
 .text          0x00000000080018b0       0x14 /usr/lib/gcc/arm-none-eabi/10.3.1/../../../arm-none-eabi/lib/thumb/v7e-m+fp/hard/libg_nano.a(lib_a-nano-msizer.o)
                0x00000000080018b0                _malloc_usable_size_r
 *(.text*)
 .text.ADS1115_IsDeviceConnected
                0x00000000080018c4       0x6c CMakeFiles/blackpill_v5.dir/Core/Src/ads1115.c.obj
                0x00000000080018c4                ADS1115_IsDeviceConnected
 .text.ADS1115_Init
                0x0000000008001930       0x64 CMakeFiles/blackpill_v5.dir/Core/Src/ads1115.c.obj
                0x0000000008001930                ADS1115_Init
 .text.ADS1115_WriteRegister
                0x0000000008001994       0x5c CMakeFiles/blackpill_v5.dir/Core/Src/ads1115.c.obj
                0x0000000008001994                ADS1115_WriteRegister
 .text.ADS1115_ReadRegister
                0x00000000080019f0       0x84 CMakeFiles/blackpill_v5.dir/Core/Src/ads1115.c.obj
                0x00000000080019f0                ADS1115_ReadRegister
 .text.ADS1115_IsConversionReady
                0x0000000008001a74       0x40 CMakeFiles/blackpill_v5.dir/Core/Src/ads1115.c.obj
                0x0000000008001a74                ADS1115_IsConversionReady
 .text.ADS1115_Read
                0x0000000008001ab4       0x6c CMakeFiles/blackpill_v5.dir/Core/Src/ads1115.c.obj
                0x0000000008001ab4                ADS1115_Read
 .text.ADS1115_ReadADC_SingleEnded
                0x0000000008001b20      0x1a8 CMakeFiles/blackpill_v5.dir/Core/Src/ads1115.c.obj
                0x0000000008001b20                ADS1115_ReadADC_SingleEnded
 .text.ADS1115_ReadADC_A0
                0x0000000008001cc8       0x1a CMakeFiles/blackpill_v5.dir/Core/Src/ads1115.c.obj
                0x0000000008001cc8                ADS1115_ReadADC_A0
 *fill*         0x0000000008001ce2        0x2 
 .text.ADS1115_ConvertToVoltage
                0x0000000008001ce4      0x174 CMakeFiles/blackpill_v5.dir/Core/Src/ads1115.c.obj
                0x0000000008001ce4                ADS1115_ConvertToVoltage
 .text.ADS1115_GetErrorString
                0x0000000008001e58       0x68 CMakeFiles/blackpill_v5.dir/Core/Src/ads1115.c.obj
                0x0000000008001e58                ADS1115_GetErrorString
 .text.ADS1115_PrintDebugInfo
                0x0000000008001ec0       0xc0 CMakeFiles/blackpill_v5.dir/Core/Src/ads1115.c.obj
                0x0000000008001ec0                ADS1115_PrintDebugInfo
 .text.floatToString
                0x0000000008001f80       0x68 CMakeFiles/blackpill_v5.dir/Core/Src/main.c.obj
                0x0000000008001f80                floatToString
 .text.main     0x0000000008001fe8      0x1a4 CMakeFiles/blackpill_v5.dir/Core/Src/main.c.obj
                0x0000000008001fe8                main
 .text.SystemClock_Config
                0x000000000800218c       0xd8 CMakeFiles/blackpill_v5.dir/Core/Src/main.c.obj
                0x000000000800218c                SystemClock_Config
 .text.SendUSBMessage
                0x0000000008002264       0x22 CMakeFiles/blackpill_v5.dir/Core/Src/main.c.obj
                0x0000000008002264                SendUSBMessage
 .text.Error_Handler
                0x0000000008002286        0xa CMakeFiles/blackpill_v5.dir/Core/Src/main.c.obj
                0x0000000008002286                Error_Handler
 .text.MX_GPIO_Init
                0x0000000008002290       0xc0 CMakeFiles/blackpill_v5.dir/Core/Src/gpio.c.obj
                0x0000000008002290                MX_GPIO_Init
 .text.MX_I2C1_Init
                0x0000000008002350       0x5c CMakeFiles/blackpill_v5.dir/Core/Src/i2c.c.obj
                0x0000000008002350                MX_I2C1_Init
 .text.HAL_I2C_MspInit
                0x00000000080023ac       0x90 CMakeFiles/blackpill_v5.dir/Core/Src/i2c.c.obj
                0x00000000080023ac                HAL_I2C_MspInit
 .text.NMI_Handler
                0x000000000800243c        0x6 CMakeFiles/blackpill_v5.dir/Core/Src/stm32f4xx_it.c.obj
                0x000000000800243c                NMI_Handler
 .text.HardFault_Handler
                0x0000000008002442        0x6 CMakeFiles/blackpill_v5.dir/Core/Src/stm32f4xx_it.c.obj
                0x0000000008002442                HardFault_Handler
 .text.MemManage_Handler
                0x0000000008002448        0x6 CMakeFiles/blackpill_v5.dir/Core/Src/stm32f4xx_it.c.obj
                0x0000000008002448                MemManage_Handler
 .text.BusFault_Handler
                0x000000000800244e        0x6 CMakeFiles/blackpill_v5.dir/Core/Src/stm32f4xx_it.c.obj
                0x000000000800244e                BusFault_Handler
 .text.UsageFault_Handler
                0x0000000008002454        0x6 CMakeFiles/blackpill_v5.dir/Core/Src/stm32f4xx_it.c.obj
                0x0000000008002454                UsageFault_Handler
 .text.SVC_Handler
                0x000000000800245a        0xe CMakeFiles/blackpill_v5.dir/Core/Src/stm32f4xx_it.c.obj
                0x000000000800245a                SVC_Handler
 .text.DebugMon_Handler
                0x0000000008002468        0xe CMakeFiles/blackpill_v5.dir/Core/Src/stm32f4xx_it.c.obj
                0x0000000008002468                DebugMon_Handler
 .text.PendSV_Handler
                0x0000000008002476        0xe CMakeFiles/blackpill_v5.dir/Core/Src/stm32f4xx_it.c.obj
                0x0000000008002476                PendSV_Handler
 .text.SysTick_Handler
                0x0000000008002484        0xc CMakeFiles/blackpill_v5.dir/Core/Src/stm32f4xx_it.c.obj
                0x0000000008002484                SysTick_Handler
 .text.OTG_FS_IRQHandler
                0x0000000008002490       0x14 CMakeFiles/blackpill_v5.dir/Core/Src/stm32f4xx_it.c.obj
                0x0000000008002490                OTG_FS_IRQHandler
 .text.HAL_MspInit
                0x00000000080024a4       0x50 CMakeFiles/blackpill_v5.dir/Core/Src/stm32f4xx_hal_msp.c.obj
                0x00000000080024a4                HAL_MspInit
 .text.MX_USB_DEVICE_Init
                0x00000000080024f4       0x60 CMakeFiles/blackpill_v5.dir/USB_DEVICE/App/usb_device.c.obj
                0x00000000080024f4                MX_USB_DEVICE_Init
 .text.USBD_FS_DeviceDescriptor
                0x0000000008002554       0x24 CMakeFiles/blackpill_v5.dir/USB_DEVICE/App/usbd_desc.c.obj
                0x0000000008002554                USBD_FS_DeviceDescriptor
 .text.USBD_FS_LangIDStrDescriptor
                0x0000000008002578       0x24 CMakeFiles/blackpill_v5.dir/USB_DEVICE/App/usbd_desc.c.obj
                0x0000000008002578                USBD_FS_LangIDStrDescriptor
 .text.USBD_FS_ProductStrDescriptor
                0x000000000800259c       0x3c CMakeFiles/blackpill_v5.dir/USB_DEVICE/App/usbd_desc.c.obj
                0x000000000800259c                USBD_FS_ProductStrDescriptor
 .text.USBD_FS_ManufacturerStrDescriptor
                0x00000000080025d8       0x28 CMakeFiles/blackpill_v5.dir/USB_DEVICE/App/usbd_desc.c.obj
                0x00000000080025d8                USBD_FS_ManufacturerStrDescriptor
 .text.USBD_FS_SerialStrDescriptor
                0x0000000008002600       0x24 CMakeFiles/blackpill_v5.dir/USB_DEVICE/App/usbd_desc.c.obj
                0x0000000008002600                USBD_FS_SerialStrDescriptor
 .text.USBD_FS_ConfigStrDescriptor
                0x0000000008002624       0x3c CMakeFiles/blackpill_v5.dir/USB_DEVICE/App/usbd_desc.c.obj
                0x0000000008002624                USBD_FS_ConfigStrDescriptor
 .text.USBD_FS_InterfaceStrDescriptor
                0x0000000008002660       0x3c CMakeFiles/blackpill_v5.dir/USB_DEVICE/App/usbd_desc.c.obj
                0x0000000008002660                USBD_FS_InterfaceStrDescriptor
 .text.Get_SerialNum
                0x000000000800269c       0x58 CMakeFiles/blackpill_v5.dir/USB_DEVICE/App/usbd_desc.c.obj
 .text.IntToUnicode
                0x00000000080026f4       0x7e CMakeFiles/blackpill_v5.dir/USB_DEVICE/App/usbd_desc.c.obj
 *fill*         0x0000000008002772        0x2 
 .text.CDC_Init_FS
                0x0000000008002774       0x28 CMakeFiles/blackpill_v5.dir/USB_DEVICE/App/usbd_cdc_if.c.obj
 .text.CDC_DeInit_FS
                0x000000000800279c       0x10 CMakeFiles/blackpill_v5.dir/USB_DEVICE/App/usbd_cdc_if.c.obj
 .text.CDC_Control_FS
                0x00000000080027ac       0xbc CMakeFiles/blackpill_v5.dir/USB_DEVICE/App/usbd_cdc_if.c.obj
 .text.CDC_Receive_FS
                0x0000000008002868       0x28 CMakeFiles/blackpill_v5.dir/USB_DEVICE/App/usbd_cdc_if.c.obj
 .text.CDC_Transmit_FS
                0x0000000008002890       0x4c CMakeFiles/blackpill_v5.dir/USB_DEVICE/App/usbd_cdc_if.c.obj
                0x0000000008002890                CDC_Transmit_FS
 .text.CDC_TransmitCplt_FS
                0x00000000080028dc       0x22 CMakeFiles/blackpill_v5.dir/USB_DEVICE/App/usbd_cdc_if.c.obj
 *fill*         0x00000000080028fe        0x2 
 .text.HAL_PCD_MspInit
                0x0000000008002900       0xa8 CMakeFiles/blackpill_v5.dir/USB_DEVICE/Target/usbd_conf.c.obj
                0x0000000008002900                HAL_PCD_MspInit
 .text.HAL_PCD_SetupStageCallback
                0x00000000080029a8       0x24 CMakeFiles/blackpill_v5.dir/USB_DEVICE/Target/usbd_conf.c.obj
                0x00000000080029a8                HAL_PCD_SetupStageCallback
 .text.HAL_PCD_DataOutStageCallback
                0x00000000080029cc       0x36 CMakeFiles/blackpill_v5.dir/USB_DEVICE/Target/usbd_conf.c.obj
                0x00000000080029cc                HAL_PCD_DataOutStageCallback
 .text.HAL_PCD_DataInStageCallback
                0x0000000008002a02       0x34 CMakeFiles/blackpill_v5.dir/USB_DEVICE/Target/usbd_conf.c.obj
                0x0000000008002a02                HAL_PCD_DataInStageCallback
 .text.HAL_PCD_SOFCallback
                0x0000000008002a36       0x1c CMakeFiles/blackpill_v5.dir/USB_DEVICE/Target/usbd_conf.c.obj
                0x0000000008002a36                HAL_PCD_SOFCallback
 .text.HAL_PCD_ResetCallback
                0x0000000008002a52       0x3c CMakeFiles/blackpill_v5.dir/USB_DEVICE/Target/usbd_conf.c.obj
                0x0000000008002a52                HAL_PCD_ResetCallback
 *fill*         0x0000000008002a8e        0x2 
 .text.HAL_PCD_SuspendCallback
                0x0000000008002a90       0x4c CMakeFiles/blackpill_v5.dir/USB_DEVICE/Target/usbd_conf.c.obj
                0x0000000008002a90                HAL_PCD_SuspendCallback
 .text.HAL_PCD_ResumeCallback
                0x0000000008002adc       0x1c CMakeFiles/blackpill_v5.dir/USB_DEVICE/Target/usbd_conf.c.obj
                0x0000000008002adc                HAL_PCD_ResumeCallback
 .text.HAL_PCD_ISOOUTIncompleteCallback
                0x0000000008002af8       0x24 CMakeFiles/blackpill_v5.dir/USB_DEVICE/Target/usbd_conf.c.obj
                0x0000000008002af8                HAL_PCD_ISOOUTIncompleteCallback
 .text.HAL_PCD_ISOINIncompleteCallback
                0x0000000008002b1c       0x24 CMakeFiles/blackpill_v5.dir/USB_DEVICE/Target/usbd_conf.c.obj
                0x0000000008002b1c                HAL_PCD_ISOINIncompleteCallback
 .text.HAL_PCD_ConnectCallback
                0x0000000008002b40       0x1c CMakeFiles/blackpill_v5.dir/USB_DEVICE/Target/usbd_conf.c.obj
                0x0000000008002b40                HAL_PCD_ConnectCallback
 .text.HAL_PCD_DisconnectCallback
                0x0000000008002b5c       0x1c CMakeFiles/blackpill_v5.dir/USB_DEVICE/Target/usbd_conf.c.obj
                0x0000000008002b5c                HAL_PCD_DisconnectCallback
 .text.USBD_LL_Init
                0x0000000008002b78       0x98 CMakeFiles/blackpill_v5.dir/USB_DEVICE/Target/usbd_conf.c.obj
                0x0000000008002b78                USBD_LL_Init
 .text.USBD_LL_Start
                0x0000000008002c10       0x36 CMakeFiles/blackpill_v5.dir/USB_DEVICE/Target/usbd_conf.c.obj
                0x0000000008002c10                USBD_LL_Start
 .text.USBD_LL_OpenEP
                0x0000000008002c46       0x4c CMakeFiles/blackpill_v5.dir/USB_DEVICE/Target/usbd_conf.c.obj
                0x0000000008002c46                USBD_LL_OpenEP
 .text.USBD_LL_CloseEP
                0x0000000008002c92       0x3e CMakeFiles/blackpill_v5.dir/USB_DEVICE/Target/usbd_conf.c.obj
                0x0000000008002c92                USBD_LL_CloseEP
 .text.USBD_LL_StallEP
                0x0000000008002cd0       0x3e CMakeFiles/blackpill_v5.dir/USB_DEVICE/Target/usbd_conf.c.obj
                0x0000000008002cd0                USBD_LL_StallEP
 .text.USBD_LL_ClearStallEP
                0x0000000008002d0e       0x3e CMakeFiles/blackpill_v5.dir/USB_DEVICE/Target/usbd_conf.c.obj
                0x0000000008002d0e                USBD_LL_ClearStallEP
 .text.USBD_LL_IsStallEP
                0x0000000008002d4c       0x58 CMakeFiles/blackpill_v5.dir/USB_DEVICE/Target/usbd_conf.c.obj
                0x0000000008002d4c                USBD_LL_IsStallEP
 .text.USBD_LL_SetUSBAddress
                0x0000000008002da4       0x3e CMakeFiles/blackpill_v5.dir/USB_DEVICE/Target/usbd_conf.c.obj
                0x0000000008002da4                USBD_LL_SetUSBAddress
 .text.USBD_LL_Transmit
                0x0000000008002de2       0x42 CMakeFiles/blackpill_v5.dir/USB_DEVICE/Target/usbd_conf.c.obj
                0x0000000008002de2                USBD_LL_Transmit
 .text.USBD_LL_PrepareReceive
                0x0000000008002e24       0x42 CMakeFiles/blackpill_v5.dir/USB_DEVICE/Target/usbd_conf.c.obj
                0x0000000008002e24                USBD_LL_PrepareReceive
 .text.USBD_LL_GetRxDataSize
                0x0000000008002e66       0x26 CMakeFiles/blackpill_v5.dir/USB_DEVICE/Target/usbd_conf.c.obj
                0x0000000008002e66                USBD_LL_GetRxDataSize
 .text.USBD_static_malloc
                0x0000000008002e8c       0x1c CMakeFiles/blackpill_v5.dir/USB_DEVICE/Target/usbd_conf.c.obj
                0x0000000008002e8c                USBD_static_malloc
 .text.USBD_static_free
                0x0000000008002ea8       0x14 CMakeFiles/blackpill_v5.dir/USB_DEVICE/Target/usbd_conf.c.obj
                0x0000000008002ea8                USBD_static_free
 .text.USBD_Get_USB_Status
                0x0000000008002ebc       0x58 CMakeFiles/blackpill_v5.dir/USB_DEVICE/Target/usbd_conf.c.obj
                0x0000000008002ebc                USBD_Get_USB_Status
 .text.HAL_PCD_Init
                0x0000000008002f14      0x21e CMakeFiles/blackpill_v5.dir/Drivers/STM32F4xx_HAL_Driver/Src/stm32f4xx_hal_pcd.c.obj
                0x0000000008002f14                HAL_PCD_Init
 .text.HAL_PCD_Start
                0x0000000008003132       0x6a CMakeFiles/blackpill_v5.dir/Drivers/STM32F4xx_HAL_Driver/Src/stm32f4xx_hal_pcd.c.obj
                0x0000000008003132                HAL_PCD_Start
 .text.HAL_PCD_IRQHandler
                0x000000000800319c      0x942 CMakeFiles/blackpill_v5.dir/Drivers/STM32F4xx_HAL_Driver/Src/stm32f4xx_hal_pcd.c.obj
                0x000000000800319c                HAL_PCD_IRQHandler
 .text.HAL_PCD_SetAddress
                0x0000000008003ade       0x48 CMakeFiles/blackpill_v5.dir/Drivers/STM32F4xx_HAL_Driver/Src/stm32f4xx_hal_pcd.c.obj
                0x0000000008003ade                HAL_PCD_SetAddress
 .text.HAL_PCD_EP_Open
                0x0000000008003b26       0xd4 CMakeFiles/blackpill_v5.dir/Drivers/STM32F4xx_HAL_Driver/Src/stm32f4xx_hal_pcd.c.obj
                0x0000000008003b26                HAL_PCD_EP_Open
 .text.HAL_PCD_EP_Close
                0x0000000008003bfa       0x94 CMakeFiles/blackpill_v5.dir/Drivers/STM32F4xx_HAL_Driver/Src/stm32f4xx_hal_pcd.c.obj
                0x0000000008003bfa                HAL_PCD_EP_Close
 .text.HAL_PCD_EP_Receive
                0x0000000008003c8e       0x76 CMakeFiles/blackpill_v5.dir/Drivers/STM32F4xx_HAL_Driver/Src/stm32f4xx_hal_pcd.c.obj
                0x0000000008003c8e                HAL_PCD_EP_Receive
 .text.HAL_PCD_EP_GetRxCount
                0x0000000008003d04       0x30 CMakeFiles/blackpill_v5.dir/Drivers/STM32F4xx_HAL_Driver/Src/stm32f4xx_hal_pcd.c.obj
                0x0000000008003d04                HAL_PCD_EP_GetRxCount
 .text.HAL_PCD_EP_Transmit
                0x0000000008003d34       0x74 CMakeFiles/blackpill_v5.dir/Drivers/STM32F4xx_HAL_Driver/Src/stm32f4xx_hal_pcd.c.obj
                0x0000000008003d34                HAL_PCD_EP_Transmit
 .text.HAL_PCD_EP_SetStall
                0x0000000008003da8       0xc6 CMakeFiles/blackpill_v5.dir/Drivers/STM32F4xx_HAL_Driver/Src/stm32f4xx_hal_pcd.c.obj
                0x0000000008003da8                HAL_PCD_EP_SetStall
 .text.HAL_PCD_EP_ClrStall
                0x0000000008003e6e       0xac CMakeFiles/blackpill_v5.dir/Drivers/STM32F4xx_HAL_Driver/Src/stm32f4xx_hal_pcd.c.obj
                0x0000000008003e6e                HAL_PCD_EP_ClrStall
 .text.HAL_PCD_EP_Abort
                0x0000000008003f1a       0x62 CMakeFiles/blackpill_v5.dir/Drivers/STM32F4xx_HAL_Driver/Src/stm32f4xx_hal_pcd.c.obj
                0x0000000008003f1a                HAL_PCD_EP_Abort
 .text.PCD_WriteEmptyTxFifo
                0x0000000008003f7c      0x118 CMakeFiles/blackpill_v5.dir/Drivers/STM32F4xx_HAL_Driver/Src/stm32f4xx_hal_pcd.c.obj
 .text.PCD_EP_OutXfrComplete_int
                0x0000000008004094      0x1d0 CMakeFiles/blackpill_v5.dir/Drivers/STM32F4xx_HAL_Driver/Src/stm32f4xx_hal_pcd.c.obj
 .text.PCD_EP_OutSetupPacket_int
                0x0000000008004264       0x8c CMakeFiles/blackpill_v5.dir/Drivers/STM32F4xx_HAL_Driver/Src/stm32f4xx_hal_pcd.c.obj
 .text.HAL_PCDEx_SetTxFiFo
                0x00000000080042f0       0x8e CMakeFiles/blackpill_v5.dir/Drivers/STM32F4xx_HAL_Driver/Src/stm32f4xx_hal_pcd_ex.c.obj
                0x00000000080042f0                HAL_PCDEx_SetTxFiFo
 .text.HAL_PCDEx_SetRxFiFo
                0x000000000800437e       0x22 CMakeFiles/blackpill_v5.dir/Drivers/STM32F4xx_HAL_Driver/Src/stm32f4xx_hal_pcd_ex.c.obj
                0x000000000800437e                HAL_PCDEx_SetRxFiFo
 .text.HAL_PCDEx_LPM_Callback
                0x00000000080043a0       0x18 CMakeFiles/blackpill_v5.dir/Drivers/STM32F4xx_HAL_Driver/Src/stm32f4xx_hal_pcd_ex.c.obj
                0x00000000080043a0                HAL_PCDEx_LPM_Callback
 .text.USB_CoreInit
                0x00000000080043b8       0xc8 CMakeFiles/blackpill_v5.dir/Drivers/STM32F4xx_HAL_Driver/Src/stm32f4xx_ll_usb.c.obj
                0x00000000080043b8                USB_CoreInit
 .text.USB_SetTurnaroundTime
                0x0000000008004480      0x144 CMakeFiles/blackpill_v5.dir/Drivers/STM32F4xx_HAL_Driver/Src/stm32f4xx_ll_usb.c.obj
                0x0000000008004480                USB_SetTurnaroundTime
 .text.USB_EnableGlobalInt
                0x00000000080045c4       0x22 CMakeFiles/blackpill_v5.dir/Drivers/STM32F4xx_HAL_Driver/Src/stm32f4xx_ll_usb.c.obj
                0x00000000080045c4                USB_EnableGlobalInt
 .text.USB_DisableGlobalInt
                0x00000000080045e6       0x22 CMakeFiles/blackpill_v5.dir/Drivers/STM32F4xx_HAL_Driver/Src/stm32f4xx_ll_usb.c.obj
                0x00000000080045e6                USB_DisableGlobalInt
 .text.USB_SetCurrentMode
                0x0000000008004608       0x98 CMakeFiles/blackpill_v5.dir/Drivers/STM32F4xx_HAL_Driver/Src/stm32f4xx_ll_usb.c.obj
                0x0000000008004608                USB_SetCurrentMode
 .text.USB_DevInit
                0x00000000080046a0      0x2c8 CMakeFiles/blackpill_v5.dir/Drivers/STM32F4xx_HAL_Driver/Src/stm32f4xx_ll_usb.c.obj
                0x00000000080046a0                USB_DevInit
 .text.USB_FlushTxFifo
                0x0000000008004968       0x64 CMakeFiles/blackpill_v5.dir/Drivers/STM32F4xx_HAL_Driver/Src/stm32f4xx_ll_usb.c.obj
                0x0000000008004968                USB_FlushTxFifo
 .text.USB_FlushRxFifo
                0x00000000080049cc       0x5c CMakeFiles/blackpill_v5.dir/Drivers/STM32F4xx_HAL_Driver/Src/stm32f4xx_ll_usb.c.obj
                0x00000000080049cc                USB_FlushRxFifo
 .text.USB_SetDevSpeed
                0x0000000008004a28       0x32 CMakeFiles/blackpill_v5.dir/Drivers/STM32F4xx_HAL_Driver/Src/stm32f4xx_ll_usb.c.obj
                0x0000000008004a28                USB_SetDevSpeed
 .text.USB_GetDevSpeed
                0x0000000008004a5a       0x4a CMakeFiles/blackpill_v5.dir/Drivers/STM32F4xx_HAL_Driver/Src/stm32f4xx_ll_usb.c.obj
                0x0000000008004a5a                USB_GetDevSpeed
 .text.USB_ActivateEndpoint
                0x0000000008004aa4      0x10e CMakeFiles/blackpill_v5.dir/Drivers/STM32F4xx_HAL_Driver/Src/stm32f4xx_ll_usb.c.obj
                0x0000000008004aa4                USB_ActivateEndpoint
 *fill*         0x0000000008004bb2        0x2 
 .text.USB_DeactivateEndpoint
                0x0000000008004bb4      0x1b8 CMakeFiles/blackpill_v5.dir/Drivers/STM32F4xx_HAL_Driver/Src/stm32f4xx_ll_usb.c.obj
                0x0000000008004bb4                USB_DeactivateEndpoint
 .text.USB_EPStartXfer
                0x0000000008004d6c      0x53c CMakeFiles/blackpill_v5.dir/Drivers/STM32F4xx_HAL_Driver/Src/stm32f4xx_ll_usb.c.obj
                0x0000000008004d6c                USB_EPStartXfer
 .text.USB_EPStopXfer
                0x00000000080052a8      0x154 CMakeFiles/blackpill_v5.dir/Drivers/STM32F4xx_HAL_Driver/Src/stm32f4xx_ll_usb.c.obj
                0x00000000080052a8                USB_EPStopXfer
 .text.USB_WritePacket
                0x00000000080053fc       0x7c CMakeFiles/blackpill_v5.dir/Drivers/STM32F4xx_HAL_Driver/Src/stm32f4xx_ll_usb.c.obj
                0x00000000080053fc                USB_WritePacket
 .text.USB_ReadPacket
                0x0000000008005478       0xb0 CMakeFiles/blackpill_v5.dir/Drivers/STM32F4xx_HAL_Driver/Src/stm32f4xx_ll_usb.c.obj
                0x0000000008005478                USB_ReadPacket
 .text.USB_EPSetStall
                0x0000000008005528       0xdc CMakeFiles/blackpill_v5.dir/Drivers/STM32F4xx_HAL_Driver/Src/stm32f4xx_ll_usb.c.obj
                0x0000000008005528                USB_EPSetStall
 .text.USB_EPClearStall
                0x0000000008005604       0xcc CMakeFiles/blackpill_v5.dir/Drivers/STM32F4xx_HAL_Driver/Src/stm32f4xx_ll_usb.c.obj
                0x0000000008005604                USB_EPClearStall
 .text.USB_SetDevAddress
                0x00000000080056d0       0x4c CMakeFiles/blackpill_v5.dir/Drivers/STM32F4xx_HAL_Driver/Src/stm32f4xx_ll_usb.c.obj
                0x00000000080056d0                USB_SetDevAddress
 .text.USB_DevConnect
                0x000000000800571c       0x42 CMakeFiles/blackpill_v5.dir/Drivers/STM32F4xx_HAL_Driver/Src/stm32f4xx_ll_usb.c.obj
                0x000000000800571c                USB_DevConnect
 .text.USB_DevDisconnect
                0x000000000800575e       0x42 CMakeFiles/blackpill_v5.dir/Drivers/STM32F4xx_HAL_Driver/Src/stm32f4xx_ll_usb.c.obj
                0x000000000800575e                USB_DevDisconnect
 .text.USB_ReadInterrupts
                0x00000000080057a0       0x26 CMakeFiles/blackpill_v5.dir/Drivers/STM32F4xx_HAL_Driver/Src/stm32f4xx_ll_usb.c.obj
                0x00000000080057a0                USB_ReadInterrupts
 .text.USB_ReadDevAllOutEpInterrupt
                0x00000000080057c6       0x34 CMakeFiles/blackpill_v5.dir/Drivers/STM32F4xx_HAL_Driver/Src/stm32f4xx_ll_usb.c.obj
                0x00000000080057c6                USB_ReadDevAllOutEpInterrupt
 .text.USB_ReadDevAllInEpInterrupt
                0x00000000080057fa       0x34 CMakeFiles/blackpill_v5.dir/Drivers/STM32F4xx_HAL_Driver/Src/stm32f4xx_ll_usb.c.obj
                0x00000000080057fa                USB_ReadDevAllInEpInterrupt
 .text.USB_ReadDevOutEPInterrupt
                0x000000000800582e       0x3c CMakeFiles/blackpill_v5.dir/Drivers/STM32F4xx_HAL_Driver/Src/stm32f4xx_ll_usb.c.obj
                0x000000000800582e                USB_ReadDevOutEPInterrupt
 .text.USB_ReadDevInEPInterrupt
                0x000000000800586a       0x5c CMakeFiles/blackpill_v5.dir/Drivers/STM32F4xx_HAL_Driver/Src/stm32f4xx_ll_usb.c.obj
                0x000000000800586a                USB_ReadDevInEPInterrupt
 .text.USB_GetMode
                0x00000000080058c6       0x1c CMakeFiles/blackpill_v5.dir/Drivers/STM32F4xx_HAL_Driver/Src/stm32f4xx_ll_usb.c.obj
                0x00000000080058c6                USB_GetMode
 .text.USB_ActivateSetup
                0x00000000080058e2       0x46 CMakeFiles/blackpill_v5.dir/Drivers/STM32F4xx_HAL_Driver/Src/stm32f4xx_ll_usb.c.obj
                0x00000000080058e2                USB_ActivateSetup
 .text.USB_EP0_OutStart
                0x0000000008005928       0xbc CMakeFiles/blackpill_v5.dir/Drivers/STM32F4xx_HAL_Driver/Src/stm32f4xx_ll_usb.c.obj
                0x0000000008005928                USB_EP0_OutStart
 .text.USB_CoreReset
                0x00000000080059e4       0x62 CMakeFiles/blackpill_v5.dir/Drivers/STM32F4xx_HAL_Driver/Src/stm32f4xx_ll_usb.c.obj
 *fill*         0x0000000008005a46        0x2 
 .text.HAL_RCC_OscConfig
                0x0000000008005a48      0x4f0 CMakeFiles/blackpill_v5.dir/Drivers/STM32F4xx_HAL_Driver/Src/stm32f4xx_hal_rcc.c.obj
                0x0000000008005a48                HAL_RCC_OscConfig
 .text.HAL_RCC_ClockConfig
                0x0000000008005f38      0x1cc CMakeFiles/blackpill_v5.dir/Drivers/STM32F4xx_HAL_Driver/Src/stm32f4xx_hal_rcc.c.obj
                0x0000000008005f38                HAL_RCC_ClockConfig
 .text.HAL_RCC_GetSysClockFreq
                0x0000000008006104      0x18c CMakeFiles/blackpill_v5.dir/Drivers/STM32F4xx_HAL_Driver/Src/stm32f4xx_hal_rcc.c.obj
                0x0000000008006104                HAL_RCC_GetSysClockFreq
 .text.HAL_RCC_GetHCLKFreq
                0x0000000008006290       0x18 CMakeFiles/blackpill_v5.dir/Drivers/STM32F4xx_HAL_Driver/Src/stm32f4xx_hal_rcc.c.obj
                0x0000000008006290                HAL_RCC_GetHCLKFreq
 .text.HAL_RCC_GetPCLK1Freq
                0x00000000080062a8       0x28 CMakeFiles/blackpill_v5.dir/Drivers/STM32F4xx_HAL_Driver/Src/stm32f4xx_hal_rcc.c.obj
                0x00000000080062a8                HAL_RCC_GetPCLK1Freq
 .text.HAL_GPIO_Init
                0x00000000080062d0      0x308 CMakeFiles/blackpill_v5.dir/Drivers/STM32F4xx_HAL_Driver/Src/stm32f4xx_hal_gpio.c.obj
                0x00000000080062d0                HAL_GPIO_Init
 .text.HAL_GPIO_WritePin
                0x00000000080065d8       0x32 CMakeFiles/blackpill_v5.dir/Drivers/STM32F4xx_HAL_Driver/Src/stm32f4xx_hal_gpio.c.obj
                0x00000000080065d8                HAL_GPIO_WritePin
 .text.HAL_GPIO_TogglePin
                0x000000000800660a       0x34 CMakeFiles/blackpill_v5.dir/Drivers/STM32F4xx_HAL_Driver/Src/stm32f4xx_hal_gpio.c.obj
                0x000000000800660a                HAL_GPIO_TogglePin
 *fill*         0x000000000800663e        0x2 
 .text.__NVIC_SetPriorityGrouping
                0x0000000008006640       0x48 CMakeFiles/blackpill_v5.dir/Drivers/STM32F4xx_HAL_Driver/Src/stm32f4xx_hal_cortex.c.obj
 .text.__NVIC_GetPriorityGrouping
                0x0000000008006688       0x1c CMakeFiles/blackpill_v5.dir/Drivers/STM32F4xx_HAL_Driver/Src/stm32f4xx_hal_cortex.c.obj
 .text.__NVIC_EnableIRQ
                0x00000000080066a4       0x3c CMakeFiles/blackpill_v5.dir/Drivers/STM32F4xx_HAL_Driver/Src/stm32f4xx_hal_cortex.c.obj
 .text.__NVIC_SetPriority
                0x00000000080066e0       0x54 CMakeFiles/blackpill_v5.dir/Drivers/STM32F4xx_HAL_Driver/Src/stm32f4xx_hal_cortex.c.obj
 .text.NVIC_EncodePriority
                0x0000000008006734       0x66 CMakeFiles/blackpill_v5.dir/Drivers/STM32F4xx_HAL_Driver/Src/stm32f4xx_hal_cortex.c.obj
 *fill*         0x000000000800679a        0x2 
 .text.SysTick_Config
                0x000000000800679c       0x44 CMakeFiles/blackpill_v5.dir/Drivers/STM32F4xx_HAL_Driver/Src/stm32f4xx_hal_cortex.c.obj
 .text.HAL_NVIC_SetPriorityGrouping
                0x00000000080067e0       0x16 CMakeFiles/blackpill_v5.dir/Drivers/STM32F4xx_HAL_Driver/Src/stm32f4xx_hal_cortex.c.obj
                0x00000000080067e0                HAL_NVIC_SetPriorityGrouping
 .text.HAL_NVIC_SetPriority
                0x00000000080067f6       0x38 CMakeFiles/blackpill_v5.dir/Drivers/STM32F4xx_HAL_Driver/Src/stm32f4xx_hal_cortex.c.obj
                0x00000000080067f6                HAL_NVIC_SetPriority
 .text.HAL_NVIC_EnableIRQ
                0x000000000800682e       0x1c CMakeFiles/blackpill_v5.dir/Drivers/STM32F4xx_HAL_Driver/Src/stm32f4xx_hal_cortex.c.obj
                0x000000000800682e                HAL_NVIC_EnableIRQ
 .text.HAL_SYSTICK_Config
                0x000000000800684a       0x18 CMakeFiles/blackpill_v5.dir/Drivers/STM32F4xx_HAL_Driver/Src/stm32f4xx_hal_cortex.c.obj
                0x000000000800684a                HAL_SYSTICK_Config
 *fill*         0x0000000008006862        0x2 
 .text.HAL_Init
                0x0000000008006864       0x44 CMakeFiles/blackpill_v5.dir/Drivers/STM32F4xx_HAL_Driver/Src/stm32f4xx_hal.c.obj
                0x0000000008006864                HAL_Init
 .text.HAL_InitTick
                0x00000000080068a8       0x60 CMakeFiles/blackpill_v5.dir/Drivers/STM32F4xx_HAL_Driver/Src/stm32f4xx_hal.c.obj
                0x00000000080068a8                HAL_InitTick
 .text.HAL_IncTick
                0x0000000008006908       0x28 CMakeFiles/blackpill_v5.dir/Drivers/STM32F4xx_HAL_Driver/Src/stm32f4xx_hal.c.obj
                0x0000000008006908                HAL_IncTick
 .text.HAL_GetTick
                0x0000000008006930       0x18 CMakeFiles/blackpill_v5.dir/Drivers/STM32F4xx_HAL_Driver/Src/stm32f4xx_hal.c.obj
                0x0000000008006930                HAL_GetTick
 .text.HAL_Delay
                0x0000000008006948       0x48 CMakeFiles/blackpill_v5.dir/Drivers/STM32F4xx_HAL_Driver/Src/stm32f4xx_hal.c.obj
                0x0000000008006948                HAL_Delay
 .text.HAL_I2C_Init
                0x0000000008006990      0x288 CMakeFiles/blackpill_v5.dir/Drivers/STM32F4xx_HAL_Driver/Src/stm32f4xx_hal_i2c.c.obj
                0x0000000008006990                HAL_I2C_Init
 .text.HAL_I2C_Master_Transmit
                0x0000000008006c18      0x1fc CMakeFiles/blackpill_v5.dir/Drivers/STM32F4xx_HAL_Driver/Src/stm32f4xx_hal_i2c.c.obj
                0x0000000008006c18                HAL_I2C_Master_Transmit
 .text.HAL_I2C_Master_Receive
                0x0000000008006e14      0x464 CMakeFiles/blackpill_v5.dir/Drivers/STM32F4xx_HAL_Driver/Src/stm32f4xx_hal_i2c.c.obj
                0x0000000008006e14                HAL_I2C_Master_Receive
 .text.I2C_MasterRequestWrite
                0x0000000008007278      0x104 CMakeFiles/blackpill_v5.dir/Drivers/STM32F4xx_HAL_Driver/Src/stm32f4xx_hal_i2c.c.obj
 .text.I2C_MasterRequestRead
                0x000000000800737c      0x19c CMakeFiles/blackpill_v5.dir/Drivers/STM32F4xx_HAL_Driver/Src/stm32f4xx_hal_i2c.c.obj
 .text.I2C_WaitOnFlagUntilTimeout
                0x0000000008007518       0xf4 CMakeFiles/blackpill_v5.dir/Drivers/STM32F4xx_HAL_Driver/Src/stm32f4xx_hal_i2c.c.obj
 .text.I2C_WaitOnMasterAddressFlagUntilTimeout
                0x000000000800760c      0x140 CMakeFiles/blackpill_v5.dir/Drivers/STM32F4xx_HAL_Driver/Src/stm32f4xx_hal_i2c.c.obj
 .text.I2C_WaitOnTXEFlagUntilTimeout
                0x000000000800774c       0x90 CMakeFiles/blackpill_v5.dir/Drivers/STM32F4xx_HAL_Driver/Src/stm32f4xx_hal_i2c.c.obj
 .text.I2C_WaitOnBTFFlagUntilTimeout
                0x00000000080077dc       0x90 CMakeFiles/blackpill_v5.dir/Drivers/STM32F4xx_HAL_Driver/Src/stm32f4xx_hal_i2c.c.obj
 .text.I2C_WaitOnRXNEFlagUntilTimeout
                0x000000000800786c       0xba CMakeFiles/blackpill_v5.dir/Drivers/STM32F4xx_HAL_Driver/Src/stm32f4xx_hal_i2c.c.obj
 .text.I2C_IsAcknowledgeFailed
                0x0000000008007926       0x5e CMakeFiles/blackpill_v5.dir/Drivers/STM32F4xx_HAL_Driver/Src/stm32f4xx_hal_i2c.c.obj
 .text.SystemInit
                0x0000000008007984       0x24 CMakeFiles/blackpill_v5.dir/Core/Src/system_stm32f4xx.c.obj
                0x0000000008007984                SystemInit
 .text.USBD_Init
                0x00000000080079a8       0x60 CMakeFiles/blackpill_v5.dir/Middlewares/ST/STM32_USB_Device_Library/Core/Src/usbd_core.c.obj
                0x00000000080079a8                USBD_Init
 .text.USBD_RegisterClass
                0x0000000008007a08       0x6c CMakeFiles/blackpill_v5.dir/Middlewares/ST/STM32_USB_Device_Library/Core/Src/usbd_core.c.obj
                0x0000000008007a08                USBD_RegisterClass
 .text.USBD_Start
                0x0000000008007a74       0x18 CMakeFiles/blackpill_v5.dir/Middlewares/ST/STM32_USB_Device_Library/Core/Src/usbd_core.c.obj
                0x0000000008007a74                USBD_Start
 .text.USBD_RunTestMode
                0x0000000008007a8c       0x16 CMakeFiles/blackpill_v5.dir/Middlewares/ST/STM32_USB_Device_Library/Core/Src/usbd_core.c.obj
                0x0000000008007a8c                USBD_RunTestMode
 .text.USBD_SetClassConfig
                0x0000000008007aa2       0x38 CMakeFiles/blackpill_v5.dir/Middlewares/ST/STM32_USB_Device_Library/Core/Src/usbd_core.c.obj
                0x0000000008007aa2                USBD_SetClassConfig
 .text.USBD_ClrClassConfig
                0x0000000008007ada       0x34 CMakeFiles/blackpill_v5.dir/Middlewares/ST/STM32_USB_Device_Library/Core/Src/usbd_core.c.obj
                0x0000000008007ada                USBD_ClrClassConfig
 .text.USBD_LL_SetupStage
                0x0000000008007b0e       0xaa CMakeFiles/blackpill_v5.dir/Middlewares/ST/STM32_USB_Device_Library/Core/Src/usbd_core.c.obj
                0x0000000008007b0e                USBD_LL_SetupStage
 .text.USBD_LL_DataOutStage
                0x0000000008007bb8      0x166 CMakeFiles/blackpill_v5.dir/Middlewares/ST/STM32_USB_Device_Library/Core/Src/usbd_core.c.obj
                0x0000000008007bb8                USBD_LL_DataOutStage
 .text.USBD_LL_DataInStage
                0x0000000008007d1e      0x164 CMakeFiles/blackpill_v5.dir/Middlewares/ST/STM32_USB_Device_Library/Core/Src/usbd_core.c.obj
                0x0000000008007d1e                USBD_LL_DataInStage
 .text.USBD_LL_Reset
                0x0000000008007e82       0xa4 CMakeFiles/blackpill_v5.dir/Middlewares/ST/STM32_USB_Device_Library/Core/Src/usbd_core.c.obj
                0x0000000008007e82                USBD_LL_Reset
 .text.USBD_LL_SetSpeed
                0x0000000008007f26       0x20 CMakeFiles/blackpill_v5.dir/Middlewares/ST/STM32_USB_Device_Library/Core/Src/usbd_core.c.obj
                0x0000000008007f26                USBD_LL_SetSpeed
 .text.USBD_LL_Suspend
                0x0000000008007f46       0x38 CMakeFiles/blackpill_v5.dir/Middlewares/ST/STM32_USB_Device_Library/Core/Src/usbd_core.c.obj
                0x0000000008007f46                USBD_LL_Suspend
 .text.USBD_LL_Resume
                0x0000000008007f7e       0x30 CMakeFiles/blackpill_v5.dir/Middlewares/ST/STM32_USB_Device_Library/Core/Src/usbd_core.c.obj
                0x0000000008007f7e                USBD_LL_Resume
 .text.USBD_LL_SOF
                0x0000000008007fae       0x40 CMakeFiles/blackpill_v5.dir/Middlewares/ST/STM32_USB_Device_Library/Core/Src/usbd_core.c.obj
                0x0000000008007fae                USBD_LL_SOF
 .text.USBD_LL_IsoINIncomplete
                0x0000000008007fee       0x64 CMakeFiles/blackpill_v5.dir/Middlewares/ST/STM32_USB_Device_Library/Core/Src/usbd_core.c.obj
                0x0000000008007fee                USBD_LL_IsoINIncomplete
 .text.USBD_LL_IsoOUTIncomplete
                0x0000000008008052       0x64 CMakeFiles/blackpill_v5.dir/Middlewares/ST/STM32_USB_Device_Library/Core/Src/usbd_core.c.obj
                0x0000000008008052                USBD_LL_IsoOUTIncomplete
 .text.USBD_LL_DevConnected
                0x00000000080080b6       0x16 CMakeFiles/blackpill_v5.dir/Middlewares/ST/STM32_USB_Device_Library/Core/Src/usbd_core.c.obj
                0x00000000080080b6                USBD_LL_DevConnected
 .text.USBD_LL_DevDisconnected
                0x00000000080080cc       0x46 CMakeFiles/blackpill_v5.dir/Middlewares/ST/STM32_USB_Device_Library/Core/Src/usbd_core.c.obj
                0x00000000080080cc                USBD_LL_DevDisconnected
 .text.USBD_CoreFindIF
                0x0000000008008112       0x1a CMakeFiles/blackpill_v5.dir/Middlewares/ST/STM32_USB_Device_Library/Core/Src/usbd_core.c.obj
                0x0000000008008112                USBD_CoreFindIF
 .text.USBD_CoreFindEP
                0x000000000800812c       0x1a CMakeFiles/blackpill_v5.dir/Middlewares/ST/STM32_USB_Device_Library/Core/Src/usbd_core.c.obj
                0x000000000800812c                USBD_CoreFindEP
 .text.USBD_GetEpDesc
                0x0000000008008146       0x74 CMakeFiles/blackpill_v5.dir/Middlewares/ST/STM32_USB_Device_Library/Core/Src/usbd_core.c.obj
                0x0000000008008146                USBD_GetEpDesc
 .text.USBD_GetNextDesc
                0x00000000080081ba       0x3a CMakeFiles/blackpill_v5.dir/Middlewares/ST/STM32_USB_Device_Library/Core/Src/usbd_core.c.obj
                0x00000000080081ba                USBD_GetNextDesc
 .text.SWAPBYTE
                0x00000000080081f4       0x3c CMakeFiles/blackpill_v5.dir/Middlewares/ST/STM32_USB_Device_Library/Core/Src/usbd_ctlreq.c.obj
 .text.USBD_StdDevReq
                0x0000000008008230       0xe4 CMakeFiles/blackpill_v5.dir/Middlewares/ST/STM32_USB_Device_Library/Core/Src/usbd_ctlreq.c.obj
                0x0000000008008230                USBD_StdDevReq
 .text.USBD_StdItfReq
                0x0000000008008314       0xd8 CMakeFiles/blackpill_v5.dir/Middlewares/ST/STM32_USB_Device_Library/Core/Src/usbd_ctlreq.c.obj
                0x0000000008008314                USBD_StdItfReq
 .text.USBD_StdEPReq
                0x00000000080083ec      0x33a CMakeFiles/blackpill_v5.dir/Middlewares/ST/STM32_USB_Device_Library/Core/Src/usbd_ctlreq.c.obj
                0x00000000080083ec                USBD_StdEPReq
 *fill*         0x0000000008008726        0x2 
 .text.USBD_GetDescriptor
                0x0000000008008728      0x2d4 CMakeFiles/blackpill_v5.dir/Middlewares/ST/STM32_USB_Device_Library/Core/Src/usbd_ctlreq.c.obj
 .text.USBD_SetAddress
                0x00000000080089fc       0x88 CMakeFiles/blackpill_v5.dir/Middlewares/ST/STM32_USB_Device_Library/Core/Src/usbd_ctlreq.c.obj
 .text.USBD_SetConfig
                0x0000000008008a84      0x154 CMakeFiles/blackpill_v5.dir/Middlewares/ST/STM32_USB_Device_Library/Core/Src/usbd_ctlreq.c.obj
 .text.USBD_GetConfig
                0x0000000008008bd8       0x6c CMakeFiles/blackpill_v5.dir/Middlewares/ST/STM32_USB_Device_Library/Core/Src/usbd_ctlreq.c.obj
 .text.USBD_GetStatus
                0x0000000008008c44       0x68 CMakeFiles/blackpill_v5.dir/Middlewares/ST/STM32_USB_Device_Library/Core/Src/usbd_ctlreq.c.obj
 .text.USBD_SetFeature
                0x0000000008008cac       0x52 CMakeFiles/blackpill_v5.dir/Middlewares/ST/STM32_USB_Device_Library/Core/Src/usbd_ctlreq.c.obj
 .text.USBD_ClrFeature
                0x0000000008008cfe       0x44 CMakeFiles/blackpill_v5.dir/Middlewares/ST/STM32_USB_Device_Library/Core/Src/usbd_ctlreq.c.obj
 .text.USBD_ParseSetupRequest
                0x0000000008008d42       0x74 CMakeFiles/blackpill_v5.dir/Middlewares/ST/STM32_USB_Device_Library/Core/Src/usbd_ctlreq.c.obj
                0x0000000008008d42                USBD_ParseSetupRequest
 .text.USBD_CtlError
                0x0000000008008db6       0x22 CMakeFiles/blackpill_v5.dir/Middlewares/ST/STM32_USB_Device_Library/Core/Src/usbd_ctlreq.c.obj
                0x0000000008008db6                USBD_CtlError
 .text.USBD_GetString
                0x0000000008008dd8       0xa4 CMakeFiles/blackpill_v5.dir/Middlewares/ST/STM32_USB_Device_Library/Core/Src/usbd_ctlreq.c.obj
                0x0000000008008dd8                USBD_GetString
 .text.USBD_GetLen
                0x0000000008008e7c       0x34 CMakeFiles/blackpill_v5.dir/Middlewares/ST/STM32_USB_Device_Library/Core/Src/usbd_ctlreq.c.obj
 .text.USBD_CtlSendData
                0x0000000008008eb0       0x36 CMakeFiles/blackpill_v5.dir/Middlewares/ST/STM32_USB_Device_Library/Core/Src/usbd_ioreq.c.obj
                0x0000000008008eb0                USBD_CtlSendData
 .text.USBD_CtlContinueSendData
                0x0000000008008ee6       0x22 CMakeFiles/blackpill_v5.dir/Middlewares/ST/STM32_USB_Device_Library/Core/Src/usbd_ioreq.c.obj
                0x0000000008008ee6                USBD_CtlContinueSendData
 .text.USBD_CtlPrepareRx
                0x0000000008008f08       0x3a CMakeFiles/blackpill_v5.dir/Middlewares/ST/STM32_USB_Device_Library/Core/Src/usbd_ioreq.c.obj
                0x0000000008008f08                USBD_CtlPrepareRx
 .text.USBD_CtlContinueRx
                0x0000000008008f42       0x22 CMakeFiles/blackpill_v5.dir/Middlewares/ST/STM32_USB_Device_Library/Core/Src/usbd_ioreq.c.obj
                0x0000000008008f42                USBD_CtlContinueRx
 .text.USBD_CtlSendStatus
                0x0000000008008f64       0x26 CMakeFiles/blackpill_v5.dir/Middlewares/ST/STM32_USB_Device_Library/Core/Src/usbd_ioreq.c.obj
                0x0000000008008f64                USBD_CtlSendStatus
 .text.USBD_CtlReceiveStatus
                0x0000000008008f8a       0x26 CMakeFiles/blackpill_v5.dir/Middlewares/ST/STM32_USB_Device_Library/Core/Src/usbd_ioreq.c.obj
                0x0000000008008f8a                USBD_CtlReceiveStatus
 .text.USBD_CDC_Init
                0x0000000008008fb0      0x1f0 CMakeFiles/blackpill_v5.dir/Middlewares/ST/STM32_USB_Device_Library/Class/CDC/Src/usbd_cdc.c.obj
 .text.USBD_CDC_DeInit
                0x00000000080091a0      0x104 CMakeFiles/blackpill_v5.dir/Middlewares/ST/STM32_USB_Device_Library/Class/CDC/Src/usbd_cdc.c.obj
 .text.USBD_CDC_Setup
                0x00000000080092a4      0x1b8 CMakeFiles/blackpill_v5.dir/Middlewares/ST/STM32_USB_Device_Library/Class/CDC/Src/usbd_cdc.c.obj
 .text.USBD_CDC_DataIn
                0x000000000800945c       0xfe CMakeFiles/blackpill_v5.dir/Middlewares/ST/STM32_USB_Device_Library/Class/CDC/Src/usbd_cdc.c.obj
 .text.USBD_CDC_DataOut
                0x000000000800955a       0x70 CMakeFiles/blackpill_v5.dir/Middlewares/ST/STM32_USB_Device_Library/Class/CDC/Src/usbd_cdc.c.obj
 .text.USBD_CDC_EP0_RxReady
                0x00000000080095ca       0x76 CMakeFiles/blackpill_v5.dir/Middlewares/ST/STM32_USB_Device_Library/Class/CDC/Src/usbd_cdc.c.obj
 .text.USBD_CDC_GetFSCfgDesc
                0x0000000008009640       0x70 CMakeFiles/blackpill_v5.dir/Middlewares/ST/STM32_USB_Device_Library/Class/CDC/Src/usbd_cdc.c.obj
 .text.USBD_CDC_GetHSCfgDesc
                0x00000000080096b0       0x70 CMakeFiles/blackpill_v5.dir/Middlewares/ST/STM32_USB_Device_Library/Class/CDC/Src/usbd_cdc.c.obj
 .text.USBD_CDC_GetOtherSpeedCfgDesc
                0x0000000008009720       0x70 CMakeFiles/blackpill_v5.dir/Middlewares/ST/STM32_USB_Device_Library/Class/CDC/Src/usbd_cdc.c.obj
 .text.USBD_CDC_GetDeviceQualifierDescriptor
                0x0000000008009790       0x20 CMakeFiles/blackpill_v5.dir/Middlewares/ST/STM32_USB_Device_Library/Class/CDC/Src/usbd_cdc.c.obj
                0x0000000008009790                USBD_CDC_GetDeviceQualifierDescriptor
 .text.USBD_CDC_RegisterInterface
                0x00000000080097b0       0x34 CMakeFiles/blackpill_v5.dir/Middlewares/ST/STM32_USB_Device_Library/Class/CDC/Src/usbd_cdc.c.obj
                0x00000000080097b0                USBD_CDC_RegisterInterface
 .text.USBD_CDC_SetTxBuffer
                0x00000000080097e4       0x44 CMakeFiles/blackpill_v5.dir/Middlewares/ST/STM32_USB_Device_Library/Class/CDC/Src/usbd_cdc.c.obj
                0x00000000080097e4                USBD_CDC_SetTxBuffer
 .text.USBD_CDC_SetRxBuffer
                0x0000000008009828       0x3a CMakeFiles/blackpill_v5.dir/Middlewares/ST/STM32_USB_Device_Library/Class/CDC/Src/usbd_cdc.c.obj
                0x0000000008009828                USBD_CDC_SetRxBuffer
 *fill*         0x0000000008009862        0x2 
 .text.USBD_CDC_TransmitPacket
                0x0000000008009864       0x80 CMakeFiles/blackpill_v5.dir/Middlewares/ST/STM32_USB_Device_Library/Class/CDC/Src/usbd_cdc.c.obj
                0x0000000008009864                USBD_CDC_TransmitPacket
 .text.USBD_CDC_ReceivePacket
                0x00000000080098e4       0x6c CMakeFiles/blackpill_v5.dir/Middlewares/ST/STM32_USB_Device_Library/Class/CDC/Src/usbd_cdc.c.obj
                0x00000000080098e4                USBD_CDC_ReceivePacket
 .text._sbrk    0x0000000008009950       0x6c CMakeFiles/blackpill_v5.dir/Core/Src/sysmem.c.obj
                0x0000000008009950                _sbrk
 .text.Reset_Handler
                0x00000000080099bc       0x50 CMakeFiles/blackpill_v5.dir/startup_stm32f411xe.s.obj
                0x00000000080099bc                Reset_Handler
 .text.Default_Handler
                0x0000000008009a0c        0x2 CMakeFiles/blackpill_v5.dir/startup_stm32f411xe.s.obj
                0x0000000008009a0c                RTC_Alarm_IRQHandler
                0x0000000008009a0c                EXTI2_IRQHandler
                0x0000000008009a0c                SPI4_IRQHandler
                0x0000000008009a0c                TIM1_CC_IRQHandler
                0x0000000008009a0c                DMA2_Stream5_IRQHandler
                0x0000000008009a0c                DMA1_Stream5_IRQHandler
                0x0000000008009a0c                PVD_IRQHandler
                0x0000000008009a0c                SDIO_IRQHandler
                0x0000000008009a0c                TAMP_STAMP_IRQHandler
                0x0000000008009a0c                EXTI3_IRQHandler
                0x0000000008009a0c                TIM1_UP_TIM10_IRQHandler
                0x0000000008009a0c                I2C3_ER_IRQHandler
                0x0000000008009a0c                EXTI0_IRQHandler
                0x0000000008009a0c                I2C2_EV_IRQHandler
                0x0000000008009a0c                DMA1_Stream2_IRQHandler
                0x0000000008009a0c                FPU_IRQHandler
                0x0000000008009a0c                DMA2_Stream2_IRQHandler
                0x0000000008009a0c                SPI1_IRQHandler
                0x0000000008009a0c                TIM1_BRK_TIM9_IRQHandler
                0x0000000008009a0c                DMA2_Stream3_IRQHandler
                0x0000000008009a0c                USART6_IRQHandler
                0x0000000008009a0c                DMA2_Stream0_IRQHandler
                0x0000000008009a0c                TIM4_IRQHandler
                0x0000000008009a0c                I2C1_EV_IRQHandler
                0x0000000008009a0c                DMA1_Stream6_IRQHandler
                0x0000000008009a0c                DMA1_Stream1_IRQHandler
                0x0000000008009a0c                TIM3_IRQHandler
                0x0000000008009a0c                RCC_IRQHandler
                0x0000000008009a0c                Default_Handler
                0x0000000008009a0c                EXTI15_10_IRQHandler
                0x0000000008009a0c                ADC_IRQHandler
                0x0000000008009a0c                DMA1_Stream7_IRQHandler
                0x0000000008009a0c                SPI5_IRQHandler
                0x0000000008009a0c                TIM5_IRQHandler
                0x0000000008009a0c                DMA2_Stream7_IRQHandler
                0x0000000008009a0c                I2C3_EV_IRQHandler
                0x0000000008009a0c                EXTI9_5_IRQHandler
                0x0000000008009a0c                RTC_WKUP_IRQHandler
                0x0000000008009a0c                SPI2_IRQHandler
                0x0000000008009a0c                DMA1_Stream0_IRQHandler
                0x0000000008009a0c                EXTI4_IRQHandler
                0x0000000008009a0c                WWDG_IRQHandler
                0x0000000008009a0c                TIM2_IRQHandler
                0x0000000008009a0c                OTG_FS_WKUP_IRQHandler
                0x0000000008009a0c                TIM1_TRG_COM_TIM11_IRQHandler
                0x0000000008009a0c                EXTI1_IRQHandler
                0x0000000008009a0c                USART2_IRQHandler
                0x0000000008009a0c                I2C2_ER_IRQHandler
                0x0000000008009a0c                DMA2_Stream1_IRQHandler
                0x0000000008009a0c                FLASH_IRQHandler
                0x0000000008009a0c                DMA2_Stream4_IRQHandler
                0x0000000008009a0c                USART1_IRQHandler
                0x0000000008009a0c                SPI3_IRQHandler
                0x0000000008009a0c                DMA1_Stream4_IRQHandler
                0x0000000008009a0c                I2C1_ER_IRQHandler
                0x0000000008009a0c                DMA2_Stream6_IRQHandler
                0x0000000008009a0c                DMA1_Stream3_IRQHandler
 *(.glue_7)
 .glue_7        0x0000000008009a0e        0x0 linker stubs
 *(.glue_7t)
 .glue_7t       0x0000000008009a0e        0x0 linker stubs
 *(.eh_frame)
 *fill*         0x0000000008009a0e        0x2 
 .eh_frame      0x0000000008009a10        0x0 /usr/lib/gcc/arm-none-eabi/10.3.1/thumb/v7e-m+fp/hard/crtbegin.o
 *(.init)
 .init          0x0000000008009a10        0x4 /usr/lib/gcc/arm-none-eabi/10.3.1/thumb/v7e-m+fp/hard/crti.o
                0x0000000008009a10                _init
 .init          0x0000000008009a14        0x8 /usr/lib/gcc/arm-none-eabi/10.3.1/thumb/v7e-m+fp/hard/crtn.o
 *(.fini)
 .fini          0x0000000008009a1c        0x4 /usr/lib/gcc/arm-none-eabi/10.3.1/thumb/v7e-m+fp/hard/crti.o
                0x0000000008009a1c                _fini
 .fini          0x0000000008009a20        0x8 /usr/lib/gcc/arm-none-eabi/10.3.1/thumb/v7e-m+fp/hard/crtn.o
                0x0000000008009a28                . = ALIGN (0x4)
                0x0000000008009a28                _etext = .

.vfp11_veneer   0x0000000008009a28        0x0
 .vfp11_veneer  0x0000000008009a28        0x0 linker stubs

.v4_bx          0x0000000008009a28        0x0
 .v4_bx         0x0000000008009a28        0x0 linker stubs

.iplt           0x0000000008009a28        0x0
 .iplt          0x0000000008009a28        0x0 /usr/lib/gcc/arm-none-eabi/10.3.1/thumb/v7e-m+fp/hard/crtbegin.o

.rodata         0x0000000008009a28      0x33c
                0x0000000008009a28                . = ALIGN (0x4)
 *(.rodata)
 .rodata        0x0000000008009a28      0x174 CMakeFiles/blackpill_v5.dir/Core/Src/ads1115.c.obj
 .rodata        0x0000000008009b9c      0x12b CMakeFiles/blackpill_v5.dir/Core/Src/main.c.obj
 *fill*         0x0000000008009cc7        0x1 
 .rodata        0x0000000008009cc8       0x46 CMakeFiles/blackpill_v5.dir/USB_DEVICE/App/usbd_desc.c.obj
 *(.rodata*)
 *fill*         0x0000000008009d0e        0x2 
 .rodata.AHBPrescTable
                0x0000000008009d10       0x10 CMakeFiles/blackpill_v5.dir/Core/Src/system_stm32f4xx.c.obj
                0x0000000008009d10                AHBPrescTable
 .rodata.APBPrescTable
                0x0000000008009d20        0x8 CMakeFiles/blackpill_v5.dir/Core/Src/system_stm32f4xx.c.obj
                0x0000000008009d20                APBPrescTable
 .rodata.str1.4
                0x0000000008009d28       0x13 /usr/lib/gcc/arm-none-eabi/10.3.1/../../../arm-none-eabi/lib/thumb/v7e-m+fp/hard/libg_nano.a(lib_a-nano-svfprintf.o)
 *fill*         0x0000000008009d3b        0x1 
 .rodata.str1.4
                0x0000000008009d3c       0x25 /usr/lib/gcc/arm-none-eabi/10.3.1/../../../arm-none-eabi/lib/thumb/v7e-m+fp/hard/libg_nano.a(lib_a-nano-vfprintf_i.o)
                0x0000000008009d64                . = ALIGN (0x4)
 *fill*         0x0000000008009d61        0x3 

.ARM.extab
 *(.ARM.extab* .gnu.linkonce.armextab.*)

.ARM            0x0000000008009d64        0x8
                0x0000000008009d64                __exidx_start = .
 *(.ARM.exidx*)
 .ARM.exidx     0x0000000008009d64        0x8 /usr/lib/gcc/arm-none-eabi/10.3.1/thumb/v7e-m+fp/hard/libgcc.a(_udivmoddi4.o)
                0x0000000008009d6c                __exidx_end = .

.rel.dyn        0x0000000008009d6c        0x0
 .rel.iplt      0x0000000008009d6c        0x0 /usr/lib/gcc/arm-none-eabi/10.3.1/thumb/v7e-m+fp/hard/crtbegin.o

.preinit_array  0x0000000008009d6c        0x0
                0x0000000008009d6c                PROVIDE (__preinit_array_start = .)
 *(.preinit_array*)
                0x0000000008009d6c                PROVIDE (__preinit_array_end = .)

.init_array     0x0000000008009d6c        0x4
                0x0000000008009d6c                PROVIDE (__init_array_start = .)
 *(SORT_BY_NAME(.init_array.*))
 *(.init_array*)
 .init_array    0x0000000008009d6c        0x4 /usr/lib/gcc/arm-none-eabi/10.3.1/thumb/v7e-m+fp/hard/crtbegin.o
                0x0000000008009d70                PROVIDE (__init_array_end = .)

.fini_array     0x0000000008009d70        0x4
                0x0000000008009d70                PROVIDE (__fini_array_start = .)
 *(SORT_BY_NAME(.fini_array.*))
 *(.fini_array*)
 .fini_array    0x0000000008009d70        0x4 /usr/lib/gcc/arm-none-eabi/10.3.1/thumb/v7e-m+fp/hard/crtbegin.o
                0x0000000008009d74                PROVIDE (__fini_array_end = .)
                0x0000000008009d74                _sidata = LOADADDR (.data)

.data           0x0000000020000000      0x160 load address 0x0000000008009d74
                0x0000000020000000                . = ALIGN (0x4)
                0x0000000020000000                _sdata = .
 *(.data)
 .data          0x0000000020000000       0x64 /usr/lib/gcc/arm-none-eabi/10.3.1/../../../arm-none-eabi/lib/thumb/v7e-m+fp/hard/libc_nano.a(lib_a-impure.o)
                0x0000000020000000                _impure_ptr
 *(.data*)
 .data.FS_Desc  0x0000000020000064       0x1c CMakeFiles/blackpill_v5.dir/USB_DEVICE/App/usbd_desc.c.obj
                0x0000000020000064                FS_Desc
 .data.USBD_FS_DeviceDesc
                0x0000000020000080       0x12 CMakeFiles/blackpill_v5.dir/USB_DEVICE/App/usbd_desc.c.obj
                0x0000000020000080                USBD_FS_DeviceDesc
 *fill*         0x0000000020000092        0x2 
 .data.USBD_LangIDDesc
                0x0000000020000094        0x4 CMakeFiles/blackpill_v5.dir/USB_DEVICE/App/usbd_desc.c.obj
                0x0000000020000094                USBD_LangIDDesc
 .data.USBD_StringSerial
                0x0000000020000098       0x1a CMakeFiles/blackpill_v5.dir/USB_DEVICE/App/usbd_desc.c.obj
                0x0000000020000098                USBD_StringSerial
 *fill*         0x00000000200000b2        0x2 
 .data.USBD_Interface_fops_FS
                0x00000000200000b4       0x14 CMakeFiles/blackpill_v5.dir/USB_DEVICE/App/usbd_cdc_if.c.obj
                0x00000000200000b4                USBD_Interface_fops_FS
 .data.uwTickPrio
                0x00000000200000c8        0x4 CMakeFiles/blackpill_v5.dir/Drivers/STM32F4xx_HAL_Driver/Src/stm32f4xx_hal.c.obj
                0x00000000200000c8                uwTickPrio
 .data.uwTickFreq
                0x00000000200000cc        0x1 CMakeFiles/blackpill_v5.dir/Drivers/STM32F4xx_HAL_Driver/Src/stm32f4xx_hal.c.obj
                0x00000000200000cc                uwTickFreq
 *fill*         0x00000000200000cd        0x3 
 .data.SystemCoreClock
                0x00000000200000d0        0x4 CMakeFiles/blackpill_v5.dir/Core/Src/system_stm32f4xx.c.obj
                0x00000000200000d0                SystemCoreClock
 .data.USBD_CDC_DeviceQualifierDesc
                0x00000000200000d4        0xa CMakeFiles/blackpill_v5.dir/Middlewares/ST/STM32_USB_Device_Library/Class/CDC/Src/usbd_cdc.c.obj
 *fill*         0x00000000200000de        0x2 
 .data.USBD_CDC
                0x00000000200000e0       0x38 CMakeFiles/blackpill_v5.dir/Middlewares/ST/STM32_USB_Device_Library/Class/CDC/Src/usbd_cdc.c.obj
                0x00000000200000e0                USBD_CDC
 .data.USBD_CDC_CfgDesc
                0x0000000020000118       0x43 CMakeFiles/blackpill_v5.dir/Middlewares/ST/STM32_USB_Device_Library/Class/CDC/Src/usbd_cdc.c.obj
 .data.CDCInEpAdd
                0x000000002000015b        0x1 CMakeFiles/blackpill_v5.dir/Middlewares/ST/STM32_USB_Device_Library/Class/CDC/Src/usbd_cdc.c.obj
 .data.CDCOutEpAdd
                0x000000002000015c        0x1 CMakeFiles/blackpill_v5.dir/Middlewares/ST/STM32_USB_Device_Library/Class/CDC/Src/usbd_cdc.c.obj
 .data.CDCCmdEpAdd
                0x000000002000015d        0x1 CMakeFiles/blackpill_v5.dir/Middlewares/ST/STM32_USB_Device_Library/Class/CDC/Src/usbd_cdc.c.obj
                0x0000000020000160                . = ALIGN (0x4)
 *fill*         0x000000002000015e        0x2 
                0x0000000020000160                _edata = .

.tm_clone_table
                0x0000000020000160        0x0 load address 0x0000000008009ed4
 .tm_clone_table
                0x0000000020000160        0x0 /usr/lib/gcc/arm-none-eabi/10.3.1/thumb/v7e-m+fp/hard/crtbegin.o
 .tm_clone_table
                0x0000000020000160        0x0 /usr/lib/gcc/arm-none-eabi/10.3.1/thumb/v7e-m+fp/hard/crtend.o

.igot.plt       0x0000000020000160        0x0 load address 0x0000000008009ed4
 .igot.plt      0x0000000020000160        0x0 /usr/lib/gcc/arm-none-eabi/10.3.1/thumb/v7e-m+fp/hard/crtbegin.o
                0x0000000020000160                . = ALIGN (0x4)

.bss            0x0000000020000160     0x1c8c load address 0x0000000008009ed4
                0x0000000020000160                _sbss = .
                0x0000000020000160                __bss_start__ = _sbss
 *(.bss)
 .bss           0x0000000020000160       0x1c /usr/lib/gcc/arm-none-eabi/10.3.1/thumb/v7e-m+fp/hard/crtbegin.o
 .bss           0x000000002000017c        0x8 /usr/lib/gcc/arm-none-eabi/10.3.1/../../../arm-none-eabi/lib/thumb/v7e-m+fp/hard/libg_nano.a(lib_a-nano-mallocr.o)
                0x000000002000017c                __malloc_free_list
                0x0000000020000180                __malloc_sbrk_start
 .bss           0x0000000020000184        0x4 /usr/lib/gcc/arm-none-eabi/10.3.1/../../../arm-none-eabi/lib/thumb/v7e-m+fp/hard/libg_nano.a(lib_a-reent.o)
                0x0000000020000184                errno
 *(.bss*)
 .bss.ADS1115_Debug
                0x0000000020000188       0x24 CMakeFiles/blackpill_v5.dir/Core/Src/ads1115.c.obj
                0x0000000020000188                ADS1115_Debug
 .bss.hi2c1     0x00000000200001ac       0x54 CMakeFiles/blackpill_v5.dir/Core/Src/i2c.c.obj
                0x00000000200001ac                hi2c1
 .bss.hUsbDeviceFS
                0x0000000020000200      0x2dc CMakeFiles/blackpill_v5.dir/USB_DEVICE/App/usb_device.c.obj
                0x0000000020000200                hUsbDeviceFS
 .bss.USBD_StrDesc
                0x00000000200004dc      0x200 CMakeFiles/blackpill_v5.dir/USB_DEVICE/App/usbd_desc.c.obj
                0x00000000200004dc                USBD_StrDesc
 .bss.UserRxBufferFS
                0x00000000200006dc      0x800 CMakeFiles/blackpill_v5.dir/USB_DEVICE/App/usbd_cdc_if.c.obj
                0x00000000200006dc                UserRxBufferFS
 .bss.UserTxBufferFS
                0x0000000020000edc      0x800 CMakeFiles/blackpill_v5.dir/USB_DEVICE/App/usbd_cdc_if.c.obj
                0x0000000020000edc                UserTxBufferFS
 .bss.hpcd_USB_OTG_FS
                0x00000000200016dc      0x4e4 CMakeFiles/blackpill_v5.dir/USB_DEVICE/Target/usbd_conf.c.obj
                0x00000000200016dc                hpcd_USB_OTG_FS
 .bss.mem.0     0x0000000020001bc0      0x220 CMakeFiles/blackpill_v5.dir/USB_DEVICE/Target/usbd_conf.c.obj
 .bss.uwTick    0x0000000020001de0        0x4 CMakeFiles/blackpill_v5.dir/Drivers/STM32F4xx_HAL_Driver/Src/stm32f4xx_hal.c.obj
                0x0000000020001de0                uwTick
 .bss.cfgidx.0  0x0000000020001de4        0x1 CMakeFiles/blackpill_v5.dir/Middlewares/ST/STM32_USB_Device_Library/Core/Src/usbd_ctlreq.c.obj
 *fill*         0x0000000020001de5        0x3 
 .bss.__sbrk_heap_end
                0x0000000020001de8        0x4 CMakeFiles/blackpill_v5.dir/Core/Src/sysmem.c.obj
 *(COMMON)
                0x0000000020001dec                . = ALIGN (0x4)
                0x0000000020001dec                _ebss = .
                0x0000000020001dec                __bss_end__ = _ebss

._user_heap_stack
                0x0000000020001dec      0x604 load address 0x0000000008009ed4
                0x0000000020001df0                . = ALIGN (0x8)
 *fill*         0x0000000020001dec        0x4 
                [!provide]                        PROVIDE (end = .)
                0x0000000020001df0                PROVIDE (_end = .)
                0x0000000020001ff0                . = (. + _Min_Heap_Size)
 *fill*         0x0000000020001df0      0x200 
                0x00000000200023f0                . = (. + _Min_Stack_Size)
 *fill*         0x0000000020001ff0      0x400 
                0x00000000200023f0                . = ALIGN (0x8)

/DISCARD/
 libc.a(*)
 libm.a(*)
 libgcc.a(*)

.ARM.attributes
                0x0000000000000000       0x30
 *(.ARM.attributes)
 .ARM.attributes
                0x0000000000000000       0x1e /usr/lib/gcc/arm-none-eabi/10.3.1/thumb/v7e-m+fp/hard/crti.o
 .ARM.attributes
                0x000000000000001e       0x34 /usr/lib/gcc/arm-none-eabi/10.3.1/thumb/v7e-m+fp/hard/crtbegin.o
 .ARM.attributes
                0x0000000000000052       0x32 /usr/lib/gcc/arm-none-eabi/10.3.1/../../../arm-none-eabi/lib/thumb/v7e-m+fp/hard/libc_nano.a(lib_a-impure.o)
 .ARM.attributes
                0x0000000000000084       0x34 /usr/lib/gcc/arm-none-eabi/10.3.1/../../../arm-none-eabi/lib/thumb/v7e-m+fp/hard/libc_nano.a(lib_a-init.o)
 .ARM.attributes
                0x00000000000000b8       0x34 /usr/lib/gcc/arm-none-eabi/10.3.1/../../../arm-none-eabi/lib/thumb/v7e-m+fp/hard/libc_nano.a(lib_a-memset.o)
 .ARM.attributes
                0x00000000000000ec       0x34 CMakeFiles/blackpill_v5.dir/Core/Src/ads1115.c.obj
 .ARM.attributes
                0x0000000000000120       0x34 CMakeFiles/blackpill_v5.dir/Core/Src/main.c.obj
 .ARM.attributes
                0x0000000000000154       0x34 CMakeFiles/blackpill_v5.dir/Core/Src/gpio.c.obj
 .ARM.attributes
                0x0000000000000188       0x34 CMakeFiles/blackpill_v5.dir/Core/Src/i2c.c.obj
 .ARM.attributes
                0x00000000000001bc       0x34 CMakeFiles/blackpill_v5.dir/Core/Src/stm32f4xx_it.c.obj
 .ARM.attributes
                0x00000000000001f0       0x34 CMakeFiles/blackpill_v5.dir/Core/Src/stm32f4xx_hal_msp.c.obj
 .ARM.attributes
                0x0000000000000224       0x34 CMakeFiles/blackpill_v5.dir/USB_DEVICE/App/usb_device.c.obj
 .ARM.attributes
                0x0000000000000258       0x34 CMakeFiles/blackpill_v5.dir/USB_DEVICE/App/usbd_desc.c.obj
 .ARM.attributes
                0x000000000000028c       0x34 CMakeFiles/blackpill_v5.dir/USB_DEVICE/App/usbd_cdc_if.c.obj
 .ARM.attributes
                0x00000000000002c0       0x34 CMakeFiles/blackpill_v5.dir/USB_DEVICE/Target/usbd_conf.c.obj
 .ARM.attributes
                0x00000000000002f4       0x34 CMakeFiles/blackpill_v5.dir/Drivers/STM32F4xx_HAL_Driver/Src/stm32f4xx_hal_pcd.c.obj
 .ARM.attributes
                0x0000000000000328       0x34 CMakeFiles/blackpill_v5.dir/Drivers/STM32F4xx_HAL_Driver/Src/stm32f4xx_hal_pcd_ex.c.obj
 .ARM.attributes
                0x000000000000035c       0x34 CMakeFiles/blackpill_v5.dir/Drivers/STM32F4xx_HAL_Driver/Src/stm32f4xx_ll_usb.c.obj
 .ARM.attributes
                0x0000000000000390       0x34 CMakeFiles/blackpill_v5.dir/Drivers/STM32F4xx_HAL_Driver/Src/stm32f4xx_hal_rcc.c.obj
 .ARM.attributes
                0x00000000000003c4       0x34 CMakeFiles/blackpill_v5.dir/Drivers/STM32F4xx_HAL_Driver/Src/stm32f4xx_hal_gpio.c.obj
 .ARM.attributes
                0x00000000000003f8       0x34 CMakeFiles/blackpill_v5.dir/Drivers/STM32F4xx_HAL_Driver/Src/stm32f4xx_hal_cortex.c.obj
 .ARM.attributes
                0x000000000000042c       0x34 CMakeFiles/blackpill_v5.dir/Drivers/STM32F4xx_HAL_Driver/Src/stm32f4xx_hal.c.obj
 .ARM.attributes
                0x0000000000000460       0x34 CMakeFiles/blackpill_v5.dir/Drivers/STM32F4xx_HAL_Driver/Src/stm32f4xx_hal_i2c.c.obj
 .ARM.attributes
                0x0000000000000494       0x34 CMakeFiles/blackpill_v5.dir/Core/Src/system_stm32f4xx.c.obj
 .ARM.attributes
                0x00000000000004c8       0x34 CMakeFiles/blackpill_v5.dir/Middlewares/ST/STM32_USB_Device_Library/Core/Src/usbd_core.c.obj
 .ARM.attributes
                0x00000000000004fc       0x34 CMakeFiles/blackpill_v5.dir/Middlewares/ST/STM32_USB_Device_Library/Core/Src/usbd_ctlreq.c.obj
 .ARM.attributes
                0x0000000000000530       0x34 CMakeFiles/blackpill_v5.dir/Middlewares/ST/STM32_USB_Device_Library/Core/Src/usbd_ioreq.c.obj
 .ARM.attributes
                0x0000000000000564       0x34 CMakeFiles/blackpill_v5.dir/Middlewares/ST/STM32_USB_Device_Library/Class/CDC/Src/usbd_cdc.c.obj
 .ARM.attributes
                0x0000000000000598       0x34 CMakeFiles/blackpill_v5.dir/Core/Src/sysmem.c.obj
 .ARM.attributes
                0x00000000000005cc       0x21 CMakeFiles/blackpill_v5.dir/startup_stm32f411xe.s.obj
 .ARM.attributes
                0x00000000000005ed       0x1e /usr/lib/gcc/arm-none-eabi/10.3.1/thumb/v7e-m+fp/hard/libgcc.a(_arm_addsubdf3.o)
 .ARM.attributes
                0x000000000000060b       0x1e /usr/lib/gcc/arm-none-eabi/10.3.1/thumb/v7e-m+fp/hard/libgcc.a(_aeabi_uldivmod.o)
 .ARM.attributes
                0x0000000000000629       0x34 /usr/lib/gcc/arm-none-eabi/10.3.1/thumb/v7e-m+fp/hard/libgcc.a(_udivmoddi4.o)
 .ARM.attributes
                0x000000000000065d       0x1e /usr/lib/gcc/arm-none-eabi/10.3.1/thumb/v7e-m+fp/hard/libgcc.a(_dvmd_tls.o)
 .ARM.attributes
                0x000000000000067b       0x34 /usr/lib/gcc/arm-none-eabi/10.3.1/../../../arm-none-eabi/lib/thumb/v7e-m+fp/hard/libg_nano.a(lib_a-errno.o)
 .ARM.attributes
                0x00000000000006af       0x34 /usr/lib/gcc/arm-none-eabi/10.3.1/../../../arm-none-eabi/lib/thumb/v7e-m+fp/hard/libg_nano.a(lib_a-snprintf.o)
 .ARM.attributes
                0x00000000000006e3       0x34 /usr/lib/gcc/arm-none-eabi/10.3.1/../../../arm-none-eabi/lib/thumb/v7e-m+fp/hard/libg_nano.a(lib_a-sprintf.o)
 .ARM.attributes
                0x0000000000000717       0x1c /usr/lib/gcc/arm-none-eabi/10.3.1/../../../arm-none-eabi/lib/thumb/v7e-m+fp/hard/libg_nano.a(lib_a-strlen.o)
 .ARM.attributes
                0x0000000000000733       0x34 /usr/lib/gcc/arm-none-eabi/10.3.1/../../../arm-none-eabi/lib/thumb/v7e-m+fp/hard/libg_nano.a(lib_a-nano-svfprintf.o)
 .ARM.attributes
                0x0000000000000767       0x34 /usr/lib/gcc/arm-none-eabi/10.3.1/../../../arm-none-eabi/lib/thumb/v7e-m+fp/hard/libg_nano.a(lib_a-nano-vfprintf_i.o)
 .ARM.attributes
                0x000000000000079b       0x1c /usr/lib/gcc/arm-none-eabi/10.3.1/../../../arm-none-eabi/lib/thumb/v7e-m+fp/hard/libg_nano.a(lib_a-memchr.o)
 .ARM.attributes
                0x00000000000007b7       0x1c /usr/lib/gcc/arm-none-eabi/10.3.1/../../../arm-none-eabi/lib/thumb/v7e-m+fp/hard/libg_nano.a(lib_a-memcpy.o)
 .ARM.attributes
                0x00000000000007d3       0x34 /usr/lib/gcc/arm-none-eabi/10.3.1/../../../arm-none-eabi/lib/thumb/v7e-m+fp/hard/libg_nano.a(lib_a-memmove.o)
 .ARM.attributes
                0x0000000000000807       0x34 /usr/lib/gcc/arm-none-eabi/10.3.1/../../../arm-none-eabi/lib/thumb/v7e-m+fp/hard/libg_nano.a(lib_a-nano-freer.o)
 .ARM.attributes
                0x000000000000083b       0x34 /usr/lib/gcc/arm-none-eabi/10.3.1/../../../arm-none-eabi/lib/thumb/v7e-m+fp/hard/libg_nano.a(lib_a-nano-mallocr.o)
 .ARM.attributes
                0x000000000000086f       0x34 /usr/lib/gcc/arm-none-eabi/10.3.1/../../../arm-none-eabi/lib/thumb/v7e-m+fp/hard/libg_nano.a(lib_a-nano-reallocr.o)
 .ARM.attributes
                0x00000000000008a3       0x34 /usr/lib/gcc/arm-none-eabi/10.3.1/../../../arm-none-eabi/lib/thumb/v7e-m+fp/hard/libg_nano.a(lib_a-sbrkr.o)
 .ARM.attributes
                0x00000000000008d7       0x34 /usr/lib/gcc/arm-none-eabi/10.3.1/../../../arm-none-eabi/lib/thumb/v7e-m+fp/hard/libg_nano.a(lib_a-mlock.o)
 .ARM.attributes
                0x000000000000090b       0x34 /usr/lib/gcc/arm-none-eabi/10.3.1/../../../arm-none-eabi/lib/thumb/v7e-m+fp/hard/libg_nano.a(lib_a-nano-msizer.o)
 .ARM.attributes
                0x000000000000093f       0x34 /usr/lib/gcc/arm-none-eabi/10.3.1/../../../arm-none-eabi/lib/thumb/v7e-m+fp/hard/libg_nano.a(lib_a-reent.o)
 .ARM.attributes
                0x0000000000000973       0x32 /usr/lib/gcc/arm-none-eabi/10.3.1/thumb/v7e-m+fp/hard/crtend.o
 .ARM.attributes
                0x00000000000009a5       0x1e /usr/lib/gcc/arm-none-eabi/10.3.1/thumb/v7e-m+fp/hard/crtn.o
OUTPUT(blackpill_v5.elf elf32-littlearm)
LOAD linker stubs
LOAD /usr/lib/gcc/arm-none-eabi/10.3.1/../../../arm-none-eabi/lib/thumb/v7e-m+fp/hard/libc.a
LOAD /usr/lib/gcc/arm-none-eabi/10.3.1/../../../arm-none-eabi/lib/thumb/v7e-m+fp/hard/libm.a
LOAD /usr/lib/gcc/arm-none-eabi/10.3.1/thumb/v7e-m+fp/hard/libgcc.a

.comment        0x0000000000000000       0x33
 .comment       0x0000000000000000       0x33 /usr/lib/gcc/arm-none-eabi/10.3.1/thumb/v7e-m+fp/hard/crtbegin.o
                                         0x34 (size before relaxing)
 .comment       0x0000000000000033       0x34 /usr/lib/gcc/arm-none-eabi/10.3.1/../../../arm-none-eabi/lib/thumb/v7e-m+fp/hard/libc_nano.a(lib_a-impure.o)
 .comment       0x0000000000000033       0x34 /usr/lib/gcc/arm-none-eabi/10.3.1/../../../arm-none-eabi/lib/thumb/v7e-m+fp/hard/libc_nano.a(lib_a-init.o)
 .comment       0x0000000000000033       0x34 /usr/lib/gcc/arm-none-eabi/10.3.1/../../../arm-none-eabi/lib/thumb/v7e-m+fp/hard/libc_nano.a(lib_a-memset.o)
 .comment       0x0000000000000033       0x34 CMakeFiles/blackpill_v5.dir/Core/Src/ads1115.c.obj
 .comment       0x0000000000000033       0x34 CMakeFiles/blackpill_v5.dir/Core/Src/main.c.obj
 .comment       0x0000000000000033       0x34 CMakeFiles/blackpill_v5.dir/Core/Src/gpio.c.obj
 .comment       0x0000000000000033       0x34 CMakeFiles/blackpill_v5.dir/Core/Src/i2c.c.obj
 .comment       0x0000000000000033       0x34 CMakeFiles/blackpill_v5.dir/Core/Src/stm32f4xx_it.c.obj
 .comment       0x0000000000000033       0x34 CMakeFiles/blackpill_v5.dir/Core/Src/stm32f4xx_hal_msp.c.obj
 .comment       0x0000000000000033       0x34 CMakeFiles/blackpill_v5.dir/USB_DEVICE/App/usb_device.c.obj
 .comment       0x0000000000000033       0x34 CMakeFiles/blackpill_v5.dir/USB_DEVICE/App/usbd_desc.c.obj
 .comment       0x0000000000000033       0x34 CMakeFiles/blackpill_v5.dir/USB_DEVICE/App/usbd_cdc_if.c.obj
 .comment       0x0000000000000033       0x34 CMakeFiles/blackpill_v5.dir/USB_DEVICE/Target/usbd_conf.c.obj
 .comment       0x0000000000000033       0x34 CMakeFiles/blackpill_v5.dir/Drivers/STM32F4xx_HAL_Driver/Src/stm32f4xx_hal_pcd.c.obj
 .comment       0x0000000000000033       0x34 CMakeFiles/blackpill_v5.dir/Drivers/STM32F4xx_HAL_Driver/Src/stm32f4xx_hal_pcd_ex.c.obj
 .comment       0x0000000000000033       0x34 CMakeFiles/blackpill_v5.dir/Drivers/STM32F4xx_HAL_Driver/Src/stm32f4xx_ll_usb.c.obj
 .comment       0x0000000000000033       0x34 CMakeFiles/blackpill_v5.dir/Drivers/STM32F4xx_HAL_Driver/Src/stm32f4xx_hal_rcc.c.obj
 .comment       0x0000000000000033       0x34 CMakeFiles/blackpill_v5.dir/Drivers/STM32F4xx_HAL_Driver/Src/stm32f4xx_hal_gpio.c.obj
 .comment       0x0000000000000033       0x34 CMakeFiles/blackpill_v5.dir/Drivers/STM32F4xx_HAL_Driver/Src/stm32f4xx_hal_cortex.c.obj
 .comment       0x0000000000000033       0x34 CMakeFiles/blackpill_v5.dir/Drivers/STM32F4xx_HAL_Driver/Src/stm32f4xx_hal.c.obj
 .comment       0x0000000000000033       0x34 CMakeFiles/blackpill_v5.dir/Drivers/STM32F4xx_HAL_Driver/Src/stm32f4xx_hal_i2c.c.obj
 .comment       0x0000000000000033       0x34 CMakeFiles/blackpill_v5.dir/Core/Src/system_stm32f4xx.c.obj
 .comment       0x0000000000000033       0x34 CMakeFiles/blackpill_v5.dir/Middlewares/ST/STM32_USB_Device_Library/Core/Src/usbd_core.c.obj
 .comment       0x0000000000000033       0x34 CMakeFiles/blackpill_v5.dir/Middlewares/ST/STM32_USB_Device_Library/Core/Src/usbd_ctlreq.c.obj
 .comment       0x0000000000000033       0x34 CMakeFiles/blackpill_v5.dir/Middlewares/ST/STM32_USB_Device_Library/Core/Src/usbd_ioreq.c.obj
 .comment       0x0000000000000033       0x34 CMakeFiles/blackpill_v5.dir/Middlewares/ST/STM32_USB_Device_Library/Class/CDC/Src/usbd_cdc.c.obj
 .comment       0x0000000000000033       0x34 CMakeFiles/blackpill_v5.dir/Core/Src/sysmem.c.obj
 .comment       0x0000000000000033       0x34 /usr/lib/gcc/arm-none-eabi/10.3.1/thumb/v7e-m+fp/hard/libgcc.a(_udivmoddi4.o)
 .comment       0x0000000000000033       0x34 /usr/lib/gcc/arm-none-eabi/10.3.1/../../../arm-none-eabi/lib/thumb/v7e-m+fp/hard/libg_nano.a(lib_a-errno.o)
 .comment       0x0000000000000033       0x34 /usr/lib/gcc/arm-none-eabi/10.3.1/../../../arm-none-eabi/lib/thumb/v7e-m+fp/hard/libg_nano.a(lib_a-snprintf.o)
 .comment       0x0000000000000033       0x34 /usr/lib/gcc/arm-none-eabi/10.3.1/../../../arm-none-eabi/lib/thumb/v7e-m+fp/hard/libg_nano.a(lib_a-sprintf.o)
 .comment       0x0000000000000033       0x34 /usr/lib/gcc/arm-none-eabi/10.3.1/../../../arm-none-eabi/lib/thumb/v7e-m+fp/hard/libg_nano.a(lib_a-nano-svfprintf.o)
 .comment       0x0000000000000033       0x34 /usr/lib/gcc/arm-none-eabi/10.3.1/../../../arm-none-eabi/lib/thumb/v7e-m+fp/hard/libg_nano.a(lib_a-nano-vfprintf_i.o)
 .comment       0x0000000000000033       0x34 /usr/lib/gcc/arm-none-eabi/10.3.1/../../../arm-none-eabi/lib/thumb/v7e-m+fp/hard/libg_nano.a(lib_a-memmove.o)
 .comment       0x0000000000000033       0x34 /usr/lib/gcc/arm-none-eabi/10.3.1/../../../arm-none-eabi/lib/thumb/v7e-m+fp/hard/libg_nano.a(lib_a-nano-freer.o)
 .comment       0x0000000000000033       0x34 /usr/lib/gcc/arm-none-eabi/10.3.1/../../../arm-none-eabi/lib/thumb/v7e-m+fp/hard/libg_nano.a(lib_a-nano-mallocr.o)
 .comment       0x0000000000000033       0x34 /usr/lib/gcc/arm-none-eabi/10.3.1/../../../arm-none-eabi/lib/thumb/v7e-m+fp/hard/libg_nano.a(lib_a-nano-reallocr.o)
 .comment       0x0000000000000033       0x34 /usr/lib/gcc/arm-none-eabi/10.3.1/../../../arm-none-eabi/lib/thumb/v7e-m+fp/hard/libg_nano.a(lib_a-sbrkr.o)
 .comment       0x0000000000000033       0x34 /usr/lib/gcc/arm-none-eabi/10.3.1/../../../arm-none-eabi/lib/thumb/v7e-m+fp/hard/libg_nano.a(lib_a-mlock.o)
 .comment       0x0000000000000033       0x34 /usr/lib/gcc/arm-none-eabi/10.3.1/../../../arm-none-eabi/lib/thumb/v7e-m+fp/hard/libg_nano.a(lib_a-nano-msizer.o)
 .comment       0x0000000000000033       0x34 /usr/lib/gcc/arm-none-eabi/10.3.1/../../../arm-none-eabi/lib/thumb/v7e-m+fp/hard/libg_nano.a(lib_a-reent.o)
 .comment       0x0000000000000033       0x34 /usr/lib/gcc/arm-none-eabi/10.3.1/thumb/v7e-m+fp/hard/crtend.o

.debug_info     0x0000000000000000    0x1a1b7
 .debug_info    0x0000000000000000      0x863 /usr/lib/gcc/arm-none-eabi/10.3.1/../../../arm-none-eabi/lib/thumb/v7e-m+fp/hard/libc_nano.a(lib_a-impure.o)
 .debug_info    0x0000000000000863      0x11a /usr/lib/gcc/arm-none-eabi/10.3.1/../../../arm-none-eabi/lib/thumb/v7e-m+fp/hard/libc_nano.a(lib_a-init.o)
 .debug_info    0x000000000000097d      0x137 /usr/lib/gcc/arm-none-eabi/10.3.1/../../../arm-none-eabi/lib/thumb/v7e-m+fp/hard/libc_nano.a(lib_a-memset.o)
 .debug_info    0x0000000000000ab4      0xad0 CMakeFiles/blackpill_v5.dir/Core/Src/ads1115.c.obj
 .debug_info    0x0000000000001584      0xcb4 CMakeFiles/blackpill_v5.dir/Core/Src/main.c.obj
 .debug_info    0x0000000000002238      0x43a CMakeFiles/blackpill_v5.dir/Core/Src/gpio.c.obj
 .debug_info    0x0000000000002672      0x9b7 CMakeFiles/blackpill_v5.dir/Core/Src/i2c.c.obj
 .debug_info    0x0000000000003029      0x623 CMakeFiles/blackpill_v5.dir/Core/Src/stm32f4xx_it.c.obj
 .debug_info    0x000000000000364c      0x2c8 CMakeFiles/blackpill_v5.dir/Core/Src/stm32f4xx_hal_msp.c.obj
 .debug_info    0x0000000000003914      0x6ad CMakeFiles/blackpill_v5.dir/USB_DEVICE/App/usb_device.c.obj
 .debug_info    0x0000000000003fc1      0x47c CMakeFiles/blackpill_v5.dir/USB_DEVICE/App/usbd_desc.c.obj
 .debug_info    0x000000000000443d      0x902 CMakeFiles/blackpill_v5.dir/USB_DEVICE/App/usbd_cdc_if.c.obj
 .debug_info    0x0000000000004d3f     0x192d CMakeFiles/blackpill_v5.dir/USB_DEVICE/Target/usbd_conf.c.obj
 .debug_info    0x000000000000666c     0x12fb CMakeFiles/blackpill_v5.dir/Drivers/STM32F4xx_HAL_Driver/Src/stm32f4xx_hal_pcd.c.obj
 .debug_info    0x0000000000007967      0x70b CMakeFiles/blackpill_v5.dir/Drivers/STM32F4xx_HAL_Driver/Src/stm32f4xx_hal_pcd_ex.c.obj
 .debug_info    0x0000000000008072     0x1b07 CMakeFiles/blackpill_v5.dir/Drivers/STM32F4xx_HAL_Driver/Src/stm32f4xx_ll_usb.c.obj
 .debug_info    0x0000000000009b79      0x918 CMakeFiles/blackpill_v5.dir/Drivers/STM32F4xx_HAL_Driver/Src/stm32f4xx_hal_rcc.c.obj
 .debug_info    0x000000000000a491      0x76a CMakeFiles/blackpill_v5.dir/Drivers/STM32F4xx_HAL_Driver/Src/stm32f4xx_hal_gpio.c.obj
 .debug_info    0x000000000000abfb      0xdaf CMakeFiles/blackpill_v5.dir/Drivers/STM32F4xx_HAL_Driver/Src/stm32f4xx_hal_cortex.c.obj
 .debug_info    0x000000000000b9aa      0x8ae CMakeFiles/blackpill_v5.dir/Drivers/STM32F4xx_HAL_Driver/Src/stm32f4xx_hal.c.obj
 .debug_info    0x000000000000c258     0x259f CMakeFiles/blackpill_v5.dir/Drivers/STM32F4xx_HAL_Driver/Src/stm32f4xx_hal_i2c.c.obj
 .debug_info    0x000000000000e7f7      0x537 CMakeFiles/blackpill_v5.dir/Core/Src/system_stm32f4xx.c.obj
 .debug_info    0x000000000000ed2e      0xd56 CMakeFiles/blackpill_v5.dir/Middlewares/ST/STM32_USB_Device_Library/Core/Src/usbd_core.c.obj
 .debug_info    0x000000000000fa84      0xa71 CMakeFiles/blackpill_v5.dir/Middlewares/ST/STM32_USB_Device_Library/Core/Src/usbd_ctlreq.c.obj
 .debug_info    0x00000000000104f5      0x775 CMakeFiles/blackpill_v5.dir/Middlewares/ST/STM32_USB_Device_Library/Core/Src/usbd_ioreq.c.obj
 .debug_info    0x0000000000010c6a     0x11b9 CMakeFiles/blackpill_v5.dir/Middlewares/ST/STM32_USB_Device_Library/Class/CDC/Src/usbd_cdc.c.obj
 .debug_info    0x0000000000011e23      0x147 CMakeFiles/blackpill_v5.dir/Core/Src/sysmem.c.obj
 .debug_info    0x0000000000011f6a       0x22 CMakeFiles/blackpill_v5.dir/startup_stm32f411xe.s.obj
 .debug_info    0x0000000000011f8c       0x26 /usr/lib/gcc/arm-none-eabi/10.3.1/thumb/v7e-m+fp/hard/libgcc.a(_arm_addsubdf3.o)
 .debug_info    0x0000000000011fb2       0x26 /usr/lib/gcc/arm-none-eabi/10.3.1/thumb/v7e-m+fp/hard/libgcc.a(_aeabi_uldivmod.o)
 .debug_info    0x0000000000011fd8      0x717 /usr/lib/gcc/arm-none-eabi/10.3.1/thumb/v7e-m+fp/hard/libgcc.a(_udivmoddi4.o)
 .debug_info    0x00000000000126ef       0x26 /usr/lib/gcc/arm-none-eabi/10.3.1/thumb/v7e-m+fp/hard/libgcc.a(_dvmd_tls.o)
 .debug_info    0x0000000000012715      0x7ae /usr/lib/gcc/arm-none-eabi/10.3.1/../../../arm-none-eabi/lib/thumb/v7e-m+fp/hard/libg_nano.a(lib_a-errno.o)
 .debug_info    0x0000000000012ec3      0x9b5 /usr/lib/gcc/arm-none-eabi/10.3.1/../../../arm-none-eabi/lib/thumb/v7e-m+fp/hard/libg_nano.a(lib_a-snprintf.o)
 .debug_info    0x0000000000013878      0x926 /usr/lib/gcc/arm-none-eabi/10.3.1/../../../arm-none-eabi/lib/thumb/v7e-m+fp/hard/libg_nano.a(lib_a-sprintf.o)
 .debug_info    0x000000000001419e       0x26 /usr/lib/gcc/arm-none-eabi/10.3.1/../../../arm-none-eabi/lib/thumb/v7e-m+fp/hard/libg_nano.a(lib_a-strlen.o)
 .debug_info    0x00000000000141c4     0x10d5 /usr/lib/gcc/arm-none-eabi/10.3.1/../../../arm-none-eabi/lib/thumb/v7e-m+fp/hard/libg_nano.a(lib_a-nano-svfprintf.o)
 .debug_info    0x0000000000015299      0xe9e /usr/lib/gcc/arm-none-eabi/10.3.1/../../../arm-none-eabi/lib/thumb/v7e-m+fp/hard/libg_nano.a(lib_a-nano-vfprintf_i.o)
 .debug_info    0x0000000000016137       0x26 /usr/lib/gcc/arm-none-eabi/10.3.1/../../../arm-none-eabi/lib/thumb/v7e-m+fp/hard/libg_nano.a(lib_a-memchr.o)
 .debug_info    0x000000000001615d       0x26 /usr/lib/gcc/arm-none-eabi/10.3.1/../../../arm-none-eabi/lib/thumb/v7e-m+fp/hard/libg_nano.a(lib_a-memcpy.o)
 .debug_info    0x0000000000016183      0x152 /usr/lib/gcc/arm-none-eabi/10.3.1/../../../arm-none-eabi/lib/thumb/v7e-m+fp/hard/libg_nano.a(lib_a-memmove.o)
 .debug_info    0x00000000000162d5      0x903 /usr/lib/gcc/arm-none-eabi/10.3.1/../../../arm-none-eabi/lib/thumb/v7e-m+fp/hard/libg_nano.a(lib_a-nano-freer.o)
 .debug_info    0x0000000000016bd8      0xa0c /usr/lib/gcc/arm-none-eabi/10.3.1/../../../arm-none-eabi/lib/thumb/v7e-m+fp/hard/libg_nano.a(lib_a-nano-mallocr.o)
 .debug_info    0x00000000000175e4      0x911 /usr/lib/gcc/arm-none-eabi/10.3.1/../../../arm-none-eabi/lib/thumb/v7e-m+fp/hard/libg_nano.a(lib_a-nano-reallocr.o)
 .debug_info    0x0000000000017ef5      0x828 /usr/lib/gcc/arm-none-eabi/10.3.1/../../../arm-none-eabi/lib/thumb/v7e-m+fp/hard/libg_nano.a(lib_a-sbrkr.o)
 .debug_info    0x000000000001871d      0x7dc /usr/lib/gcc/arm-none-eabi/10.3.1/../../../arm-none-eabi/lib/thumb/v7e-m+fp/hard/libg_nano.a(lib_a-mlock.o)
 .debug_info    0x0000000000018ef9      0x840 /usr/lib/gcc/arm-none-eabi/10.3.1/../../../arm-none-eabi/lib/thumb/v7e-m+fp/hard/libg_nano.a(lib_a-nano-msizer.o)
 .debug_info    0x0000000000019739      0xa7e /usr/lib/gcc/arm-none-eabi/10.3.1/../../../arm-none-eabi/lib/thumb/v7e-m+fp/hard/libg_nano.a(lib_a-reent.o)

.debug_abbrev   0x0000000000000000     0x4c6c
 .debug_abbrev  0x0000000000000000      0x151 /usr/lib/gcc/arm-none-eabi/10.3.1/../../../arm-none-eabi/lib/thumb/v7e-m+fp/hard/libc_nano.a(lib_a-impure.o)
 .debug_abbrev  0x0000000000000151       0xcc /usr/lib/gcc/arm-none-eabi/10.3.1/../../../arm-none-eabi/lib/thumb/v7e-m+fp/hard/libc_nano.a(lib_a-init.o)
 .debug_abbrev  0x000000000000021d       0xb4 /usr/lib/gcc/arm-none-eabi/10.3.1/../../../arm-none-eabi/lib/thumb/v7e-m+fp/hard/libc_nano.a(lib_a-memset.o)
 .debug_abbrev  0x00000000000002d1      0x25f CMakeFiles/blackpill_v5.dir/Core/Src/ads1115.c.obj
 .debug_abbrev  0x0000000000000530      0x20e CMakeFiles/blackpill_v5.dir/Core/Src/main.c.obj
 .debug_abbrev  0x000000000000073e      0x121 CMakeFiles/blackpill_v5.dir/Core/Src/gpio.c.obj
 .debug_abbrev  0x000000000000085f      0x1a1 CMakeFiles/blackpill_v5.dir/Core/Src/i2c.c.obj
 .debug_abbrev  0x0000000000000a00      0x16a CMakeFiles/blackpill_v5.dir/Core/Src/stm32f4xx_it.c.obj
 .debug_abbrev  0x0000000000000b6a       0xd4 CMakeFiles/blackpill_v5.dir/Core/Src/stm32f4xx_hal_msp.c.obj
 .debug_abbrev  0x0000000000000c3e      0x160 CMakeFiles/blackpill_v5.dir/USB_DEVICE/App/usb_device.c.obj
 .debug_abbrev  0x0000000000000d9e      0x1c5 CMakeFiles/blackpill_v5.dir/USB_DEVICE/App/usbd_desc.c.obj
 .debug_abbrev  0x0000000000000f63      0x279 CMakeFiles/blackpill_v5.dir/USB_DEVICE/App/usbd_cdc_if.c.obj
 .debug_abbrev  0x00000000000011dc      0x2c0 CMakeFiles/blackpill_v5.dir/USB_DEVICE/Target/usbd_conf.c.obj
 .debug_abbrev  0x000000000000149c      0x25c CMakeFiles/blackpill_v5.dir/Drivers/STM32F4xx_HAL_Driver/Src/stm32f4xx_hal_pcd.c.obj
 .debug_abbrev  0x00000000000016f8      0x1ce CMakeFiles/blackpill_v5.dir/Drivers/STM32F4xx_HAL_Driver/Src/stm32f4xx_hal_pcd_ex.c.obj
 .debug_abbrev  0x00000000000018c6      0x281 CMakeFiles/blackpill_v5.dir/Drivers/STM32F4xx_HAL_Driver/Src/stm32f4xx_ll_usb.c.obj
 .debug_abbrev  0x0000000000001b47      0x262 CMakeFiles/blackpill_v5.dir/Drivers/STM32F4xx_HAL_Driver/Src/stm32f4xx_hal_rcc.c.obj
 .debug_abbrev  0x0000000000001da9      0x1c4 CMakeFiles/blackpill_v5.dir/Drivers/STM32F4xx_HAL_Driver/Src/stm32f4xx_hal_gpio.c.obj
 .debug_abbrev  0x0000000000001f6d      0x30d CMakeFiles/blackpill_v5.dir/Drivers/STM32F4xx_HAL_Driver/Src/stm32f4xx_hal_cortex.c.obj